Component: Arm Compiler for Embedded 6.19 Tool: armlink [5e73cb00]

==============================================================================

Section Cross References

    main.o(.text.main) refers to util.o(.text.clockInit) for clockInit
    main.o(.text.main) refers to uart.o(.text.init_UART1) for init_UART1
    main.o(.text.main) refers to adc.o(.text.initializeADC) for initializeADC
    main.o(.text.main) refers to irsensor.o(.text.initIRSensorpins) for initIRSensorpins
    main.o(.text.main) refers to irsensor.o(.text.initSolenoidPins) for initSolenoidPins
    main.o(.text.main) refers to i2c.o(.text.i2c_init) for i2c_init
    main.o(.text.main) refers to i2c_lcd_driver.o(.text.lcd_init) for lcd_init
    main.o(.text.main) refers to pwm.o(.text.tim3GpioSetup) for tim3GpioSetup
    main.o(.text.main) refers to interrupt.o(.text.sysTickInit) for sysTickInit
    main.o(.text.main) refers to adc.o(.text.readTemp) for readTemp
    main.o(.text.main) refers to i2c_lcd_driver.o(.text.lcd_write_cmd) for lcd_write_cmd
    main.o(.text.main) refers to main.o(.rodata.str1.1) for .L.str
    main.o(.text.main) refers to i2c_lcd_driver.o(.text.stringToLCD) for stringToLCD
    main.o(.text.main) refers to ffix.o(x$fpl$ffix) for __aeabi_f2iz
    main.o(.text.main) refers to i2c_lcd_driver.o(.text.intToLCD) for intToLCD
    main.o(.text.main) refers to irsensor.o(.text.read_IR) for read_IR
    main.o(.text.main) refers to util.o(.text.delay) for delay
    main.o(.text.main) refers to pwm.o(.text.updateDutyCycle) for updateDutyCycle
    main.o(.text.main) refers to util.o(.text.sleep_ms) for sleep_ms
    main.o(.ARM.exidx.text.main) refers to main.o(.text.main) for [Anonymous Symbol]
    adc.o(.ARM.exidx.text.initializeADC) refers to adc.o(.text.initializeADC) for [Anonymous Symbol]
    adc.o(.ARM.exidx.text.adc_Read) refers to adc.o(.text.adc_Read) for [Anonymous Symbol]
    adc.o(.text.readTemp) refers to adc.o(.text.adc_Read) for adc_Read
    adc.o(.text.readTemp) refers to fflt_clz.o(x$fpl$fflt) for __aeabi_i2f
    adc.o(.text.readTemp) refers to f2d.o(x$fpl$f2d) for __aeabi_f2d
    adc.o(.text.readTemp) refers to ddiv.o(x$fpl$ddiv) for __aeabi_ddiv
    adc.o(.text.readTemp) refers to d2f.o(x$fpl$d2f) for __aeabi_d2f
    adc.o(.text.readTemp) refers to fmul.o(x$fpl$fmul) for __aeabi_fmul
    adc.o(.text.readTemp) refers to faddsub_clz.o(x$fpl$fadd) for __aeabi_fadd
    adc.o(.text.readTemp) refers to dmul.o(x$fpl$dmul) for __aeabi_dmul
    adc.o(.ARM.exidx.text.readTemp) refers to adc.o(.text.readTemp) for [Anonymous Symbol]
    functions.o(.ARM.exidx.text.read_DIP) refers to functions.o(.text.read_DIP) for [Anonymous Symbol]
    functions.o(.ARM.exidx.text.drive_LED) refers to functions.o(.text.drive_LED) for [Anonymous Symbol]
    functions.o(.ARM.exidx.text.drive_LED_Binary) refers to functions.o(.text.drive_LED_Binary) for [Anonymous Symbol]
    functions.o(.text.routine1) refers to functions.o(.text.drive_LED) for drive_LED
    functions.o(.text.routine1) refers to util.o(.text.delay) for delay
    functions.o(.ARM.exidx.text.routine1) refers to functions.o(.text.routine1) for [Anonymous Symbol]
    functions.o(.text.routine2) refers to functions.o(.text.drive_LED) for drive_LED
    functions.o(.text.routine2) refers to util.o(.text.delay) for delay
    functions.o(.ARM.exidx.text.routine2) refers to functions.o(.text.routine2) for [Anonymous Symbol]
    functions.o(.text.routine3) refers to functions.o(.text.drive_LED_Binary) for drive_LED_Binary
    functions.o(.text.routine3) refers to util.o(.text.delay) for delay
    functions.o(.ARM.exidx.text.routine3) refers to functions.o(.text.routine3) for [Anonymous Symbol]
    functions.o(.text.routine4) refers to functions.o(.text.drive_LED_Binary) for drive_LED_Binary
    functions.o(.text.routine4) refers to util.o(.text.delay) for delay
    functions.o(.ARM.exidx.text.routine4) refers to functions.o(.text.routine4) for [Anonymous Symbol]
    gpio.o(.ARM.exidx.text.switch_IO_Init) refers to gpio.o(.text.switch_IO_Init) for [Anonymous Symbol]
    gpio.o(.ARM.exidx.text.led_GPIO_Init) refers to gpio.o(.text.led_GPIO_Init) for [Anonymous Symbol]
    interrupt.o(.ARM.exidx.text.sysTickInit) refers to interrupt.o(.text.sysTickInit) for [Anonymous Symbol]
    interrupt.o(.ARM.exidx.text.ISR1) refers to interrupt.o(.text.ISR1) for [Anonymous Symbol]
    interrupt.o(.ARM.exidx.text.EXTI_Init) refers to interrupt.o(.text.EXTI_Init) for [Anonymous Symbol]
    pwm.o(.ARM.exidx.text.tim3GpioSetup) refers to pwm.o(.text.tim3GpioSetup) for [Anonymous Symbol]
    pwm.o(.ARM.exidx.text.updateDutyCycle) refers to pwm.o(.text.updateDutyCycle) for [Anonymous Symbol]
    uart.o(.ARM.exidx.text.init_UART1) refers to uart.o(.text.init_UART1) for [Anonymous Symbol]
    uart.o(.ARM.exidx.text.USART1_SendChar) refers to uart.o(.text.USART1_SendChar) for [Anonymous Symbol]
[...]
    ../clib/printf.c                         0x00000000   Number         0  _printf_fp_hex.o ABSOLUTE
    ../clib/printf.c                         0x00000000   Number         0  __printf_nopercent.o ABSOLUTE
    ../clib/printf.c                         0x00000000   Number         0  _printf_char.o ABSOLUTE
    ../clib/printf.c                         0x00000000   Number         0  _printf_wchar.o ABSOLUTE
    ../clib/printf.c                         0x00000000   Number         0  _printf_fp_infnan.o ABSOLUTE
    ../clib/printf_percent.s                 0x00000000   Number         0  _printf_c.o ABSOLUTE
    ../clib/printf_percent.s                 0x00000000   Number         0  _printf_s.o ABSOLUTE
    ../clib/printf_percent.s                 0x00000000   Number         0  _printf_n.o ABSOLUTE
    ../clib/printf_percent.s                 0x00000000   Number         0  _printf_x.o ABSOLUTE
    ../clib/printf_percent.s                 0x00000000   Number         0  _printf_p.o ABSOLUTE
    ../clib/printf_percent.s                 0x00000000   Number         0  _printf_o.o ABSOLUTE
    ../clib/printf_percent.s                 0x00000000   Number         0  _printf_i.o ABSOLUTE
    ../clib/printf_percent.s                 0x00000000   Number         0  _printf_d.o ABSOLUTE
    ../clib/printf_percent.s                 0x00000000   Number         0  _printf_u.o ABSOLUTE
    ../clib/printf_percent.s                 0x00000000   Number         0  _printf_f.o ABSOLUTE
    ../clib/printf_percent.s                 0x00000000   Number         0  _printf_e.o ABSOLUTE
    ../clib/printf_percent.s                 0x00000000   Number         0  _printf_g.o ABSOLUTE
    ../clib/printf_percent.s                 0x00000000   Number         0  _printf_a.o ABSOLUTE
    ../clib/printf_percent.s                 0x00000000   Number         0  _printf_percent.o ABSOLUTE
    ../clib/printf_percent.s                 0x00000000   Number         0  _printf_lli.o ABSOLUTE
    ../clib/printf_percent.s                 0x00000000   Number         0  _printf_lld.o ABSOLUTE
    ../clib/printf_percent.s                 0x00000000   Number         0  _printf_llu.o ABSOLUTE
    ../clib/printf_percent.s                 0x00000000   Number         0  _printf_ll.o ABSOLUTE
    ../clib/printf_percent.s                 0x00000000   Number         0  _printf_l.o ABSOLUTE
    ../clib/printf_percent.s                 0x00000000   Number         0  _printf_lc.o ABSOLUTE
    ../clib/printf_percent.s                 0x00000000   Number         0  _printf_ls.o ABSOLUTE
    ../clib/printf_percent.s                 0x00000000   Number         0  _printf_llo.o ABSOLUTE
    ../clib/printf_percent.s                 0x00000000   Number         0  _printf_llx.o ABSOLUTE
    ../clib/printf_percent.s                 0x00000000   Number         0  _printf_percent_end.o ABSOLUTE
    ../clib/signal.c                         0x00000000   Number         0  defsig_rtmem_outer.o ABSOLUTE
    ../clib/signal.c                         0x00000000   Number         0  defsig_rtmem_formal.o ABSOLUTE
    ../clib/signal.c                         0x00000000   Number         0  defsig_exit.o ABSOLUTE
    ../clib/signal.c                         0x00000000   Number         0  defsig_rtmem_inner.o ABSOLUTE
    ../clib/signal.c                         0x00000000   Number         0  __raise.o ABSOLUTE
    ../clib/signal.c                         0x00000000   Number         0  defsig_general.o ABSOLUTE
    ../clib/signal.c                         0x00000000   Number         0  defsig_abrt_inner.o ABSOLUTE
    ../clib/signal.c                         0x00000000   Number         0  defsig_fpe_inner.o ABSOLUTE
    ../clib/signal.c                         0x00000000   Number         0  defsig_rtred_inner.o ABSOLUTE
    ../clib/signal.c                         0x00000000   Number         0  defsig_stak_inner.o ABSOLUTE
    ../clib/signal.c                         0x00000000   Number         0  defsig_pvfn_inner.o ABSOLUTE
    ../clib/signal.c                         0x00000000   Number         0  defsig_cppl_inner.o ABSOLUTE
    ../clib/signal.c                         0x00000000   Number         0  defsig_segv_inner.o ABSOLUTE
    ../clib/signal.c                         0x00000000   Number         0  defsig_other.o ABSOLUTE
    ../clib/signal.s                         0x00000000   Number         0  defsig.o ABSOLUTE
    ../clib/stdlib.c                         0x00000000   Number         0  exit.o ABSOLUTE
    ../fplib/d2f.s                           0x00000000   Number         0  d2f.o ABSOLUTE
    ../fplib/ddiv.s                          0x00000000   Number         0  ddiv.o ABSOLUTE
    ../fplib/dmul.s                          0x00000000   Number         0  dmul.o ABSOLUTE
    ../fplib/dnaninf.s                       0x00000000   Number         0  dnaninf.o ABSOLUTE
    ../fplib/dretinf.s                       0x00000000   Number         0  dretinf.o ABSOLUTE
    ../fplib/f2d.s                           0x00000000   Number         0  f2d.o ABSOLUTE
    ../fplib/faddsub.s                       0x00000000   Number         0  faddsub_clz.o ABSOLUTE
    ../fplib/ffix.s                          0x00000000   Number         0  ffix.o ABSOLUTE
    ../fplib/fflt.s                          0x00000000   Number         0  fflt_clz.o ABSOLUTE
    ../fplib/fmul.s                          0x00000000   Number         0  fmul.o ABSOLUTE
    ../fplib/fnaninf.s                       0x00000000   Number         0  fnaninf.o ABSOLUTE
    ../fplib/fpinit.s                        0x00000000   Number         0  fpinit.o ABSOLUTE
    ../fplib/fpinit_empty.s                  0x00000000   Number         0  fpinit_empty.o ABSOLUTE
    ../fplib/fretinf.s                       0x00000000   Number         0  fretinf.o ABSOLUTE
    ../fplib/istatus.s                       0x00000000   Number         0  istatus.o ABSOLUTE
    ../fplib/printf1.s                       0x00000000   Number         0  printf1.o ABSOLUTE
    ../fplib/printf2.s                       0x00000000   Number         0  printf2.o ABSOLUTE
    ../fplib/printf2a.s                      0x00000000   Number         0  printf2a.o ABSOLUTE
    ../fplib/printf2b.s                      0x00000000   Number         0  printf2b.o ABSOLUTE
    ../fplib/usenofp.s                       0x00000000   Number         0  usenofp.o ABSOLUTE
    ../mathlib/fpclassify.c                  0x00000000   Number         0  fpclassify.o ABSOLUTE
    ADC.c                                    0x00000000   Number         0  adc.o ABSOLUTE
    GPIO.c                                   0x00000000   Number         0  gpio.o ABSOLUTE
    IRSensor.c                               0x00000000   Number         0  irsensor.o ABSOLUTE
    Interrupt.c                              0x00000000   Number         0  interrupt.o ABSOLUTE
    PWM.c                                    0x00000000   Number         0  pwm.o ABSOLUTE
    RTE/Device/STM32F103RB/startup_stm32f10x_md.s 0x00000000   Number         0  startup_stm32f10x_md.o ABSOLUTE
    UART.c                                   0x00000000   Number         0  uart.o ABSOLUTE
    dc.s                                     0x00000000   Number         0  dc.o ABSOLUTE
    functions.c                              0x00000000   Number         0  functions.o ABSOLUTE
    i2c.c                                    0x00000000   Number         0  i2c.o ABSOLUTE
    i2c_lcd_driver.c                         0x00000000   Number         0  i2c_lcd_driver.o ABSOLUTE
    main.c                                   0x00000000   Number         0  main.o ABSOLUTE
    system_stm32f10x.c                       0x00000000   Number         0  system_stm32f10x.o ABSOLUTE
    util.c                                   0x00000000   Number         0  util.o ABSOLUTE
    RESET                                    0x08000000   Section      236  startup_stm32f10x_md.o(RESET)
    !!!main                                  0x080000ec   Section        8  __main.o(!!!main)
    !!!scatter                               0x080000f4   Section       52  __scatter.o(!!!scatter)
    !!handler_zi                             0x08000128   Section       28  __scatter_zi.o(!!handler_zi)
    .ARM.Collect$$_printf_percent$$00000000  0x08000144   Section        0  _printf_percent.o(.ARM.Collect$$_printf_percent$$00000000)
    .ARM.Collect$$_printf_percent$$00000001  0x08000144   Section        6  _printf_n.o(.ARM.Collect$$_printf_percent$$00000001)
    .ARM.Collect$$_printf_percent$$00000002  0x0800014a   Section        6  _printf_p.o(.ARM.Collect$$_printf_percent$$00000002)
    .ARM.Collect$$_printf_percent$$00000003  0x08000150   Section        6  _printf_f.o(.ARM.Collect$$_printf_percent$$00000003)
    .ARM.Collect$$_printf_percent$$00000004  0x08000156   Section        6  _printf_e.o(.ARM.Collect$$_printf_percent$$00000004)
    .ARM.Collect$$_printf_percent$$00000005  0x0800015c   Section        6  _printf_g.o(.ARM.Collect$$_printf_percent$$00000005)
    .ARM.Collect$$_printf_percent$$00000006  0x08000162   Section        6  _printf_a.o(.ARM.Collect$$_printf_percent$$00000006)
    .ARM.Collect$$_printf_percent$$00000007  0x08000168   Section       10  _printf_ll.o(.ARM.Collect$$_printf_percent$$00000007)
    .ARM.Collect$$_printf_percent$$00000008  0x08000172   Section        6  _printf_i.o(.ARM.Collect$$_printf_percent$$00000008)
    .ARM.Collect$$_printf_percent$$00000009  0x08000178   Section        6  _printf_d.o(.ARM.Collect$$_printf_percent$$00000009)
    .ARM.Collect$$_printf_percent$$0000000A  0x0800017e   Section        6  _printf_u.o(.ARM.Collect$$_printf_percent$$0000000A)
    .ARM.Collect$$_printf_percent$$0000000B  0x08000184   Section        6  _printf_o.o(.ARM.Collect$$_printf_percent$$0000000B)
    .ARM.Collect$$_printf_percent$$0000000C  0x0800018a   Section        6  _printf_x.o(.ARM.Collect$$_printf_percent$$0000000C)
    .ARM.Collect$$_printf_percent$$0000000D  0x08000190   Section        6  _printf_lli.o(.ARM.Collect$$_printf_percent$$0000000D)
    .ARM.Collect$$_printf_percent$$0000000E  0x08000196   Section        6  _printf_lld.o(.ARM.Collect$$_printf_percent$$0000000E)
    .ARM.Collect$$_printf_percent$$0000000F  0x0800019c   Section        6  _printf_llu.o(.ARM.Collect$$_printf_percent$$0000000F)
    .ARM.Collect$$_printf_percent$$00000010  0x080001a2   Section        6  _printf_llo.o(.ARM.Collect$$_printf_percent$$00000010)
    .ARM.Collect$$_printf_percent$$00000011  0x080001a8   Section        6  _printf_llx.o(.ARM.Collect$$_printf_percent$$00000011)
    .ARM.Collect$$_printf_percent$$00000012  0x080001ae   Section       10  _printf_l.o(.ARM.Collect$$_printf_percent$$00000012)
    .ARM.Collect$$_printf_percent$$00000013  0x080001b8   Section        6  _printf_c.o(.ARM.Collect$$_printf_percent$$00000013)
    .ARM.Collect$$_printf_percent$$00000014  0x080001be   Section        6  _printf_s.o(.ARM.Collect$$_printf_percent$$00000014)
    .ARM.Collect$$_printf_percent$$00000015  0x080001c4   Section        6  _printf_lc.o(.ARM.Collect$$_printf_percent$$00000015)
    .ARM.Collect$$_printf_percent$$00000016  0x080001ca   Section        6  _printf_ls.o(.ARM.Collect$$_printf_percent$$00000016)
    .ARM.Collect$$_printf_percent$$00000017  0x080001d0   Section        4  _printf_percent_end.o(.ARM.Collect$$_printf_percent$$00000017)
    .ARM.Collect$$libinit$$00000000          0x080001d4   Section        2  libinit.o(.ARM.Collect$$libinit$$00000000)
    .ARM.Collect$$libinit$$00000002          0x080001d6   Section        0  libinit2.o(.ARM.Collect$$libinit$$00000002)
    .ARM.Collect$$libinit$$00000004          0x080001d6   Section        0  libinit2.o(.ARM.Collect$$libinit$$00000004)
    .ARM.Collect$$libinit$$00000006          0x080001d6   Section        0  libinit2.o(.ARM.Collect$$libinit$$00000006)
    .ARM.Collect$$libinit$$0000000C          0x080001d6   Section        0  libinit2.o(.ARM.Collect$$libinit$$0000000C)
    .ARM.Collect$$libinit$$0000000E          0x080001d6   Section        0  libinit2.o(.ARM.Collect$$libinit$$0000000E)
    .ARM.Collect$$libinit$$00000010          0x080001d6   Section        0  libinit2.o(.ARM.Collect$$libinit$$00000010)
    .ARM.Collect$$libinit$$00000011          0x080001d6   Section        6  libinit2.o(.ARM.Collect$$libinit$$00000011)
    .ARM.Collect$$libinit$$00000013          0x080001dc   Section        0  libinit2.o(.ARM.Collect$$libinit$$00000013)
    .ARM.Collect$$libinit$$00000014          0x080001dc   Section       12  libinit2.o(.ARM.Collect$$libinit$$00000014)
    .ARM.Collect$$libinit$$00000015          0x080001e8   Section        0  libinit2.o(.ARM.Collect$$libinit$$00000015)
    .ARM.Collect$$libinit$$00000017          0x080001e8   Section        0  libinit2.o(.ARM.Collect$$libinit$$00000017)
    .ARM.Collect$$libinit$$00000018          0x080001e8   Section       10  libinit2.o(.ARM.Collect$$libinit$$00000018)
    .ARM.Collect$$libinit$$00000019          0x080001f2   Section        0  libinit2.o(.ARM.Collect$$libinit$$00000019)
    .ARM.Collect$$libinit$$0000001B          0x080001f2   Section        0  libinit2.o(.ARM.Collect$$libinit$$0000001B)
    .ARM.Collect$$libinit$$0000001D          0x080001f2   Section        0  libinit2.o(.ARM.Collect$$libinit$$0000001D)
    .ARM.Collect$$libinit$$0000001F          0x080001f2   Section        0  libinit2.o(.ARM.Collect$$libinit$$0000001F)
    .ARM.Collect$$libinit$$00000021          0x080001f2   Section        0  libinit2.o(.ARM.Collect$$libinit$$00000021)
    .ARM.Collect$$libinit$$00000023          0x080001f2   Section        0  libinit2.o(.ARM.Collect$$libinit$$00000023)
    .ARM.Collect$$libinit$$00000025          0x080001f2   Section        0  libinit2.o(.ARM.Collect$$libinit$$00000025)
    .ARM.Collect$$libinit$$00000027          0x080001f2   Section        0  libinit2.o(.ARM.Collect$$libinit$$00000027)
    .ARM.Collect$$libinit$$0000002E          0x080001f2   Section        0  libinit2.o(.ARM.Collect$$libinit$$0000002E)
    .ARM.Collect$$libinit$$00000030          0x080001f2   Section        0  libinit2.o(.ARM.Collect$$libinit$$00000030)
    .ARM.Collect$$libinit$$00000032          0x080001f2   Section        0  libinit2.o(.ARM.Collect$$libinit$$00000032)
    .ARM.Collect$$libinit$$00000034          0x080001f2   Section        0  libinit2.o(.ARM.Collect$$libinit$$00000034)
    .ARM.Collect$$libinit$$00000035          0x080001f2   Section        2  libinit2.o(.ARM.Collect$$libinit$$00000035)
    .ARM.Collect$$libshutdown$$00000000      0x080001f4   Section        2  libshutdown.o(.ARM.Collect$$libshutdown$$00000000)
    .ARM.Collect$$libshutdown$$00000002      0x080001f6   Section        0  libshutdown2.o(.ARM.Collect$$libshutdown$$00000002)
    .ARM.Collect$$libshutdown$$00000004      0x080001f6   Section        0  libshutdown2.o(.ARM.Collect$$libshutdown$$00000004)
    .ARM.Collect$$libshutdown$$00000007      0x080001f6   Section        0  libshutdown2.o(.ARM.Collect$$libshutdown$$00000007)
    .ARM.Collect$$libshutdown$$0000000A      0x080001f6   Section        0  libshutdown2.o(.ARM.Collect$$libshutdown$$0000000A)
    .ARM.Collect$$libshutdown$$0000000C      0x080001f6   Section        0  libshutdown2.o(.ARM.Collect$$libshutdown$$0000000C)
    .ARM.Collect$$libshutdown$$0000000F      0x080001f6   Section        0  libshutdown2.o(.ARM.Collect$$libshutdown$$0000000F)
    .ARM.Collect$$libshutdown$$00000010      0x080001f6   Section        2  libshutdown2.o(.ARM.Collect$$libshutdown$$00000010)
    .ARM.Collect$$rtentry$$00000000          0x080001f8   Section        0  __rtentry.o(.ARM.Collect$$rtentry$$00000000)
    .ARM.Collect$$rtentry$$00000002          0x080001f8   Section        0  __rtentry2.o(.ARM.Collect$$rtentry$$00000002)
    .ARM.Collect$$rtentry$$00000004          0x080001f8   Section        6  __rtentry4.o(.ARM.Collect$$rtentry$$00000004)
    .ARM.Collect$$rtentry$$00000009          0x080001fe   Section        0  __rtentry2.o(.ARM.Collect$$rtentry$$00000009)
    .ARM.Collect$$rtentry$$0000000A          0x080001fe   Section        4  __rtentry2.o(.ARM.Collect$$rtentry$$0000000A)
    .ARM.Collect$$rtentry$$0000000C          0x08000202   Section        0  __rtentry2.o(.ARM.Collect$$rtentry$$0000000C)
    .ARM.Collect$$rtentry$$0000000D          0x08000202   Section        8  __rtentry2.o(.ARM.Collect$$rtentry$$0000000D)
    .ARM.Collect$$rtexit$$00000000           0x0800020a   Section        2  rtexit.o(.ARM.Collect$$rtexit$$00000000)
    .ARM.Collect$$rtexit$$00000002           0x0800020c   Section        0  rtexit2.o(.ARM.Collect$$rtexit$$00000002)
    .ARM.Collect$$rtexit$$00000003           0x0800020c   Section        4  rtexit2.o(.ARM.Collect$$rtexit$$00000003)
    .ARM.Collect$$rtexit$$00000004           0x08000210   Section        6  rtexit2.o(.ARM.Collect$$rtexit$$00000004)
    .text                                    0x08000218   Section       64  startup_stm32f10x_md.o(.text)
    .text                                    0x08000258   Section        0  sprintf.o(.text)
    .text                                    0x08000284   Section        0  heapauxi.o(.text)
    .text                                    0x0800028a   Section        0  _printf_pad.o(.text)
    .text                                    0x080002d8   Section        0  _printf_truncate.o(.text)
    .text                                    0x080002fc   Section        0  _printf_str.o(.text)
    .text                                    0x08000350   Section        0  _printf_dec.o(.text)
    .text                                    0x080003c8   Section        0  _printf_charcount.o(.text)
    _printf_input_char                       0x080003f1   Thumb Code    10  _printf_char_common.o(.text)
    .text                                    0x080003f0   Section        0  _printf_char_common.o(.text)
    .text                                    0x08000420   Section        0  _sputc.o(.text)
    .text                                    0x0800042c   Section        0  _printf_wctomb.o(.text)
    .text                                    0x080004e8   Section        0  _printf_longlong_dec.o(.text)
    _printf_longlong_oct_internal            0x08000565   Thumb Code     0  _printf_oct_int_ll.o(.text)
    .text                                    0x08000564   Section        0  _printf_oct_int_ll.o(.text)
    _printf_hex_common                       0x080005d5   Thumb Code     0  _printf_hex_int_ll_ptr.o(.text)
    .text                                    0x080005d4   Section        0  _printf_hex_int_ll_ptr.o(.text)
    .text                                    0x08000668   Section        0  __printf_flags_ss_wp.o(.text)
    .text                                    0x080007f0   Section      138  lludiv10.o(.text)
    .text                                    0x0800087a   Section        0  _printf_intcommon.o(.text)
    _fp_digits                               0x0800092d   Thumb Code   432  _printf_fp_dec.o(.text)
    .text                                    0x0800092c   Section        0  _printf_fp_dec.o(.text)
    .text                                    0x08000d48   Section        0  _printf_fp_hex.o(.text)
    .text                                    0x08001044   Section        0  _printf_char.o(.text)
    .text                                    0x08001070   Section        0  _printf_wchar.o(.text)
    .text                                    0x0800109c   Section        0  _c16rtomb.o(.text)
    .text                                    0x080010e4   Section       74  sys_stackheap_outer.o(.text)
    .text                                    0x08001130   Section       16  rt_ctype_table.o(.text)
    .text                                    0x08001140   Section        8  rt_locale_intlibspace.o(.text)
    .text                                    0x08001148   Section        0  _printf_fp_infnan.o(.text)
    .text                                    0x080011c8   Section        0  bigflt0.o(.text)
    .text                                    0x080012ac   Section        0  exit.o(.text)
    .text                                    0x080012c0   Section        8  libspace.o(.text)
    .text                                    0x080012c8   Section      128  strcmpv7m.o(.text)
    .text                                    0x08001348   Section        0  sys_exit.o(.text)
    .text                                    0x08001354   Section        2  use_no_semi.o(.text)
    .text                                    0x08001356   Section        0  indicate_semi.o(.text)
    SetSysClock                              0x08001359   Thumb Code     8  system_stm32f10x.o(.text.SetSysClock)
    [Anonymous Symbol]                       0x08001358   Section        0  system_stm32f10x.o(.text.SetSysClock)
    SetSysClockTo72                          0x08001361   Thumb Code   290  system_stm32f10x.o(.text.SetSysClockTo72)
    [Anonymous Symbol]                       0x08001360   Section        0  system_stm32f10x.o(.text.SetSysClockTo72)
    [Anonymous Symbol]                       0x08001484   Section        0  system_stm32f10x.o(.text.SystemInit)
    [Anonymous Symbol]                       0x080014ec   Section        0  adc.o(.text.adc_Read)
    [Anonymous Symbol]                       0x08001524   Section        0  util.o(.text.clockInit)
    [Anonymous Symbol]                       0x0800162c   Section        0  util.o(.text.delay)
    [Anonymous Symbol]                       0x08001644   Section        0  i2c.o(.text.i2c_init)
    [Anonymous Symbol]                       0x080016b0   Section        0  i2c.o(.text.i2c_sendAddr)
    [Anonymous Symbol]                       0x08001718   Section        0  i2c.o(.text.i2c_sendAddrForWrite)
    [Anonymous Symbol]                       0x08001730   Section        0  i2c.o(.text.i2c_sendData)
    [Anonymous Symbol]                       0x08001778   Section        0  i2c.o(.text.i2c_sendStart)
    [Anonymous Symbol]                       0x080017b0   Section        0  i2c.o(.text.i2c_sendStop)
    [Anonymous Symbol]                       0x080017d8   Section        0  i2c.o(.text.i2c_sendbyte)
    [Anonymous Symbol]                       0x08001810   Section        0  i2c.o(.text.i2c_waitForReady)
    [Anonymous Symbol]                       0x08001828   Section        0  irsensor.o(.text.initIRSensorpins)
    [Anonymous Symbol]                       0x08001854   Section        0  irsensor.o(.text.initSolenoidPins)
    [Anonymous Symbol]                       0x08001880   Section        0  uart.o(.text.init_UART1)
    [Anonymous Symbol]                       0x080018e0   Section        0  adc.o(.text.initializeADC)
    [Anonymous Symbol]                       0x08001918   Section        0  i2c_lcd_driver.o(.text.intToLCD)
    [Anonymous Symbol]                       0x0800194c   Section        0  i2c_lcd_driver.o(.text.lcd_i2c_write)
    [Anonymous Symbol]                       0x08001968   Section        0  i2c_lcd_driver.o(.text.lcd_init)
    [Anonymous Symbol]                       0x08001a10   Section        0  i2c_lcd_driver.o(.text.lcd_strobe)
    [Anonymous Symbol]                       0x08001a54   Section        0  i2c_lcd_driver.o(.text.lcd_write_cmd)
    [Anonymous Symbol]                       0x08001a84   Section        0  i2c_lcd_driver.o(.text.lcd_write_dat)
    [Anonymous Symbol]                       0x08001ab8   Section        0  i2c_lcd_driver.o(.text.lcd_write_four_bits)
    [Anonymous Symbol]                       0x08001aec   Section        0  main.o(.text.main)
    [Anonymous Symbol]                       0x08001c48   Section        0  adc.o(.text.readTemp)
    [Anonymous Symbol]                       0x08001cd0   Section        0  irsensor.o(.text.read_IR)
    [Anonymous Symbol]                       0x08001cfc   Section        0  util.o(.text.sleep_ms)
    [Anonymous Symbol]                       0x08001d7c   Section        0  util.o(.text.sleep_us)
    [Anonymous Symbol]                       0x08001dfc   Section        0  i2c_lcd_driver.o(.text.stringToLCD)
    [Anonymous Symbol]                       0x08001e38   Section        0  interrupt.o(.text.sysTickInit)
    [Anonymous Symbol]                       0x08001e60   Section        0  pwm.o(.text.tim3GpioSetup)
    [Anonymous Symbol]                       0x08001f18   Section        0  pwm.o(.text.updateDutyCycle)
    CL$$btod_d2e                             0x08001f30   Section       62  btod.o(CL$$btod_d2e)
    CL$$btod_d2e_denorm_low                  0x08001f6e   Section       70  btod.o(CL$$btod_d2e_denorm_low)
    CL$$btod_d2e_norm_op1                    0x08001fb4   Section       96  btod.o(CL$$btod_d2e_norm_op1)
    CL$$btod_div_common                      0x08002014   Section      824  btod.o(CL$$btod_div_common)
    CL$$btod_e2e                             0x0800234c   Section      220  btod.o(CL$$btod_e2e)
    CL$$btod_ediv                            0x08002428   Section       42  btod.o(CL$$btod_ediv)
    CL$$btod_emul                            0x08002452   Section       42  btod.o(CL$$btod_emul)
    CL$$btod_mult_common                     0x0800247c   Section      580  btod.o(CL$$btod_mult_common)
    i.__ARM_fpclassify                       0x080026c0   Section        0  fpclassify.o(i.__ARM_fpclassify)
    i._is_digit                              0x080026e8   Section        0  __printf_wp.o(i._is_digit)
    locale$$code                             0x080026f8   Section       44  lc_numeric_c.o(locale$$code)
    locale$$code                             0x08002724   Section       44  lc_ctype_c.o(locale$$code)
    x$fpl$d2f                                0x08002750   Section       98  d2f.o(x$fpl$d2f)
    x$fpl$ddiv                               0x080027b4   Section      692  ddiv.o(x$fpl$ddiv)
    ddiv_entry                               0x080027bb   Thumb Code     0  ddiv.o(x$fpl$ddiv)
    x$fpl$dmul                               0x08002a68   Section      340  dmul.o(x$fpl$dmul)
    x$fpl$dnaninf                            0x08002bbc   Section      156  dnaninf.o(x$fpl$dnaninf)
    x$fpl$dretinf                            0x08002c58   Section       12  dretinf.o(x$fpl$dretinf)
    x$fpl$f2d                                0x08002c64   Section       86  f2d.o(x$fpl$f2d)
    x$fpl$fadd                               0x08002cbc   Section      196  faddsub_clz.o(x$fpl$fadd)
    _fadd1                                   0x08002ccb   Thumb Code     0  faddsub_clz.o(x$fpl$fadd)
    x$fpl$ffix                               0x08002d80   Section       54  ffix.o(x$fpl$ffix)
    x$fpl$fflt                               0x08002db8   Section       48  fflt_clz.o(x$fpl$fflt)
    x$fpl$fmul                               0x08002de8   Section      258  fmul.o(x$fpl$fmul)
    x$fpl$fnaninf                            0x08002eea   Section      140  fnaninf.o(x$fpl$fnaninf)
    x$fpl$fretinf                            0x08002f76   Section       10  fretinf.o(x$fpl$fretinf)
    x$fpl$fsub                               0x08002f80   Section      234  faddsub_clz.o(x$fpl$fsub)
    _fsub1                                   0x08002f8f   Thumb Code     0  faddsub_clz.o(x$fpl$fsub)
    x$fpl$printf1                            0x0800306a   Section        4  printf1.o(x$fpl$printf1)
    x$fpl$printf2                            0x0800306e   Section        4  printf2.o(x$fpl$printf2)
    x$fpl$usenofp                            0x08003072   Section        0  usenofp.o(x$fpl$usenofp)
    initial_mbstate                          0x08003074   Data           8  _printf_wctomb.o(.constdata)
    .constdata                               0x08003074   Section        8  _printf_wctomb.o(.constdata)
    uc_hextab                                0x0800307c   Data          20  _printf_hex_int_ll_ptr.o(.constdata)
    .constdata                               0x0800307c   Section       40  _printf_hex_int_ll_ptr.o(.constdata)
    lc_hextab                                0x08003090   Data          20  _printf_hex_int_ll_ptr.o(.constdata)
    maptable                                 0x080030a4   Data          17  __printf_flags_ss_wp.o(.constdata)
    .constdata                               0x080030a4   Section       17  __printf_flags_ss_wp.o(.constdata)
    lc_hextab                                0x080030b5   Data          19  _printf_fp_hex.o(.constdata)
    .constdata                               0x080030b5   Section       38  _printf_fp_hex.o(.constdata)
    uc_hextab                                0x080030c8   Data          19  _printf_fp_hex.o(.constdata)
    tenpwrs_x                                0x080030dc   Data          60  bigflt0.o(.constdata)
    .constdata                               0x080030dc   Section      148  bigflt0.o(.constdata)
    tenpwrs_i                                0x08003118   Data          64  bigflt0.o(.constdata)
    .L.str.3                                 0x08003170   Data          16  main.o(.rodata.str1.1)
    [Anonymous Symbol]                       0x08003170   Section        0  main.o(.rodata.str1.1)
    .L.str.1                                 0x08003180   Data           9  main.o(.rodata.str1.1)
    .L.str                                   0x08003189   Data           7  main.o(.rodata.str1.1)
    .L.str.2                                 0x08003190   Data          15  main.o(.rodata.str1.1)
    .L.str                                   0x0800319f   Data           3  i2c_lcd_driver.o(.rodata.str1.1)
    [Anonymous Symbol]                       0x0800319f   Section        0  i2c_lcd_driver.o(.rodata.str1.1)
    locale$$data                             0x080031b4   Section       28  lc_numeric_c.o(locale$$data)
    __lcnum_c_name                           0x080031b8   Data           2  lc_numeric_c.o(locale$$data)
    __lcnum_c_start                          0x080031c0   Data           0  lc_numeric_c.o(locale$$data)
    __lcnum_c_point                          0x080031cc   Data           0  lc_numeric_c.o(locale$$data)
    __lcnum_c_thousands                      0x080031ce   Data           0  lc_numeric_c.o(locale$$data)
    __lcnum_c_grouping                       0x080031cf   Data           0  lc_numeric_c.o(locale$$data)
    __lcnum_c_end                            0x080031d0   Data           0  lc_numeric_c.o(locale$$data)
    locale$$data                             0x080031d0   Section      272  lc_ctype_c.o(locale$$data)
    __lcctype_c_name                         0x080031d4   Data           2  lc_ctype_c.o(locale$$data)
    __lcctype_c_start                        0x080031dc   Data           0  lc_ctype_c.o(locale$$data)
    __lcctype_c_end                          0x080032e0   Data           0  lc_ctype_c.o(locale$$data)
    .bss                                     0x20000000   Section       96  libspace.o(.bss)
    Heap_Mem                                 0x20000060   Data         512  startup_stm32f10x_md.o(HEAP)
    HEAP                                     0x20000060   Section      512  startup_stm32f10x_md.o(HEAP)
    Stack_Mem                                0x20000260   Data        1024  startup_stm32f10x_md.o(STACK)
    STACK                                    0x20000260   Section     1024  startup_stm32f10x_md.o(STACK)
    __initial_sp                             0x20000660   Data           0  startup_stm32f10x_md.o(STACK)

    Global Symbols

    Symbol Name                              Value     Ov Type        Size  Object(Section)

    BuildAttributes$$THM_ISAv4$P$D$K$B$S$PE$A:L22UL41UL21$X:L11$S22US41US21$IEEE1$IW$~IW$USESV6$~STKCKD$USESV7$~SHL$OTIME$ROPI$IEEEJ$EBA8$UX$STANDARDLIB$REQ8$PRES8$EABIv2 0x00000000   Number         0  anon$$obj.o ABSOLUTE
    __fp_init_empty                          0x00000000   Number         0  fpinit_empty.o ABSOLUTE
    _printf_flags                            0x00000000   Number         0  printf_stubs.o ABSOLUTE
    _printf_return_value                     0x00000000   Number         0  printf_stubs.o ABSOLUTE
    _printf_sizespec                         0x00000000   Number         0  printf_stubs.o ABSOLUTE
    _printf_widthprec                        0x00000000   Number         0  printf_stubs.o ABSOLUTE
    __ARM_exceptions_init                     - Undefined Weak Reference
    __alloca_initialize                       - Undefined Weak Reference
    __arm_preinit_                            - Undefined Weak Reference
    __arm_relocate_pie_                       - Undefined Weak Reference
    __cpp_initialize__aeabi_                  - Undefined Weak Reference
    __cxa_finalize                            - Undefined Weak Reference
    __sigvec_lookup                           - Undefined Weak Reference
    _atexit_init                              - Undefined Weak Reference
    _call_atexit_fns                          - Undefined Weak Reference
    _clock_init                               - Undefined Weak Reference
    _fp_trap_init                             - Undefined Weak Reference
    _fp_trap_shutdown                         - Undefined Weak Reference
    _get_lc_collate                           - Undefined Weak Reference
    _get_lc_monetary                          - Undefined Weak Reference
    _get_lc_time                              - Undefined Weak Reference
    _getenv_init                              - Undefined Weak Reference
    _handle_redirection                       - Undefined Weak Reference
    _init_alloc                               - Undefined Weak Reference
    _init_user_alloc                          - Undefined Weak Reference
    _initio                                   - Undefined Weak Reference
    _printf_mbtowc                            - Undefined Weak Reference
    _printf_wc                                - Undefined Weak Reference
    _rand_init                                - Undefined Weak Reference
    _signal_finish                            - Undefined Weak Reference
    _signal_init                              - Undefined Weak Reference
    _terminate_alloc                          - Undefined Weak Reference
    _terminate_user_alloc                     - Undefined Weak Reference
    _terminateio                              - Undefined Weak Reference
    __Vectors_Size                           0x000000ec   Number         0  startup_stm32f10x_md.o ABSOLUTE
    __Vectors                                0x08000000   Data           4  startup_stm32f10x_md.o(RESET)
    __Vectors_End                            0x080000ec   Data           0  startup_stm32f10x_md.o(RESET)
    __main                                   0x080000ed   Thumb Code     8  __main.o(!!!main)
    __scatterload                            0x080000f5   Thumb Code     0  __scatter.o(!!!scatter)
    __scatterload_rt2                        0x080000f5   Thumb Code    44  __scatter.o(!!!scatter)
    __scatterload_rt2_thumb_only             0x080000f5   Thumb Code     0  __scatter.o(!!!scatter)
    __scatterload_null                       0x08000103   Thumb Code     0  __scatter.o(!!!scatter)
    __scatterload_zeroinit                   0x08000129   Thumb Code    28  __scatter_zi.o(!!handler_zi)
    _printf_n                                0x08000145   Thumb Code     0  _printf_n.o(.ARM.Collect$$_printf_percent$$00000001)
    _printf_percent                          0x08000145   Thumb Code     0  _printf_percent.o(.ARM.Collect$$_printf_percent$$00000000)
    _printf_p                                0x0800014b   Thumb Code     0  _printf_p.o(.ARM.Collect$$_printf_percent$$00000002)
    _printf_f                                0x08000151   Thumb Code     0  _printf_f.o(.ARM.Collect$$_printf_percent$$00000003)
    _printf_e                                0x08000157   Thumb Code     0  _printf_e.o(.ARM.Collect$$_printf_percent$$00000004)
    _printf_g                                0x0800015d   Thumb Code     0  _printf_g.o(.ARM.Collect$$_printf_percent$$00000005)
    _printf_a                                0x08000163   Thumb Code     0  _printf_a.o(.ARM.Collect$$_printf_percent$$00000006)
    _printf_ll                               0x08000169   Thumb Code     0  _printf_ll.o(.ARM.Collect$$_printf_percent$$00000007)
    _printf_i                                0x08000173   Thumb Code     0  _printf_i.o(.ARM.Collect$$_printf_percent$$00000008)
    _printf_d                                0x08000179   Thumb Code     0  _printf_d.o(.ARM.Collect$$_printf_percent$$00000009)
    _printf_u                                0x0800017f   Thumb Code     0  _printf_u.o(.ARM.Collect$$_printf_percent$$0000000A)
    _printf_o                                0x08000185   Thumb Code     0  _printf_o.o(.ARM.Collect$$_printf_percent$$0000000B)
    _printf_x                                0x0800018b   Thumb Code     0  _printf_x.o(.ARM.Collect$$_printf_percent$$0000000C)
    _printf_lli                              0x08000191   Thumb Code     0  _printf_lli.o(.ARM.Collect$$_printf_percent$$0000000D)
    _printf_lld                              0x08000197   Thumb Code     0  _printf_lld.o(.ARM.Collect$$_printf_percent$$0000000E)
    _printf_llu                              0x0800019d   Thumb Code     0  _printf_llu.o(.ARM.Collect$$_printf_percent$$0000000F)
    _printf_llo                              0x080001a3   Thumb Code     0  _printf_llo.o(.ARM.Collect$$_printf_percent$$00000010)
    _printf_llx                              0x080001a9   Thumb Code     0  _printf_llx.o(.ARM.Collect$$_printf_percent$$00000011)
    _printf_l                                0x080001af   Thumb Code     0  _printf_l.o(.ARM.Collect$$_printf_percent$$00000012)
    _printf_c                                0x080001b9   Thumb Code     0  _printf_c.o(.ARM.Collect$$_printf_percent$$00000013)
    _printf_s                                0x080001bf   Thumb Code     0  _printf_s.o(.ARM.Collect$$_printf_percent$$00000014)
    _printf_lc                               0x080001c5   Thumb Code     0  _printf_lc.o(.ARM.Collect$$_printf_percent$$00000015)
    _printf_ls                               0x080001cb   Thumb Code     0  _printf_ls.o(.ARM.Collect$$_printf_percent$$00000016)
    _printf_percent_end                      0x080001d1   Thumb Code     0  _printf_percent_end.o(.ARM.Collect$$_printf_percent$$00000017)
    __rt_lib_init                            0x080001d5   Thumb Code     0  libinit.o(.ARM.Collect$$libinit$$00000000)
    __rt_lib_init_fp_1                       0x080001d7   Thumb Code     0  libinit2.o(.ARM.Collect$$libinit$$00000002)
    __rt_lib_init_heap_1                     0x080001d7   Thumb Code     0  libinit2.o(.ARM.Collect$$libinit$$0000000C)
    __rt_lib_init_lc_common                  0x080001d7   Thumb Code     0  libinit2.o(.ARM.Collect$$libinit$$00000011)
    __rt_lib_init_preinit_1                  0x080001d7   Thumb Code     0  libinit2.o(.ARM.Collect$$libinit$$00000006)
    __rt_lib_init_rand_1                     0x080001d7   Thumb Code     0  libinit2.o(.ARM.Collect$$libinit$$00000010)
    __rt_lib_init_relocate_pie_1             0x080001d7   Thumb Code     0  libinit2.o(.ARM.Collect$$libinit$$00000004)
    __rt_lib_init_user_alloc_1               0x080001d7   Thumb Code     0  libinit2.o(.ARM.Collect$$libinit$$0000000E)
    __rt_lib_init_lc_collate_1               0x080001dd   Thumb Code     0  libinit2.o(.ARM.Collect$$libinit$$00000013)
    __rt_lib_init_lc_ctype_2                 0x080001dd   Thumb Code     0  libinit2.o(.ARM.Collect$$libinit$$00000014)
    __rt_lib_init_lc_ctype_1                 0x080001e9   Thumb Code     0  libinit2.o(.ARM.Collect$$libinit$$00000015)
    __rt_lib_init_lc_monetary_1              0x080001e9   Thumb Code     0  libinit2.o(.ARM.Collect$$libinit$$00000017)
    __rt_lib_init_lc_numeric_2               0x080001e9   Thumb Code     0  libinit2.o(.ARM.Collect$$libinit$$00000018)
    __rt_lib_init_alloca_1                   0x080001f3   Thumb Code     0  libinit2.o(.ARM.Collect$$libinit$$00000030)
    __rt_lib_init_argv_1                     0x080001f3   Thumb Code     0  libinit2.o(.ARM.Collect$$libinit$$0000002E)
    __rt_lib_init_atexit_1                   0x080001f3   Thumb Code     0  libinit2.o(.ARM.Collect$$libinit$$0000001D)
    __rt_lib_init_clock_1                    0x080001f3   Thumb Code     0  libinit2.o(.ARM.Collect$$libinit$$00000023)
    __rt_lib_init_cpp_1                      0x080001f3   Thumb Code     0  libinit2.o(.ARM.Collect$$libinit$$00000034)
    __rt_lib_init_exceptions_1               0x080001f3   Thumb Code     0  libinit2.o(.ARM.Collect$$libinit$$00000032)
    __rt_lib_init_fp_trap_1                  0x080001f3   Thumb Code     0  libinit2.o(.ARM.Collect$$libinit$$00000021)
    __rt_lib_init_getenv_1                   0x080001f3   Thumb Code     0  libinit2.o(.ARM.Collect$$libinit$$00000025)
    __rt_lib_init_lc_numeric_1               0x080001f3   Thumb Code     0  libinit2.o(.ARM.Collect$$libinit$$00000019)
    __rt_lib_init_lc_time_1                  0x080001f3   Thumb Code     0  libinit2.o(.ARM.Collect$$libinit$$0000001B)
    __rt_lib_init_return                     0x080001f3   Thumb Code     0  libinit2.o(.ARM.Collect$$libinit$$00000035)
    __rt_lib_init_signal_1                   0x080001f3   Thumb Code     0  libinit2.o(.ARM.Collect$$libinit$$0000001F)
    __rt_lib_init_stdio_1                    0x080001f3   Thumb Code     0  libinit2.o(.ARM.Collect$$libinit$$00000027)
    __rt_lib_shutdown                        0x080001f5   Thumb Code     0  libshutdown.o(.ARM.Collect$$libshutdown$$00000000)
    __rt_lib_shutdown_cpp_1                  0x080001f7   Thumb Code     0  libshutdown2.o(.ARM.Collect$$libshutdown$$00000002)
    __rt_lib_shutdown_fp_trap_1              0x080001f7   Thumb Code     0  libshutdown2.o(.ARM.Collect$$libshutdown$$00000007)
    __rt_lib_shutdown_heap_1                 0x080001f7   Thumb Code     0  libshutdown2.o(.ARM.Collect$$libshutdown$$0000000F)
    __rt_lib_shutdown_return                 0x080001f7   Thumb Code     0  libshutdown2.o(.ARM.Collect$$libshutdown$$00000010)
    __rt_lib_shutdown_signal_1               0x080001f7   Thumb Code     0  libshutdown2.o(.ARM.Collect$$libshutdown$$0000000A)
    __rt_lib_shutdown_stdio_1                0x080001f7   Thumb Code     0  libshutdown2.o(.ARM.Collect$$libshutdown$$00000004)
    __rt_lib_shutdown_user_alloc_1           0x080001f7   Thumb Code     0  libshutdown2.o(.ARM.Collect$$libshutdown$$0000000C)
    __rt_entry                               0x080001f9   Thumb Code     0  __rtentry.o(.ARM.Collect$$rtentry$$00000000)
    __rt_entry_presh_1                       0x080001f9   Thumb Code     0  __rtentry2.o(.ARM.Collect$$rtentry$$00000002)
    __rt_entry_sh                            0x080001f9   Thumb Code     0  __rtentry4.o(.ARM.Collect$$rtentry$$00000004)
    __rt_entry_li                            0x080001ff   Thumb Code     0  __rtentry2.o(.ARM.Collect$$rtentry$$0000000A)
    __rt_entry_postsh_1                      0x080001ff   Thumb Code     0  __rtentry2.o(.ARM.Collect$$rtentry$$00000009)
    __rt_entry_main                          0x08000203   Thumb Code     0  __rtentry2.o(.ARM.Collect$$rtentry$$0000000D)
    __rt_entry_postli_1                      0x08000203   Thumb Code     0  __rtentry2.o(.ARM.Collect$$rtentry$$0000000C)
    __rt_exit                                0x0800020b   Thumb Code     0  rtexit.o(.ARM.Collect$$rtexit$$00000000)
    __rt_exit_ls                             0x0800020d   Thumb Code     0  rtexit2.o(.ARM.Collect$$rtexit$$00000003)
    __rt_exit_prels_1                        0x0800020d   Thumb Code     0  rtexit2.o(.ARM.Collect$$rtexit$$00000002)
    __rt_exit_exit                           0x08000211   Thumb Code     0  rtexit2.o(.ARM.Collect$$rtexit$$00000004)
    Reset_Handler                            0x08000219   Thumb Code     8  startup_stm32f10x_md.o(.text)
    NMI_Handler                              0x08000221   Thumb Code     2  startup_stm32f10x_md.o(.text)
    HardFault_Handler                        0x08000223   Thumb Code     2  startup_stm32f10x_md.o(.text)
    MemManage_Handler                        0x08000225   Thumb Code     2  startup_stm32f10x_md.o(.text)
    BusFault_Handler                         0x08000227   Thumb Code     2  startup_stm32f10x_md.o(.text)
    UsageFault_Handler                       0x08000229   Thumb Code     2  startup_stm32f10x_md.o(.text)
    SVC_Handler                              0x0800022b   Thumb Code     2  startup_stm32f10x_md.o(.text)
    DebugMon_Handler                         0x0800022d   Thumb Code     2  startup_stm32f10x_md.o(.text)
    PendSV_Handler                           0x0800022f   Thumb Code     2  startup_stm32f10x_md.o(.text)
    SysTick_Handler                          0x08000231   Thumb Code     2  startup_stm32f10x_md.o(.text)
    ADC1_2_IRQHandler                        0x08000233   Thumb Code     0  startup_stm32f10x_md.o(.text)
    CAN1_RX1_IRQHandler                      0x08000233   Thumb Code     0  startup_stm32f10x_md.o(.text)
    CAN1_SCE_IRQHandler                      0x08000233   Thumb Code     0  startup_stm32f10x_md.o(.text)
    DMA1_Channel1_IRQHandler                 0x08000233   Thumb Code     0  startup_stm32f10x_md.o(.text)
    DMA1_Channel2_IRQHandler                 0x08000233   Thumb Code     0  startup_stm32f10x_md.o(.text)
    DMA1_Channel3_IRQHandler                 0x08000233   Thumb Code     0  startup_stm32f10x_md.o(.text)
    DMA1_Channel4_IRQHandler                 0x08000233   Thumb Code     0  startup_stm32f10x_md.o(.text)
    DMA1_Channel5_IRQHandler                 0x08000233   Thumb Code     0  startup_stm32f10x_md.o(.text)
    DMA1_Channel6_IRQHandler                 0x08000233   Thumb Code     0  startup_stm32f10x_md.o(.text)
    DMA1_Channel7_IRQHandler                 0x08000233   Thumb Code     0  startup_stm32f10x_md.o(.text)
    EXTI0_IRQHandler                         0x08000233   Thumb Code     0  startup_stm32f10x_md.o(.text)
    EXTI15_10_IRQHandler                     0x08000233   Thumb Code     0  startup_stm32f10x_md.o(.text)
    EXTI1_IRQHandler                         0x08000233   Thumb Code     0  startup_stm32f10x_md.o(.text)
    EXTI2_IRQHandler                         0x08000233   Thumb Code     0  startup_stm32f10x_md.o(.text)
    EXTI3_IRQHandler                         0x08000233   Thumb Code     0  startup_stm32f10x_md.o(.text)
    EXTI4_IRQHandler                         0x08000233   Thumb Code     0  startup_stm32f10x_md.o(.text)
    EXTI9_5_IRQHandler                       0x08000233   Thumb Code     0  startup_stm32f10x_md.o(.text)
    FLASH_IRQHandler                         0x08000233   Thumb Code     0  startup_stm32f10x_md.o(.text)
    I2C1_ER_IRQHandler                       0x08000233   Thumb Code     0  startup_stm32f10x_md.o(.text)
    I2C1_EV_IRQHandler                       0x08000233   Thumb Code     0  startup_stm32f10x_md.o(.text)
    I2C2_ER_IRQHandler                       0x08000233   Thumb Code     0  startup_stm32f10x_md.o(.text)
    I2C2_EV_IRQHandler                       0x08000233   Thumb Code     0  startup_stm32f10x_md.o(.text)
    PVD_IRQHandler                           0x08000233   Thumb Code     0  startup_stm32f10x_md.o(.text)
    RCC_IRQHandler                           0x08000233   Thumb Code     0  startup_stm32f10x_md.o(.text)
    RTCAlarm_IRQHandler                      0x08000233   Thumb Code     0  startup_stm32f10x_md.o(.text)
    RTC_IRQHandler                           0x08000233   Thumb Code     0  startup_stm32f10x_md.o(.text)
    SPI1_IRQHandler                          0x08000233   Thumb Code     0  startup_stm32f10x_md.o(.text)
    SPI2_IRQHandler                          0x08000233   Thumb Code     0  startup_stm32f10x_md.o(.text)
    TAMPER_IRQHandler                        0x08000233   Thumb Code     0  startup_stm32f10x_md.o(.text)
    TIM1_BRK_IRQHandler                      0x08000233   Thumb Code     0  startup_stm32f10x_md.o(.text)
    TIM1_CC_IRQHandler                       0x08000233   Thumb Code     0  startup_stm32f10x_md.o(.text)
    TIM1_TRG_COM_IRQHandler                  0x08000233   Thumb Code     0  startup_stm32f10x_md.o(.text)
    TIM1_UP_IRQHandler                       0x08000233   Thumb Code     0  startup_stm32f10x_md.o(.text)
    TIM2_IRQHandler                          0x08000233   Thumb Code     0  startup_stm32f10x_md.o(.text)
    TIM3_IRQHandler                          0x08000233   Thumb Code     0  startup_stm32f10x_md.o(.text)
    TIM4_IRQHandler                          0x08000233   Thumb Code     0  startup_stm32f10x_md.o(.text)
    USART1_IRQHandler                        0x08000233   Thumb Code     0  startup_stm32f10x_md.o(.text)
    USART2_IRQHandler                        0x08000233   Thumb Code     0  startup_stm32f10x_md.o(.text)
    USART3_IRQHandler                        0x08000233   Thumb Code     0  startup_stm32f10x_md.o(.text)
    USBWakeUp_IRQHandler                     0x08000233   Thumb Code     0  startup_stm32f10x_md.o(.text)
    USB_HP_CAN1_TX_IRQHandler                0x08000233   Thumb Code     0  startup_stm32f10x_md.o(.text)
    USB_LP_CAN1_RX0_IRQHandler               0x08000233   Thumb Code     0  startup_stm32f10x_md.o(.text)
    WWDG_IRQHandler                          0x08000233   Thumb Code     0  startup_stm32f10x_md.o(.text)
    __user_initial_stackheap                 0x08000235   Thumb Code     0  startup_stm32f10x_md.o(.text)
    sprintf                                  0x08000259   Thumb Code    38  sprintf.o(.text)
    __use_two_region_memory                  0x08000285   Thumb Code     2  heapauxi.o(.text)
    __rt_heap_escrow$2region                 0x08000287   Thumb Code     2  heapauxi.o(.text)
    __rt_heap_expand$2region                 0x08000289   Thumb Code     2  heapauxi.o(.text)
    _printf_pre_padding                      0x0800028b   Thumb Code    44  _printf_pad.o(.text)
    _printf_post_padding                     0x080002b7   Thumb Code    34  _printf_pad.o(.text)
    _printf_truncate_signed                  0x080002d9   Thumb Code    18  _printf_truncate.o(.text)
    _printf_truncate_unsigned                0x080002eb   Thumb Code    18  _printf_truncate.o(.text)
    _printf_str                              0x080002fd   Thumb Code    82  _printf_str.o(.text)
    _printf_int_dec                          0x08000351   Thumb Code   104  _printf_dec.o(.text)
    _printf_charcount                        0x080003c9   Thumb Code    40  _printf_charcount.o(.text)
    _printf_char_common                      0x080003fb   Thumb Code    32  _printf_char_common.o(.text)
    _sputc                                   0x08000421   Thumb Code    10  _sputc.o(.text)
    _printf_wctomb                           0x0800042d   Thumb Code   182  _printf_wctomb.o(.text)
    _printf_longlong_dec                     0x080004e9   Thumb Code   108  _printf_longlong_dec.o(.text)
    _printf_longlong_oct                     0x08000565   Thumb Code    68  _printf_oct_int_ll.o(.text)
    _printf_int_oct                          0x080005a9   Thumb Code    24  _printf_oct_int_ll.o(.text)
    _printf_ll_oct                           0x080005c1   Thumb Code    12  _printf_oct_int_ll.o(.text)
    _printf_longlong_hex                     0x080005d5   Thumb Code    86  _printf_hex_int_ll_ptr.o(.text)
    _printf_int_hex                          0x0800062b   Thumb Code    28  _printf_hex_int_ll_ptr.o(.text)
    _printf_ll_hex                           0x08000647   Thumb Code    12  _printf_hex_int_ll_ptr.o(.text)
    _printf_hex_ptr                          0x08000653   Thumb Code    18  _printf_hex_int_ll_ptr.o(.text)
    __printf                                 0x08000669   Thumb Code   388  __printf_flags_ss_wp.o(.text)
    _ll_udiv10                               0x080007f1   Thumb Code   138  lludiv10.o(.text)
    _printf_int_common                       0x0800087b   Thumb Code   178  _printf_intcommon.o(.text)
    _printf_fp_dec_real                      0x08000add   Thumb Code   620  _printf_fp_dec.o(.text)
    _printf_fp_hex_real                      0x08000d49   Thumb Code   756  _printf_fp_hex.o(.text)
    _printf_cs_common                        0x08001045   Thumb Code    20  _printf_char.o(.text)
    _printf_char                             0x08001059   Thumb Code    16  _printf_char.o(.text)
    _printf_string                           0x08001069   Thumb Code     8  _printf_char.o(.text)
    _printf_lcs_common                       0x08001071   Thumb Code    20  _printf_wchar.o(.text)
    _printf_wchar                            0x08001085   Thumb Code    16  _printf_wchar.o(.text)
    _printf_wstring                          0x08001095   Thumb Code     8  _printf_wchar.o(.text)
    _c16rtomb                                0x0800109d   Thumb Code    72  _c16rtomb.o(.text)
    _wcrtomb                                 0x0800109d   Thumb Code     0  _c16rtomb.o(.text)
    __user_setup_stackheap                   0x080010e5   Thumb Code    74  sys_stackheap_outer.o(.text)
    __rt_ctype_table                         0x08001131   Thumb Code    16  rt_ctype_table.o(.text)
    __rt_locale                              0x08001141   Thumb Code     8  rt_locale_intlibspace.o(.text)
    _printf_fp_infnan                        0x08001149   Thumb Code   112  _printf_fp_infnan.o(.text)
    _btod_etento                             0x080011c9   Thumb Code   224  bigflt0.o(.text)
    exit                                     0x080012ad   Thumb Code    18  exit.o(.text)
    __user_libspace                          0x080012c1   Thumb Code     8  libspace.o(.text)
    __user_perproc_libspace                  0x080012c1   Thumb Code     0  libspace.o(.text)
    __user_perthread_libspace                0x080012c1   Thumb Code     0  libspace.o(.text)
    strcmp                                   0x080012c9   Thumb Code   128  strcmpv7m.o(.text)
    _sys_exit                                0x08001349   Thumb Code     8  sys_exit.o(.text)
    __I$use$semihosting                      0x08001355   Thumb Code     0  use_no_semi.o(.text)
    __use_no_semihosting_swi                 0x08001355   Thumb Code     2  use_no_semi.o(.text)
    __semihosting_library_function           0x08001357   Thumb Code     0  indicate_semi.o(.text)
    SystemInit                               0x08001485   Thumb Code   102  system_stm32f10x.o(.text.SystemInit)
    adc_Read                                 0x080014ed   Thumb Code    56  adc.o(.text.adc_Read)
    clockInit                                0x08001525   Thumb Code   264  util.o(.text.clockInit)
    delay                                    0x0800162d   Thumb Code    22  util.o(.text.delay)
    i2c_init                                 0x08001645   Thumb Code   106  i2c.o(.text.i2c_init)
    i2c_sendAddr                             0x080016b1   Thumb Code   104  i2c.o(.text.i2c_sendAddr)
    i2c_sendAddrForWrite                     0x08001719   Thumb Code    24  i2c.o(.text.i2c_sendAddrForWrite)
    i2c_sendData                             0x08001731   Thumb Code    72  i2c.o(.text.i2c_sendData)
    i2c_sendStart                            0x08001779   Thumb Code    54  i2c.o(.text.i2c_sendStart)
    i2c_sendStop                             0x080017b1   Thumb Code    38  i2c.o(.text.i2c_sendStop)
    i2c_sendbyte                             0x080017d9   Thumb Code    54  i2c.o(.text.i2c_sendbyte)
    i2c_waitForReady                         0x08001811   Thumb Code    24  i2c.o(.text.i2c_waitForReady)
    initIRSensorpins                         0x08001829   Thumb Code    42  irsensor.o(.text.initIRSensorpins)
    initSolenoidPins                         0x08001855   Thumb Code    42  irsensor.o(.text.initSolenoidPins)
    init_UART1                               0x08001881   Thumb Code    96  uart.o(.text.init_UART1)
    initializeADC                            0x080018e1   Thumb Code    56  adc.o(.text.initializeADC)
    intToLCD                                 0x08001919   Thumb Code    52  i2c_lcd_driver.o(.text.intToLCD)
    lcd_i2c_write                            0x0800194d   Thumb Code    28  i2c_lcd_driver.o(.text.lcd_i2c_write)
    lcd_init                                 0x08001969   Thumb Code   166  i2c_lcd_driver.o(.text.lcd_init)
    lcd_strobe                               0x08001a11   Thumb Code    66  i2c_lcd_driver.o(.text.lcd_strobe)
    lcd_write_cmd                            0x08001a55   Thumb Code    48  i2c_lcd_driver.o(.text.lcd_write_cmd)
    lcd_write_dat                            0x08001a85   Thumb Code    52  i2c_lcd_driver.o(.text.lcd_write_dat)
    lcd_write_four_bits                      0x08001ab9   Thumb Code    50  i2c_lcd_driver.o(.text.lcd_write_four_bits)
    main                                     0x08001aed   Thumb Code   346  main.o(.text.main)
    readTemp                                 0x08001c49   Thumb Code   136  adc.o(.text.readTemp)
    read_IR                                  0x08001cd1   Thumb Code    44  irsensor.o(.text.read_IR)
    sleep_ms                                 0x08001cfd   Thumb Code   128  util.o(.text.sleep_ms)
    sleep_us                                 0x08001d7d   Thumb Code   126  util.o(.text.sleep_us)
    stringToLCD                              0x08001dfd   Thumb Code    60  i2c_lcd_driver.o(.text.stringToLCD)
    sysTickInit                              0x08001e39   Thumb Code    40  interrupt.o(.text.sysTickInit)
    tim3GpioSetup                            0x08001e61   Thumb Code   182  pwm.o(.text.tim3GpioSetup)
    updateDutyCycle                          0x08001f19   Thumb Code    24  pwm.o(.text.updateDutyCycle)
    _btod_d2e                                0x08001f31   Thumb Code    62  btod.o(CL$$btod_d2e)
    _d2e_denorm_low                          0x08001f6f   Thumb Code    70  btod.o(CL$$btod_d2e_denorm_low)
    _d2e_norm_op1                            0x08001fb5   Thumb Code    96  btod.o(CL$$btod_d2e_norm_op1)
    __btod_div_common                        0x08002015   Thumb Code   696  btod.o(CL$$btod_div_common)
    _e2e                                     0x0800234d   Thumb Code   220  btod.o(CL$$btod_e2e)
    _btod_ediv                               0x08002429   Thumb Code    42  btod.o(CL$$btod_ediv)
    _btod_emul                               0x08002453   Thumb Code    42  btod.o(CL$$btod_emul)
    __btod_mult_common                       0x0800247d   Thumb Code   580  btod.o(CL$$btod_mult_common)
    __ARM_fpclassify                         0x080026c1   Thumb Code    40  fpclassify.o(i.__ARM_fpclassify)
    _is_digit                                0x080026e9   Thumb Code    14  __printf_wp.o(i._is_digit)
    _get_lc_numeric                          0x080026f9   Thumb Code    44  lc_numeric_c.o(locale$$code)
    _get_lc_ctype                            0x08002725   Thumb Code    44  lc_ctype_c.o(locale$$code)
    __aeabi_d2f                              0x08002751   Thumb Code     0  d2f.o(x$fpl$d2f)
    _d2f                                     0x08002751   Thumb Code    98  d2f.o(x$fpl$d2f)
    __aeabi_ddiv                             0x080027b5   Thumb Code     0  ddiv.o(x$fpl$ddiv)
    _ddiv                                    0x080027b5   Thumb Code   556  ddiv.o(x$fpl$ddiv)
    __aeabi_dmul                             0x08002a69   Thumb Code     0  dmul.o(x$fpl$dmul)
    _dmul                                    0x08002a69   Thumb Code   332  dmul.o(x$fpl$dmul)
    __fpl_dnaninf                            0x08002bbd   Thumb Code   156  dnaninf.o(x$fpl$dnaninf)
    __fpl_dretinf                            0x08002c59   Thumb Code    12  dretinf.o(x$fpl$dretinf)
    __aeabi_f2d                              0x08002c65   Thumb Code     0  f2d.o(x$fpl$f2d)
    _f2d                                     0x08002c65   Thumb Code    86  f2d.o(x$fpl$f2d)
    __aeabi_fadd                             0x08002cbd   Thumb Code     0  faddsub_clz.o(x$fpl$fadd)
    _fadd                                    0x08002cbd   Thumb Code   196  faddsub_clz.o(x$fpl$fadd)
    __aeabi_f2iz                             0x08002d81   Thumb Code     0  ffix.o(x$fpl$ffix)
    _ffix                                    0x08002d81   Thumb Code    54  ffix.o(x$fpl$ffix)
    __aeabi_i2f                              0x08002db9   Thumb Code     0  fflt_clz.o(x$fpl$fflt)
    _fflt                                    0x08002db9   Thumb Code    48  fflt_clz.o(x$fpl$fflt)
    __aeabi_fmul                             0x08002de9   Thumb Code     0  fmul.o(x$fpl$fmul)
    _fmul                                    0x08002de9   Thumb Code   258  fmul.o(x$fpl$fmul)
    __fpl_fnaninf                            0x08002eeb   Thumb Code   140  fnaninf.o(x$fpl$fnaninf)
    __fpl_fretinf                            0x08002f77   Thumb Code    10  fretinf.o(x$fpl$fretinf)
    __aeabi_fsub                             0x08002f81   Thumb Code     0  faddsub_clz.o(x$fpl$fsub)
    _fsub                                    0x08002f81   Thumb Code   234  faddsub_clz.o(x$fpl$fsub)
    _printf_fp_dec                           0x0800306b   Thumb Code     4  printf1.o(x$fpl$printf1)
    _printf_fp_hex                           0x0800306f   Thumb Code     4  printf2.o(x$fpl$printf2)
    __I$use$fp                               0x08003072   Number         0  usenofp.o(x$fpl$usenofp)
    Region$$Table$$Base                      0x080031a4   Number         0  anon$$obj.o(Region$$Table)
    Region$$Table$$Limit                     0x080031b4   Number         0  anon$$obj.o(Region$$Table)
    __ctype                                  0x080031dd   Data           0  lc_ctype_c.o(locale$$data)
    __libspace_start                         0x20000000   Data          96  libspace.o(.bss)
    __temporary_stack_top$libspace           0x20000060   Data           0  libspace.o(.bss)



==============================================================================

Memory Map of the image

  Image Entry point : 0x08000219

  Load Region LR_1 (Base: 0x08000000, Size: 0x000032e0, Max: 0xffffffff, ABSOLUTE)

    Execution Region ER_RO (Exec base: 0x08000000, Load base: 0x08000000, Size: 0x000032e0, Max: 0xffffffff, ABSOLUTE)

    Exec Addr    Load Addr    Size         Type   Attr      Idx    E Section Name        Object

    0x08000000   0x08000000   0x000000ec   Data   RO          188    RESET               startup_stm32f10x_md.o
    0x080000ec   0x080000ec   0x00000008   Code   RO          218  * !!!main             c_w.l(__main.o)
    0x080000f4   0x080000f4   0x00000034   Code   RO          591    !!!scatter          c_w.l(__scatter.o)
    0x08000128   0x08000128   0x0000001c   Code   RO          593    !!handler_zi        c_w.l(__scatter_zi.o)
    0x08000144   0x08000144   0x00000000   Code   RO          330    .ARM.Collect$$_printf_percent$$00000000  c_w.l(_printf_percent.o)
    0x08000144   0x08000144   0x00000006   Code   RO          319    .ARM.Collect$$_printf_percent$$00000001  c_w.l(_printf_n.o)
    0x0800014a   0x0800014a   0x00000006   Code   RO          321    .ARM.Collect$$_printf_percent$$00000002  c_w.l(_printf_p.o)
    0x08000150   0x08000150   0x00000006   Code   RO          326    .ARM.Collect$$_printf_percent$$00000003  c_w.l(_printf_f.o)
    0x08000156   0x08000156   0x00000006   Code   RO          327    .ARM.Collect$$_printf_percent$$00000004  c_w.l(_printf_e.o)
    0x0800015c   0x0800015c   0x00000006   Code   RO          328    .ARM.Collect$$_printf_percent$$00000005  c_w.l(_printf_g.o)
    0x08000162   0x08000162   0x00000006   Code   RO          329    .ARM.Collect$$_printf_percent$$00000006  c_w.l(_printf_a.o)
    0x08000168   0x08000168   0x0000000a   Code   RO          334    .ARM.Collect$$_printf_percent$$00000007  c_w.l(_printf_ll.o)
    0x08000172   0x08000172   0x00000006   Code   RO          323    .ARM.Collect$$_printf_percent$$00000008  c_w.l(_printf_i.o)
    0x08000178   0x08000178   0x00000006   Code   RO          324    .ARM.Collect$$_printf_percent$$00000009  c_w.l(_printf_d.o)
    0x0800017e   0x0800017e   0x00000006   Code   RO          325    .ARM.Collect$$_printf_percent$$0000000A  c_w.l(_printf_u.o)
    0x08000184   0x08000184   0x00000006   Code   RO          322    .ARM.Collect$$_printf_percent$$0000000B  c_w.l(_printf_o.o)
    0x0800018a   0x0800018a   0x00000006   Code   RO          320    .ARM.Collect$$_printf_percent$$0000000C  c_w.l(_printf_x.o)
    0x08000190   0x08000190   0x00000006   Code   RO          331    .ARM.Collect$$_printf_percent$$0000000D  c_w.l(_printf_lli.o)
    0x08000196   0x08000196   0x00000006   Code   RO          332    .ARM.Collect$$_printf_percent$$0000000E  c_w.l(_printf_lld.o)
    0x0800019c   0x0800019c   0x00000006   Code   RO          333    .ARM.Collect$$_printf_percent$$0000000F  c_w.l(_printf_llu.o)
    0x080001a2   0x080001a2   0x00000006   Code   RO          338    .ARM.Collect$$_printf_percent$$00000010  c_w.l(_printf_llo.o)
    0x080001a8   0x080001a8   0x00000006   Code   RO          339    .ARM.Collect$$_printf_percent$$00000011  c_w.l(_printf_llx.o)
    0x080001ae   0x080001ae   0x0000000a   Code   RO          335    .ARM.Collect$$_printf_percent$$00000012  c_w.l(_printf_l.o)
    0x080001b8   0x080001b8   0x00000006   Code   RO          317    .ARM.Collect$$_printf_percent$$00000013  c_w.l(_printf_c.o)
    0x080001be   0x080001be   0x00000006   Code   RO          318    .ARM.Collect$$_printf_percent$$00000014  c_w.l(_printf_s.o)
    0x080001c4   0x080001c4   0x00000006   Code   RO          336    .ARM.Collect$$_printf_percent$$00000015  c_w.l(_printf_lc.o)
    0x080001ca   0x080001ca   0x00000006   Code   RO          337    .ARM.Collect$$_printf_percent$$00000016  c_w.l(_printf_ls.o)
    0x080001d0   0x080001d0   0x00000004   Code   RO          389    .ARM.Collect$$_printf_percent$$00000017  c_w.l(_printf_percent_end.o)
    0x080001d4   0x080001d4   0x00000002   Code   RO          440    .ARM.Collect$$libinit$$00000000  c_w.l(libinit.o)
    0x080001d6   0x080001d6   0x00000000   Code   RO          458    .ARM.Collect$$libinit$$00000002  c_w.l(libinit2.o)
    0x080001d6   0x080001d6   0x00000000   Code   RO          460    .ARM.Collect$$libinit$$00000004  c_w.l(libinit2.o)
    0x080001d6   0x080001d6   0x00000000   Code   RO          462    .ARM.Collect$$libinit$$00000006  c_w.l(libinit2.o)
    0x080001d6   0x080001d6   0x00000000   Code   RO          465    .ARM.Collect$$libinit$$0000000C  c_w.l(libinit2.o)
    0x080001d6   0x080001d6   0x00000000   Code   RO          467    .ARM.Collect$$libinit$$0000000E  c_w.l(libinit2.o)
    0x080001d6   0x080001d6   0x00000000   Code   RO          469    .ARM.Collect$$libinit$$00000010  c_w.l(libinit2.o)
    0x080001d6   0x080001d6   0x00000006   Code   RO          470    .ARM.Collect$$libinit$$00000011  c_w.l(libinit2.o)
    0x080001dc   0x080001dc   0x00000000   Code   RO          472    .ARM.Collect$$libinit$$00000013  c_w.l(libinit2.o)
    0x080001dc   0x080001dc   0x0000000c   Code   RO          473    .ARM.Collect$$libinit$$00000014  c_w.l(libinit2.o)
    0x080001e8   0x080001e8   0x00000000   Code   RO          474    .ARM.Collect$$libinit$$00000015  c_w.l(libinit2.o)
    0x080001e8   0x080001e8   0x00000000   Code   RO          476    .ARM.Collect$$libinit$$00000017  c_w.l(libinit2.o)
    0x080001e8   0x080001e8   0x0000000a   Code   RO          477    .ARM.Collect$$libinit$$00000018  c_w.l(libinit2.o)
    0x080001f2   0x080001f2   0x00000000   Code   RO          478    .ARM.Collect$$libinit$$00000019  c_w.l(libinit2.o)
    0x080001f2   0x080001f2   0x00000000   Code   RO          480    .ARM.Collect$$libinit$$0000001B  c_w.l(libinit2.o)
    0x080001f2   0x080001f2   0x00000000   Code   RO          482    .ARM.Collect$$libinit$$0000001D  c_w.l(libinit2.o)
    0x080001f2   0x080001f2   0x00000000   Code   RO          484    .ARM.Collect$$libinit$$0000001F  c_w.l(libinit2.o)
    0x080001f2   0x080001f2   0x00000000   Code   RO          486    .ARM.Collect$$libinit$$00000021  c_w.l(libinit2.o)
    0x080001f2   0x080001f2   0x00000000   Code   RO          488    .ARM.Collect$$libinit$$00000023  c_w.l(libinit2.o)
    0x080001f2   0x080001f2   0x00000000   Code   RO          490    .ARM.Collect$$libinit$$00000025  c_w.l(libinit2.o)
    0x080001f2   0x080001f2   0x00000000   Code   RO          492    .ARM.Collect$$libinit$$00000027  c_w.l(libinit2.o)
    0x080001f2   0x080001f2   0x00000000   Code   RO          496    .ARM.Collect$$libinit$$0000002E  c_w.l(libinit2.o)
    0x080001f2   0x080001f2   0x00000000   Code   RO          498    .ARM.Collect$$libinit$$00000030  c_w.l(libinit2.o)
    0x080001f2   0x080001f2   0x00000000   Code   RO          500    .ARM.Collect$$libinit$$00000032  c_w.l(libinit2.o)
    0x080001f2   0x080001f2   0x00000000   Code   RO          502    .ARM.Collect$$libinit$$00000034  c_w.l(libinit2.o)
    0x080001f2   0x080001f2   0x00000002   Code   RO          503    .ARM.Collect$$libinit$$00000035  c_w.l(libinit2.o)
    0x080001f4   0x080001f4   0x00000002   Code   RO          527    .ARM.Collect$$libshutdown$$00000000  c_w.l(libshutdown.o)
    0x080001f6   0x080001f6   0x00000000   Code   RO          542    .ARM.Collect$$libshutdown$$00000002  c_w.l(libshutdown2.o)
    0x080001f6   0x080001f6   0x00000000   Code   RO          544    .ARM.Collect$$libshutdown$$00000004  c_w.l(libshutdown2.o)
    0x080001f6   0x080001f6   0x00000000   Code   RO          547    .ARM.Collect$$libshutdown$$00000007  c_w.l(libshutdown2.o)
    0x080001f6   0x080001f6   0x00000000   Code   RO          550    .ARM.Collect$$libshutdown$$0000000A  c_w.l(libshutdown2.o)
    0x080001f6   0x080001f6   0x00000000   Code   RO          552    .ARM.Collect$$libshutdown$$0000000C  c_w.l(libshutdown2.o)
    0x080001f6   0x080001f6   0x00000000   Code   RO          555    .ARM.Collect$$libshutdown$$0000000F  c_w.l(libshutdown2.o)
    0x080001f6   0x080001f6   0x00000002   Code   RO          556    .ARM.Collect$$libshutdown$$00000010  c_w.l(libshutdown2.o)
    0x080001f8   0x080001f8   0x00000000   Code   RO          248    .ARM.Collect$$rtentry$$00000000  c_w.l(__rtentry.o)
    0x080001f8   0x080001f8   0x00000000   Code   RO          358    .ARM.Collect$$rtentry$$00000002  c_w.l(__rtentry2.o)
    0x080001f8   0x080001f8   0x00000006   Code   RO          370    .ARM.Collect$$rtentry$$00000004  c_w.l(__rtentry4.o)
    0x080001fe   0x080001fe   0x00000000   Code   RO          360    .ARM.Collect$$rtentry$$00000009  c_w.l(__rtentry2.o)
    0x080001fe   0x080001fe   0x00000004   Code   RO          361    .ARM.Collect$$rtentry$$0000000A  c_w.l(__rtentry2.o)
    0x08000202   0x08000202   0x00000000   Code   RO          363    .ARM.Collect$$rtentry$$0000000C  c_w.l(__rtentry2.o)
    0x08000202   0x08000202   0x00000008   Code   RO          364    .ARM.Collect$$rtentry$$0000000D  c_w.l(__rtentry2.o)
    0x0800020a   0x0800020a   0x00000002   Code   RO          448    .ARM.Collect$$rtexit$$00000000  c_w.l(rtexit.o)
    0x0800020c   0x0800020c   0x00000000   Code   RO          505    .ARM.Collect$$rtexit$$00000002  c_w.l(rtexit2.o)
    0x0800020c   0x0800020c   0x00000004   Code   RO          506    .ARM.Collect$$rtexit$$00000003  c_w.l(rtexit2.o)
    0x08000210   0x08000210   0x00000006   Code   RO          507    .ARM.Collect$$rtexit$$00000004  c_w.l(rtexit2.o)
    0x08000216   0x08000216   0x00000002   PAD
    0x08000218   0x08000218   0x00000040   Code   RO          189  * .text               startup_stm32f10x_md.o
    0x08000258   0x08000258   0x0000002c   Code   RO          214    .text               c_w.l(sprintf.o)
    0x08000284   0x08000284   0x00000006   Code   RO          216    .text               c_w.l(heapauxi.o)
    0x0800028a   0x0800028a   0x0000004e   Code   RO          251    .text               c_w.l(_printf_pad.o)
    0x080002d8   0x080002d8   0x00000024   Code   RO          253    .text               c_w.l(_printf_truncate.o)
    0x080002fc   0x080002fc   0x00000052   Code   RO          255    .text               c_w.l(_printf_str.o)
    0x0800034e   0x0800034e   0x00000002   PAD
    0x08000350   0x08000350   0x00000078   Code   RO          257    .text               c_w.l(_printf_dec.o)
    0x080003c8   0x080003c8   0x00000028   Code   RO          259    .text               c_w.l(_printf_charcount.o)
    0x080003f0   0x080003f0   0x00000030   Code   RO          261    .text               c_w.l(_printf_char_common.o)
    0x08000420   0x08000420   0x0000000a   Code   RO          263    .text               c_w.l(_sputc.o)
    0x0800042a   0x0800042a   0x00000002   PAD
    0x0800042c   0x0800042c   0x000000bc   Code   RO          265    .text               c_w.l(_printf_wctomb.o)
    0x080004e8   0x080004e8   0x0000007c   Code   RO          268    .text               c_w.l(_printf_longlong_dec.o)
    0x08000564   0x08000564   0x00000070   Code   RO          274    .text               c_w.l(_printf_oct_int_ll.o)
    0x080005d4   0x080005d4   0x00000094   Code   RO          294    .text               c_w.l(_printf_hex_int_ll_ptr.o)
    0x08000668   0x08000668   0x00000188   Code   RO          314    .text               c_w.l(__printf_flags_ss_wp.o)
    0x080007f0   0x080007f0   0x0000008a   Code   RO          372    .text               c_w.l(lludiv10.o)
    0x0800087a   0x0800087a   0x000000b2   Code   RO          374    .text               c_w.l(_printf_intcommon.o)
    0x0800092c   0x0800092c   0x0000041c   Code   RO          376    .text               c_w.l(_printf_fp_dec.o)
    0x08000d48   0x08000d48   0x000002fc   Code   RO          380    .text               c_w.l(_printf_fp_hex.o)
    0x08001044   0x08001044   0x0000002c   Code   RO          385    .text               c_w.l(_printf_char.o)
    0x08001070   0x08001070   0x0000002c   Code   RO          387    .text               c_w.l(_printf_wchar.o)
    0x0800109c   0x0800109c   0x00000048   Code   RO          390    .text               c_w.l(_c16rtomb.o)
    0x080010e4   0x080010e4   0x0000004a   Code   RO          392    .text               c_w.l(sys_stackheap_outer.o)
    0x0800112e   0x0800112e   0x00000002   PAD
    0x08001130   0x08001130   0x00000010   Code   RO          394    .text               c_w.l(rt_ctype_table.o)
    0x08001140   0x08001140   0x00000008   Code   RO          399    .text               c_w.l(rt_locale_intlibspace.o)
    0x08001148   0x08001148   0x00000080   Code   RO          401    .text               c_w.l(_printf_fp_infnan.o)
    0x080011c8   0x080011c8   0x000000e4   Code   RO          403    .text               c_w.l(bigflt0.o)
    0x080012ac   0x080012ac   0x00000012   Code   RO          433    .text               c_w.l(exit.o)
    0x080012be   0x080012be   0x00000002   PAD
    0x080012c0   0x080012c0   0x00000008   Code   RO          445    .text               c_w.l(libspace.o)
    0x080012c8   0x080012c8   0x00000080   Code   RO          455    .text               c_w.l(strcmpv7m.o)
    0x08001348   0x08001348   0x0000000c   Code   RO          517    .text               c_w.l(sys_exit.o)
    0x08001354   0x08001354   0x00000002   Code   RO          532    .text               c_w.l(use_no_semi.o)
    0x08001356   0x08001356   0x00000000   Code   RO          534    .text               c_w.l(indicate_semi.o)
    0x08001356   0x08001356   0x00000002   PAD
    0x08001358   0x08001358   0x00000008   Code   RO          198    .text.SetSysClock   system_stm32f10x.o
    0x08001360   0x08001360   0x00000122   Code   RO          202    .text.SetSysClockTo72  system_stm32f10x.o
    0x08001482   0x08001482   0x00000002   PAD
    0x08001484   0x08001484   0x00000066   Code   RO          196    .text.SystemInit    system_stm32f10x.o
    0x080014ea   0x080014ea   0x00000002   PAD
    0x080014ec   0x080014ec   0x00000038   Code   RO           14    .text.adc_Read      adc.o
    0x08001524   0x08001524   0x00000108   Code   RO          100    .text.clockInit     util.o
    0x0800162c   0x0800162c   0x00000016   Code   RO           94    .text.delay         util.o
    0x08001642   0x08001642   0x00000002   PAD
    0x08001644   0x08001644   0x0000006a   Code   RO          154    .text.i2c_init      i2c.o
    0x080016ae   0x080016ae   0x00000002   PAD
    0x080016b0   0x080016b0   0x00000068   Code   RO          168    .text.i2c_sendAddr  i2c.o
    0x08001718   0x08001718   0x00000018   Code   RO          172    .text.i2c_sendAddrForWrite  i2c.o
    0x08001730   0x08001730   0x00000048   Code   RO          174    .text.i2c_sendData  i2c.o
    0x08001778   0x08001778   0x00000036   Code   RO          164    .text.i2c_sendStart  i2c.o
    0x080017ae   0x080017ae   0x00000002   PAD
    0x080017b0   0x080017b0   0x00000026   Code   RO          166    .text.i2c_sendStop  i2c.o
    0x080017d6   0x080017d6   0x00000002   PAD
    0x080017d8   0x080017d8   0x00000036   Code   RO          178    .text.i2c_sendbyte  i2c.o
    0x0800180e   0x0800180e   0x00000002   PAD
    0x08001810   0x08001810   0x00000018   Code   RO          162    .text.i2c_waitForReady  i2c.o
    0x08001828   0x08001828   0x0000002a   Code   RO          115    .text.initIRSensorpins  irsensor.o
    0x08001852   0x08001852   0x00000002   PAD
    0x08001854   0x08001854   0x0000002a   Code   RO          119    .text.initSolenoidPins  irsensor.o
    0x0800187e   0x0800187e   0x00000002   PAD
    0x08001880   0x08001880   0x00000060   Code   RO           81    .text.init_UART1    uart.o
    0x080018e0   0x080018e0   0x00000038   Code   RO           12    .text.initializeADC  adc.o
    0x08001918   0x08001918   0x00000034   Code   RO          140    .text.intToLCD      i2c_lcd_driver.o
    0x0800194c   0x0800194c   0x0000001c   Code   RO          128    .text.lcd_i2c_write  i2c_lcd_driver.o
    0x08001968   0x08001968   0x000000a6   Code   RO          130    .text.lcd_init      i2c_lcd_driver.o
    0x08001a0e   0x08001a0e   0x00000002   PAD
    0x08001a10   0x08001a10   0x00000042   Code   RO          134    .text.lcd_strobe    i2c_lcd_driver.o
    0x08001a52   0x08001a52   0x00000002   PAD
    0x08001a54   0x08001a54   0x00000030   Code   RO          132    .text.lcd_write_cmd  i2c_lcd_driver.o
    0x08001a84   0x08001a84   0x00000034   Code   RO          138    .text.lcd_write_dat  i2c_lcd_driver.o
    0x08001ab8   0x08001ab8   0x00000032   Code   RO          136    .text.lcd_write_four_bits  i2c_lcd_driver.o
    0x08001aea   0x08001aea   0x00000002   PAD
    0x08001aec   0x08001aec   0x0000015a   Code   RO            2    .text.main          main.o
    0x08001c46   0x08001c46   0x00000002   PAD
    0x08001c48   0x08001c48   0x00000088   Code   RO           16    .text.readTemp      adc.o
    0x08001cd0   0x08001cd0   0x0000002c   Code   RO          117    .text.read_IR       irsensor.o
    0x08001cfc   0x08001cfc   0x00000080   Code   RO           98    .text.sleep_ms      util.o
    0x08001d7c   0x08001d7c   0x0000007e   Code   RO           96    .text.sleep_us      util.o
    0x08001dfa   0x08001dfa   0x00000002   PAD
    0x08001dfc   0x08001dfc   0x0000003c   Code   RO          142    .text.stringToLCD   i2c_lcd_driver.o
    0x08001e38   0x08001e38   0x00000028   Code   RO           57    .text.sysTickInit   interrupt.o
    0x08001e60   0x08001e60   0x000000b6   Code   RO           70    .text.tim3GpioSetup  pwm.o
    0x08001f16   0x08001f16   0x00000002   PAD
    0x08001f18   0x08001f18   0x00000018   Code   RO           72    .text.updateDutyCycle  pwm.o
    0x08001f30   0x08001f30   0x0000003e   Code   RO          406    CL$$btod_d2e        c_w.l(btod.o)
    0x08001f6e   0x08001f6e   0x00000046   Code   RO          408    CL$$btod_d2e_denorm_low  c_w.l(btod.o)
    0x08001fb4   0x08001fb4   0x00000060   Code   RO          407    CL$$btod_d2e_norm_op1  c_w.l(btod.o)
    0x08002014   0x08002014   0x00000338   Code   RO          416    CL$$btod_div_common  c_w.l(btod.o)
    0x0800234c   0x0800234c   0x000000dc   Code   RO          413    CL$$btod_e2e        c_w.l(btod.o)
    0x08002428   0x08002428   0x0000002a   Code   RO          410    CL$$btod_ediv       c_w.l(btod.o)
    0x08002452   0x08002452   0x0000002a   Code   RO          409    CL$$btod_emul       c_w.l(btod.o)
    0x0800247c   0x0800247c   0x00000244   Code   RO          415    CL$$btod_mult_common  c_w.l(btod.o)
    0x080026c0   0x080026c0   0x00000028   Code   RO          443    i.__ARM_fpclassify  m_ws.l(fpclassify.o)
    0x080026e8   0x080026e8   0x0000000e   Code   RO          307    i._is_digit         c_w.l(__printf_wp.o)
    0x080026f6   0x080026f6   0x00000002   PAD
    0x080026f8   0x080026f8   0x0000002c   Code   RO          431    locale$$code        c_w.l(lc_numeric_c.o)
    0x08002724   0x08002724   0x0000002c   Code   RO          453    locale$$code        c_w.l(lc_ctype_c.o)
    0x08002750   0x08002750   0x00000062   Code   RO          220    x$fpl$d2f           fz_ws.l(d2f.o)
    0x080027b2   0x080027b2   0x00000002   PAD
    0x080027b4   0x080027b4   0x000002b4   Code   RO          223    x$fpl$ddiv          fz_ws.l(ddiv.o)
    0x08002a68   0x08002a68   0x00000154   Code   RO          226    x$fpl$dmul          fz_ws.l(dmul.o)
    0x08002bbc   0x08002bbc   0x0000009c   Code   RO          340    x$fpl$dnaninf       fz_ws.l(dnaninf.o)
    0x08002c58   0x08002c58   0x0000000c   Code   RO          342    x$fpl$dretinf       fz_ws.l(dretinf.o)
    0x08002c64   0x08002c64   0x00000056   Code   RO          228    x$fpl$f2d           fz_ws.l(f2d.o)
    0x08002cba   0x08002cba   0x00000002   PAD
    0x08002cbc   0x08002cbc   0x000000c4   Code   RO          230    x$fpl$fadd          fz_ws.l(faddsub_clz.o)
    0x08002d80   0x08002d80   0x00000036   Code   RO          236    x$fpl$ffix          fz_ws.l(ffix.o)
    0x08002db6   0x08002db6   0x00000002   PAD
    0x08002db8   0x08002db8   0x00000030   Code   RO          241    x$fpl$fflt          fz_ws.l(fflt_clz.o)
    0x08002de8   0x08002de8   0x00000102   Code   RO          246    x$fpl$fmul          fz_ws.l(fmul.o)
    0x08002eea   0x08002eea   0x0000008c   Code   RO          344    x$fpl$fnaninf       fz_ws.l(fnaninf.o)
    0x08002f76   0x08002f76   0x0000000a   Code   RO          346    x$fpl$fretinf       fz_ws.l(fretinf.o)
    0x08002f80   0x08002f80   0x000000ea   Code   RO          232    x$fpl$fsub          fz_ws.l(faddsub_clz.o)
    0x0800306a   0x0800306a   0x00000004   Code   RO          348    x$fpl$printf1       fz_ws.l(printf1.o)
    0x0800306e   0x0800306e   0x00000004   Code   RO          350    x$fpl$printf2       fz_ws.l(printf2.o)
    0x08003072   0x08003072   0x00000000   Code   RO          356    x$fpl$usenofp       fz_ws.l(usenofp.o)
    0x08003072   0x08003072   0x00000002   PAD
    0x08003074   0x08003074   0x00000008   Data   RO          266    .constdata          c_w.l(_printf_wctomb.o)
    0x0800307c   0x0800307c   0x00000028   Data   RO          295    .constdata          c_w.l(_printf_hex_int_ll_ptr.o)
    0x080030a4   0x080030a4   0x00000011   Data   RO          315    .constdata          c_w.l(__printf_flags_ss_wp.o)
    0x080030b5   0x080030b5   0x00000026   Data   RO          381    .constdata          c_w.l(_printf_fp_hex.o)
    0x080030db   0x080030db   0x00000001   PAD
    0x080030dc   0x080030dc   0x00000094   Data   RO          404    .constdata          c_w.l(bigflt0.o)
    0x08003170   0x08003170   0x0000002f   Data   RO            4    .rodata.str1.1      main.o
    0x0800319f   0x0800319f   0x00000003   Data   RO          146    .rodata.str1.1      i2c_lcd_driver.o
    0x080031a2   0x080031a2   0x00000002   PAD
    0x080031a4   0x080031a4   0x00000010   Data   RO          590    Region$$Table       anon$$obj.o
    0x080031b4   0x080031b4   0x0000001c   Data   RO          430    locale$$data        c_w.l(lc_numeric_c.o)
    0x080031d0   0x080031d0   0x00000110   Data   RO          452    locale$$data        c_w.l(lc_ctype_c.o)


    Execution Region ER_RW (Exec base: 0x20000000, Load base: 0x080032e0, Size: 0x00000000, Max: 0xffffffff, ABSOLUTE)

    **** No section assigned to this execution region ****


    Execution Region ER_ZI (Exec base: 0x20000000, Load base: 0x080032e0, Size: 0x00000660, Max: 0xffffffff, ABSOLUTE)

    Exec Addr    Load Addr    Size         Type   Attr      Idx    E Section Name        Object

    0x20000000        -       0x00000060   Zero   RW          446    .bss                c_w.l(libspace.o)
    0x20000060        -       0x00000200   Zero   RW          187    HEAP                startup_stm32f10x_md.o
    0x20000260        -       0x00000400   Zero   RW          186    STACK               startup_stm32f10x_md.o


==============================================================================

Image component sizes


      Code (inc. data)   RO Data    RW Data    ZI Data      Debug   Object Name

       248          0          0          0          0       1877   adc.o
       476          0          0          0          0       3103   i2c.o
       522          0          3          0          0       2357   i2c_lcd_driver.o
        40          0          0          0          0       1204   interrupt.o
       128          0          0          0          0       1335   irsensor.o
       346          0         47          0          0       1417   main.o
       206          0          0          0          0       2151   pwm.o
        64         26        236          0       1536        872   startup_stm32f10x_md.o
       400          0          0          0          0       2897   system_stm32f10x.o
        96          0          0          0          0       1700   uart.o
       540          0          0          0          0       2881   util.o

    ----------------------------------------------------------------------
      3096         26        304          0       1536      21794   Object Totals
         0          0         16          0          0          0   (incl. Generated)
        30          0          2          0          0          0   (incl. Padding)

    ----------------------------------------------------------------------

      Code (inc. data)   RO Data    RW Data    ZI Data      Debug   Library Member Name

         8          0          0          0          0         68   __main.o
       392          4         17          0          0         92   __printf_flags_ss_wp.o
        14          0          0          0          0         68   __printf_wp.o
         0          0          0          0          0          0   __rtentry.o
        12          0          0          0          0          0   __rtentry2.o
         6          0          0          0          0          0   __rtentry4.o
        52          8          0          0          0          0   __scatter.o
        28          0          0          0          0          0   __scatter_zi.o
        72          0          0          0          0         96   _c16rtomb.o
         6          0          0          0          0          0   _printf_a.o
         6          0          0          0          0          0   _printf_c.o
        44          0          0          0          0        108   _printf_char.o
        48          6          0          0          0         96   _printf_char_common.o
        40          0          0          0          0         68   _printf_charcount.o
         6          0          0          0          0          0   _printf_d.o
       120         16          0          0          0         92   _printf_dec.o
         6          0          0          0          0          0   _printf_e.o
         6          0          0          0          0          0   _printf_f.o
      1052          0          0          0          0        148   _printf_fp_dec.o
       764          8         38          0          0        100   _printf_fp_hex.o
       128         16          0          0          0         84   _printf_fp_infnan.o
         6          0          0          0          0          0   _printf_g.o
       148          4         40          0          0        160   _printf_hex_int_ll_ptr.o
         6          0          0          0          0          0   _printf_i.o
       178          0          0          0          0         88   _printf_intcommon.o
        10          0          0          0          0          0   _printf_l.o
         6          0          0          0          0          0   _printf_lc.o
        10          0          0          0          0          0   _printf_ll.o
         6          0          0          0          0          0   _printf_lld.o
         6          0          0          0          0          0   _printf_lli.o
         6          0          0          0          0          0   _printf_llo.o
         6          0          0          0          0          0   _printf_llu.o
         6          0          0          0          0          0   _printf_llx.o
       124         16          0          0          0         92   _printf_longlong_dec.o
         6          0          0          0          0          0   _printf_ls.o
         6          0          0          0          0          0   _printf_n.o
         6          0          0          0          0          0   _printf_o.o
       112          8          0          0          0        124   _printf_oct_int_ll.o
         6          0          0          0          0          0   _printf_p.o
        78          0          0          0          0        108   _printf_pad.o
         0          0          0          0          0          0   _printf_percent.o
         4          0          0          0          0          0   _printf_percent_end.o
         6          0          0          0          0          0   _printf_s.o
        82          0          0          0          0         80   _printf_str.o
        36          0          0          0          0         84   _printf_truncate.o
         6          0          0          0          0          0   _printf_u.o
        44          0          0          0          0        108   _printf_wchar.o
       188          6          8          0          0         92   _printf_wctomb.o
         6          0          0          0          0          0   _printf_x.o
        10          0          0          0          0         68   _sputc.o
       228          4        148          0          0         96   bigflt0.o
      1936        128          0          0          0        668   btod.o
        18          0          0          0          0         80   exit.o
         6          0          0          0          0        152   heapauxi.o
         0          0          0          0          0          0   indicate_semi.o
        44         10        272          0          0         76   lc_ctype_c.o
        44         10         28          0          0         76   lc_numeric_c.o
         2          0          0          0          0          0   libinit.o
        30          0          0          0          0          0   libinit2.o
         2          0          0          0          0          0   libshutdown.o
         2          0          0          0          0          0   libshutdown2.o
         8          4          0          0         96         68   libspace.o
       138          0          0          0          0         80   lludiv10.o
        16          4          0          0          0         76   rt_ctype_table.o
         8          4          0          0          0         68   rt_locale_intlibspace.o
         2          0          0          0          0          0   rtexit.o
        10          0          0          0          0          0   rtexit2.o
        44          6          0          0          0         84   sprintf.o
       128          0          0          0          0         68   strcmpv7m.o
        12          4          0          0          0         68   sys_exit.o
        74          0          0          0          0         80   sys_stackheap_outer.o
         2          0          0          0          0         68   use_no_semi.o
        98          4          0          0          0         92   d2f.o
       692        140          0          0          0        216   ddiv.o
       340         12          0          0          0        104   dmul.o
       156          4          0          0          0         92   dnaninf.o
        12          0          0          0          0         68   dretinf.o
        86          4          0          0          0         84   f2d.o
       430          8          0          0          0        168   faddsub_clz.o
        54          4          0          0          0         84   ffix.o
        48          0          0          0          0         68   fflt_clz.o
       258          4          0          0          0         84   fmul.o
       140          4          0          0          0         84   fnaninf.o
        10          0          0          0          0         68   fretinf.o
         4          0          0          0          0         68   printf1.o
         4          0          0          0          0         68   printf2.o
         0          0          0          0          0          0   usenofp.o
        40          0          0          0          0         68   fpclassify.o

    ----------------------------------------------------------------------
      9072        450        552          0         96       5248   Library Totals
        22          0          1          0          0          0   (incl. Padding)

    ----------------------------------------------------------------------

      Code (inc. data)   RO Data    RW Data    ZI Data      Debug   Library Name

      6678        266        551          0         96       3832   c_w.l
      2332        184          0          0          0       1348   fz_ws.l
        40          0          0          0          0         68   m_ws.l

    ----------------------------------------------------------------------
      9072        450        552          0         96       5248   Library Totals

    ----------------------------------------------------------------------

==============================================================================


      Code (inc. data)   RO Data    RW Data    ZI Data      Debug   

     12168        476        856          0       1632      23982   Grand Totals
     12168        476        856          0       1632      23982   ELF Image Totals
     12168        476        856          0          0          0   ROM Totals

==============================================================================

    Total RO  Size (Code + RO Data)                13024 (  12.72kB)
    Total RW  Size (RW Data + ZI Data)              1632 (   1.59kB)
    Total ROM Size (Code + RO Data + RW Data)      13024 (  12.72kB)

==============================================================================

