Component: Arm Compiler for Embedded 6.19 Tool: armlink [5e73cb00]

==============================================================================

Section Cross References

    main.o(.text.main) refers to util.o(.text.clockInit) for clockInit
    main.o(.text.main) refers to adc.o(.text.initializeADC) for initializeADC
    main.o(.text.main) refers to irsensor.o(.text.initIRSensorpins) for initIRSensorpins
    main.o(.text.main) refers to irsensor.o(.text.initSolenoidPins) for initSolenoidPins
    main.o(.text.main) refers to lcd.o(.text.initializeLCD) for initializeLCD
    main.o(.text.main) refers to interrupt.o(.text.sysTickInit) for sysTickInit
    main.o(.text.main) refers to adc.o(.text.adc_Read) for adc_Read
    main.o(.text.main) refers to fflt_clz.o(x$fpl$fflt) for __aeabi_i2f
    main.o(.text.main) refers to f2d.o(x$fpl$f2d) for __aeabi_f2d
    main.o(.text.main) refers to ddiv.o(x$fpl$ddiv) for __aeabi_ddiv
    main.o(.text.main) refers to d2f.o(x$fpl$d2f) for __aeabi_d2f
    main.o(.text.main) refers to fmul.o(x$fpl$fmul) for __aeabi_fmul
    main.o(.text.main) refers to faddsub_clz.o(x$fpl$fadd) for __aeabi_fadd
    main.o(.text.main) refers to main.o(.rodata.str1.1) for .L.str
    main.o(.text.main) refers to lcd.o(.text.stringToLCD) for stringToLCD
    main.o(.text.main) refers to ffix.o(x$fpl$ffix) for __aeabi_f2iz
    main.o(.text.main) refers to lcd.o(.text.intToLCD) for intToLCD
    main.o(.text.main) refers to irsensor.o(.text.read_sensor_data) for read_sensor_data
    main.o(.text.main) refers to lcd.o(.text.commandToLCD) for commandToLCD
    main.o(.text.main) refers to util.o(.text.delay) for delay
    main.o(.ARM.exidx.text.main) refers to main.o(.text.main) for [Anonymous Symbol]
    adc.o(.ARM.exidx.text.initializeADC) refers to adc.o(.text.initializeADC) for [Anonymous Symbol]
    adc.o(.ARM.exidx.text.adc_Read) refers to adc.o(.text.adc_Read) for [Anonymous Symbol]
    functions.o(.ARM.exidx.text.read_DIP) refers to functions.o(.text.read_DIP) for [Anonymous Symbol]
    functions.o(.ARM.exidx.text.drive_LED) refers to functions.o(.text.drive_LED) for [Anonymous Symbol]
    functions.o(.ARM.exidx.text.drive_LED_Binary) refers to functions.o(.text.drive_LED_Binary) for [Anonymous Symbol]
    functions.o(.text.routine1) refers to functions.o(.text.drive_LED) for drive_LED
    functions.o(.text.routine1) refers to util.o(.text.delay) for delay
    functions.o(.ARM.exidx.text.routine1) refers to functions.o(.text.routine1) for [Anonymous Symbol]
    functions.o(.text.routine2) refers to functions.o(.text.drive_LED) for drive_LED
    functions.o(.text.routine2) refers to util.o(.text.delay) for delay
    functions.o(.ARM.exidx.text.routine2) refers to functions.o(.text.routine2) for [Anonymous Symbol]
    functions.o(.text.routine3) refers to functions.o(.text.drive_LED_Binary) for drive_LED_Binary
    functions.o(.text.routine3) refers to util.o(.text.delay) for delay
    functions.o(.ARM.exidx.text.routine3) refers to functions.o(.text.routine3) for [Anonymous Symbol]
    functions.o(.text.routine4) refers to functions.o(.text.drive_LED_Binary) for drive_LED_Binary
    functions.o(.text.routine4) refers to util.o(.text.delay) for delay
    functions.o(.ARM.exidx.text.routine4) refers to functions.o(.text.routine4) for [Anonymous Symbol]
    gpio.o(.ARM.exidx.text.switch_IO_Init) refers to gpio.o(.text.switch_IO_Init) for [Anonymous Symbol]
    gpio.o(.ARM.exidx.text.led_GPIO_Init) refers to gpio.o(.text.led_GPIO_Init) for [Anonymous Symbol]
    interrupt.o(.ARM.exidx.text.sysTickInit) refers to interrupt.o(.text.sysTickInit) for [Anonymous Symbol]
    interrupt.o(.ARM.exidx.text.ISR1) refers to interrupt.o(.text.ISR1) for [Anonymous Symbol]
    interrupt.o(.ARM.exidx.text.EXTI_Init) refers to interrupt.o(.text.EXTI_Init) for [Anonymous Symbol]
    pwm.o(.ARM.exidx.text.tim3GpioSetup) refers to pwm.o(.text.tim3GpioSetup) for [Anonymous Symbol]
    pwm.o(.ARM.exidx.text.updateDutyCycle) refers to pwm.o(.text.updateDutyCycle) for [Anonymous Symbol]
    uart.o(.ARM.exidx.text.init_UART1) refers to uart.o(.text.init_UART1) for [Anonymous Symbol]
    uart.o(.ARM.exidx.text.USART1_SendChar) refers to uart.o(.text.USART1_SendChar) for [Anonymous Symbol]
    uart.o(.ARM.exidx.text.USART1_ReceiveChar) refers to uart.o(.text.USART1_ReceiveChar) for [Anonymous Symbol]
    util.o(.ARM.exidx.text.delay) refers to util.o(.text.delay) for [Anonymous Symbol]
    util.o(.ARM.exidx.text.clockInit) refers to util.o(.text.clockInit) for [Anonymous Symbol]
    util.o(.ARM.exidx.text.led_IO_init) refers to util.o(.text.led_IO_init) for [Anonymous Symbol]
    util.o(.ARM.exidx.text.sw2led) refers to util.o(.text.sw2led) for [Anonymous Symbol]
    util.o(.text.led_flash) refers to util.o(.text.delay) for delay
    util.o(.ARM.exidx.text.led_flash) refers to util.o(.text.led_flash) for [Anonymous Symbol]
[...]
    ../clib/angel/sysapp.c                   0x00000000   Number         0  sys_command_hlt.o ABSOLUTE
    ../clib/angel/sysapp.c                   0x00000000   Number         0  sys_wrch.o ABSOLUTE
    ../clib/angel/sysapp.c                   0x00000000   Number         0  sys_wrch_hlt.o ABSOLUTE
    ../clib/armsys.c                         0x00000000   Number         0  argv_veneer.o ABSOLUTE
    ../clib/armsys.c                         0x00000000   Number         0  argv_veneer.o ABSOLUTE
    ../clib/armsys.c                         0x00000000   Number         0  _get_argv_nomalloc.o ABSOLUTE
    ../clib/armsys.c                         0x00000000   Number         0  no_argv.o ABSOLUTE
    ../clib/bigflt.c                         0x00000000   Number         0  bigflt0.o ABSOLUTE
    ../clib/btod.s                           0x00000000   Number         0  btod.o ABSOLUTE
    ../clib/btod_accurate.c                  0x00000000   Number         0  btod_accurate.o ABSOLUTE
    ../clib/btod_accurate.c                  0x00000000   Number         0  btod_accurate_common.o ABSOLUTE
    ../clib/heapalloc.c                      0x00000000   Number         0  hrguard.o ABSOLUTE
    ../clib/heapaux.c                        0x00000000   Number         0  heapauxi.o ABSOLUTE
    ../clib/libinit.s                        0x00000000   Number         0  libinit.o ABSOLUTE
    ../clib/libinit.s                        0x00000000   Number         0  libinit2.o ABSOLUTE
    ../clib/libinit.s                        0x00000000   Number         0  libshutdown.o ABSOLUTE
    ../clib/libinit.s                        0x00000000   Number         0  libshutdown2.o ABSOLUTE
    ../clib/locale.c                         0x00000000   Number         0  _c16rtomb.o ABSOLUTE
    ../clib/locale.s                         0x00000000   Number         0  lc_numeric_c.o ABSOLUTE
    ../clib/locale.s                         0x00000000   Number         0  lc_ctype_c.o ABSOLUTE
    ../clib/longlong.s                       0x00000000   Number         0  lludiv10.o ABSOLUTE
    ../clib/longlong.s                       0x00000000   Number         0  llushr.o ABSOLUTE
    ../clib/memcpset.s                       0x00000000   Number         0  strcmpv7m.o ABSOLUTE
    ../clib/misc.s                           0x00000000   Number         0  printf_stubs.o ABSOLUTE
    ../clib/printf.c                         0x00000000   Number         0  sprintf.o ABSOLUTE
    ../clib/printf.c                         0x00000000   Number         0  __printf.o ABSOLUTE
    ../clib/printf.c                         0x00000000   Number         0  _printf_pad.o ABSOLUTE
    ../clib/printf.c                         0x00000000   Number         0  _printf_truncate.o ABSOLUTE
    ../clib/printf.c                         0x00000000   Number         0  _printf_str.o ABSOLUTE
    ../clib/printf.c                         0x00000000   Number         0  _printf_dec.o ABSOLUTE
    ../clib/printf.c                         0x00000000   Number         0  _printf_charcount.o ABSOLUTE
    ../clib/printf.c                         0x00000000   Number         0  _printf_char_common.o ABSOLUTE
    ../clib/printf.c                         0x00000000   Number         0  _sputc.o ABSOLUTE
    ../clib/printf.c                         0x00000000   Number         0  _printf_wctomb.o ABSOLUTE
    ../clib/printf.c                         0x00000000   Number         0  _printf_longlong_dec.o ABSOLUTE
    ../clib/printf.c                         0x00000000   Number         0  _printf_oct_ll.o ABSOLUTE
    ../clib/printf.c                         0x00000000   Number         0  _printf_oct_int.o ABSOLUTE
    ../clib/printf.c                         0x00000000   Number         0  _printf_oct_int_ll.o ABSOLUTE
    ../clib/printf.c                         0x00000000   Number         0  _printf_hex_ll.o ABSOLUTE
    ../clib/printf.c                         0x00000000   Number         0  _printf_hex_int.o ABSOLUTE
    ../clib/printf.c                         0x00000000   Number         0  _printf_hex_int_ll.o ABSOLUTE
    ../clib/printf.c                         0x00000000   Number         0  _printf_hex_ptr.o ABSOLUTE
    ../clib/printf.c                         0x00000000   Number         0  _printf_hex_int_ptr.o ABSOLUTE
    ../clib/printf.c                         0x00000000   Number         0  _printf_hex_ll_ptr.o ABSOLUTE
    ../clib/printf.c                         0x00000000   Number         0  _printf_hex_int_ll_ptr.o ABSOLUTE
    ../clib/printf.c                         0x00000000   Number         0  __printf_flags.o ABSOLUTE
    ../clib/printf.c                         0x00000000   Number         0  __printf_ss.o ABSOLUTE
    ../clib/printf.c                         0x00000000   Number         0  __printf_flags_ss.o ABSOLUTE
    ../clib/printf.c                         0x00000000   Number         0  __printf_wp.o ABSOLUTE
    ../clib/printf.c                         0x00000000   Number         0  __printf_flags_wp.o ABSOLUTE
    ../clib/printf.c                         0x00000000   Number         0  __printf_ss_wp.o ABSOLUTE
    ../clib/printf.c                         0x00000000   Number         0  __printf_flags_ss_wp.o ABSOLUTE
    ../clib/printf.c                         0x00000000   Number         0  _printf_intcommon.o ABSOLUTE
    ../clib/printf.c                         0x00000000   Number         0  _printf_fp_dec.o ABSOLUTE
    ../clib/printf.c                         0x00000000   Number         0  _printf_fp_dec_accurate.o ABSOLUTE
    ../clib/printf.c                         0x00000000   Number         0  _printf_fp_hex.o ABSOLUTE
    ../clib/printf.c                         0x00000000   Number         0  __printf_nopercent.o ABSOLUTE
    ../clib/printf.c                         0x00000000   Number         0  _printf_char.o ABSOLUTE
    ../clib/printf.c                         0x00000000   Number         0  _printf_wchar.o ABSOLUTE
    ../clib/printf.c                         0x00000000   Number         0  _printf_fp_infnan.o ABSOLUTE
    ../clib/printf_percent.s                 0x00000000   Number         0  _printf_c.o ABSOLUTE
    ../clib/printf_percent.s                 0x00000000   Number         0  _printf_s.o ABSOLUTE
    ../clib/printf_percent.s                 0x00000000   Number         0  _printf_n.o ABSOLUTE
    ../clib/printf_percent.s                 0x00000000   Number         0  _printf_x.o ABSOLUTE
    ../clib/printf_percent.s                 0x00000000   Number         0  _printf_p.o ABSOLUTE
    ../clib/printf_percent.s                 0x00000000   Number         0  _printf_o.o ABSOLUTE
    ../clib/printf_percent.s                 0x00000000   Number         0  _printf_i.o ABSOLUTE
    ../clib/printf_percent.s                 0x00000000   Number         0  _printf_d.o ABSOLUTE
    ../clib/printf_percent.s                 0x00000000   Number         0  _printf_u.o ABSOLUTE
    ../clib/printf_percent.s                 0x00000000   Number         0  _printf_f.o ABSOLUTE
    ../clib/printf_percent.s                 0x00000000   Number         0  _printf_e.o ABSOLUTE
    ../clib/printf_percent.s                 0x00000000   Number         0  _printf_g.o ABSOLUTE
    ../clib/printf_percent.s                 0x00000000   Number         0  _printf_a.o ABSOLUTE
    ../clib/printf_percent.s                 0x00000000   Number         0  _printf_percent.o ABSOLUTE
    ../clib/printf_percent.s                 0x00000000   Number         0  _printf_lli.o ABSOLUTE
    ../clib/printf_percent.s                 0x00000000   Number         0  _printf_lld.o ABSOLUTE
    ../clib/printf_percent.s                 0x00000000   Number         0  _printf_llu.o ABSOLUTE
    ../clib/printf_percent.s                 0x00000000   Number         0  _printf_ll.o ABSOLUTE
    ../clib/printf_percent.s                 0x00000000   Number         0  _printf_l.o ABSOLUTE
    ../clib/printf_percent.s                 0x00000000   Number         0  _printf_lc.o ABSOLUTE
    ../clib/printf_percent.s                 0x00000000   Number         0  _printf_ls.o ABSOLUTE
    ../clib/printf_percent.s                 0x00000000   Number         0  _printf_llo.o ABSOLUTE
    ../clib/printf_percent.s                 0x00000000   Number         0  _printf_llx.o ABSOLUTE
    ../clib/printf_percent.s                 0x00000000   Number         0  _printf_percent_end.o ABSOLUTE
    ../clib/signal.c                         0x00000000   Number         0  defsig_rtmem_outer.o ABSOLUTE
    ../clib/signal.c                         0x00000000   Number         0  defsig_rtmem_formal.o ABSOLUTE
    ../clib/signal.c                         0x00000000   Number         0  defsig_exit.o ABSOLUTE
    ../clib/signal.c                         0x00000000   Number         0  defsig_rtmem_inner.o ABSOLUTE
    ../clib/signal.c                         0x00000000   Number         0  __raise.o ABSOLUTE
    ../clib/signal.c                         0x00000000   Number         0  defsig_general.o ABSOLUTE
    ../clib/signal.c                         0x00000000   Number         0  defsig_abrt_inner.o ABSOLUTE
    ../clib/signal.c                         0x00000000   Number         0  defsig_fpe_inner.o ABSOLUTE
    ../clib/signal.c                         0x00000000   Number         0  defsig_rtred_inner.o ABSOLUTE
    ../clib/signal.c                         0x00000000   Number         0  defsig_stak_inner.o ABSOLUTE
    ../clib/signal.c                         0x00000000   Number         0  defsig_pvfn_inner.o ABSOLUTE
    ../clib/signal.c                         0x00000000   Number         0  defsig_cppl_inner.o ABSOLUTE
    ../clib/signal.c                         0x00000000   Number         0  defsig_segv_inner.o ABSOLUTE
    ../clib/signal.c                         0x00000000   Number         0  defsig_other.o ABSOLUTE
    ../clib/signal.s                         0x00000000   Number         0  defsig.o ABSOLUTE
    ../clib/stdlib.c                         0x00000000   Number         0  exit.o ABSOLUTE
    ../clib/string.c                         0x00000000   Number         0  strlen.o ABSOLUTE
    ../fplib/d2f.s                           0x00000000   Number         0  d2f.o ABSOLUTE
    ../fplib/ddiv.s                          0x00000000   Number         0  ddiv.o ABSOLUTE
    ../fplib/dnaninf.s                       0x00000000   Number         0  dnaninf.o ABSOLUTE
    ../fplib/dretinf.s                       0x00000000   Number         0  dretinf.o ABSOLUTE
    ../fplib/f2d.s                           0x00000000   Number         0  f2d.o ABSOLUTE
    ../fplib/faddsub.s                       0x00000000   Number         0  faddsub_clz.o ABSOLUTE
    ../fplib/ffix.s                          0x00000000   Number         0  ffix.o ABSOLUTE
    ../fplib/fflt.s                          0x00000000   Number         0  fflt_clz.o ABSOLUTE
    ../fplib/fmul.s                          0x00000000   Number         0  fmul.o ABSOLUTE
    ../fplib/fnaninf.s                       0x00000000   Number         0  fnaninf.o ABSOLUTE
    ../fplib/fpinit.s                        0x00000000   Number         0  fpinit.o ABSOLUTE
    ../fplib/fpinit_empty.s                  0x00000000   Number         0  fpinit_empty.o ABSOLUTE
    ../fplib/fretinf.s                       0x00000000   Number         0  fretinf.o ABSOLUTE
    ../fplib/istatus.s                       0x00000000   Number         0  istatus.o ABSOLUTE
    ../fplib/printf1.s                       0x00000000   Number         0  printf1.o ABSOLUTE
    ../fplib/printf2.s                       0x00000000   Number         0  printf2.o ABSOLUTE
    ../fplib/printf2a.s                      0x00000000   Number         0  printf2a.o ABSOLUTE
    ../fplib/printf2b.s                      0x00000000   Number         0  printf2b.o ABSOLUTE
    ../fplib/usenofp.s                       0x00000000   Number         0  usenofp.o ABSOLUTE
    ../mathlib/fpclassify.c                  0x00000000   Number         0  fpclassify.o ABSOLUTE
    ADC.c                                    0x00000000   Number         0  adc.o ABSOLUTE
    GPIO.c                                   0x00000000   Number         0  gpio.o ABSOLUTE
    IRSensor.c                               0x00000000   Number         0  irsensor.o ABSOLUTE
    Interrupt.c                              0x00000000   Number         0  interrupt.o ABSOLUTE
    PWM.c                                    0x00000000   Number         0  pwm.o ABSOLUTE
    RTE/Device/STM32F103RB/startup_stm32f10x_md.s 0x00000000   Number         0  startup_stm32f10x_md.o ABSOLUTE
    UART.c                                   0x00000000   Number         0  uart.o ABSOLUTE
    dc.s                                     0x00000000   Number         0  dc.o ABSOLUTE
    functions.c                              0x00000000   Number         0  functions.o ABSOLUTE
    lcd.c                                    0x00000000   Number         0  lcd.o ABSOLUTE
    main.c                                   0x00000000   Number         0  main.o ABSOLUTE
    system_stm32f10x.c                       0x00000000   Number         0  system_stm32f10x.o ABSOLUTE
    util.c                                   0x00000000   Number         0  util.o ABSOLUTE
    RESET                                    0x08000000   Section      236  startup_stm32f10x_md.o(RESET)
    !!!main                                  0x080000ec   Section        8  __main.o(!!!main)
    !!!scatter                               0x080000f4   Section       52  __scatter.o(!!!scatter)
    !!handler_zi                             0x08000128   Section       28  __scatter_zi.o(!!handler_zi)
    .ARM.Collect$$_printf_percent$$00000000  0x08000144   Section        0  _printf_percent.o(.ARM.Collect$$_printf_percent$$00000000)
    .ARM.Collect$$_printf_percent$$00000001  0x08000144   Section        6  _printf_n.o(.ARM.Collect$$_printf_percent$$00000001)
    .ARM.Collect$$_printf_percent$$00000002  0x0800014a   Section        6  _printf_p.o(.ARM.Collect$$_printf_percent$$00000002)
    .ARM.Collect$$_printf_percent$$00000003  0x08000150   Section        6  _printf_f.o(.ARM.Collect$$_printf_percent$$00000003)
    .ARM.Collect$$_printf_percent$$00000004  0x08000156   Section        6  _printf_e.o(.ARM.Collect$$_printf_percent$$00000004)
    .ARM.Collect$$_printf_percent$$00000005  0x0800015c   Section        6  _printf_g.o(.ARM.Collect$$_printf_percent$$00000005)
    .ARM.Collect$$_printf_percent$$00000006  0x08000162   Section        6  _printf_a.o(.ARM.Collect$$_printf_percent$$00000006)
    .ARM.Collect$$_printf_percent$$00000007  0x08000168   Section       10  _printf_ll.o(.ARM.Collect$$_printf_percent$$00000007)
    .ARM.Collect$$_printf_percent$$00000008  0x08000172   Section        6  _printf_i.o(.ARM.Collect$$_printf_percent$$00000008)
    .ARM.Collect$$_printf_percent$$00000009  0x08000178   Section        6  _printf_d.o(.ARM.Collect$$_printf_percent$$00000009)
    .ARM.Collect$$_printf_percent$$0000000A  0x0800017e   Section        6  _printf_u.o(.ARM.Collect$$_printf_percent$$0000000A)
    .ARM.Collect$$_printf_percent$$0000000B  0x08000184   Section        6  _printf_o.o(.ARM.Collect$$_printf_percent$$0000000B)
    .ARM.Collect$$_printf_percent$$0000000C  0x0800018a   Section        6  _printf_x.o(.ARM.Collect$$_printf_percent$$0000000C)
    .ARM.Collect$$_printf_percent$$0000000D  0x08000190   Section        6  _printf_lli.o(.ARM.Collect$$_printf_percent$$0000000D)
    .ARM.Collect$$_printf_percent$$0000000E  0x08000196   Section        6  _printf_lld.o(.ARM.Collect$$_printf_percent$$0000000E)
    .ARM.Collect$$_printf_percent$$0000000F  0x0800019c   Section        6  _printf_llu.o(.ARM.Collect$$_printf_percent$$0000000F)
    .ARM.Collect$$_printf_percent$$00000010  0x080001a2   Section        6  _printf_llo.o(.ARM.Collect$$_printf_percent$$00000010)
    .ARM.Collect$$_printf_percent$$00000011  0x080001a8   Section        6  _printf_llx.o(.ARM.Collect$$_printf_percent$$00000011)
    .ARM.Collect$$_printf_percent$$00000012  0x080001ae   Section       10  _printf_l.o(.ARM.Collect$$_printf_percent$$00000012)
    .ARM.Collect$$_printf_percent$$00000013  0x080001b8   Section        6  _printf_c.o(.ARM.Collect$$_printf_percent$$00000013)
    .ARM.Collect$$_printf_percent$$00000014  0x080001be   Section        6  _printf_s.o(.ARM.Collect$$_printf_percent$$00000014)
    .ARM.Collect$$_printf_percent$$00000015  0x080001c4   Section        6  _printf_lc.o(.ARM.Collect$$_printf_percent$$00000015)
    .ARM.Collect$$_printf_percent$$00000016  0x080001ca   Section        6  _printf_ls.o(.ARM.Collect$$_printf_percent$$00000016)
    .ARM.Collect$$_printf_percent$$00000017  0x080001d0   Section        4  _printf_percent_end.o(.ARM.Collect$$_printf_percent$$00000017)
    .ARM.Collect$$libinit$$00000000          0x080001d4   Section        2  libinit.o(.ARM.Collect$$libinit$$00000000)
    .ARM.Collect$$libinit$$00000002          0x080001d6   Section        0  libinit2.o(.ARM.Collect$$libinit$$00000002)
    .ARM.Collect$$libinit$$00000004          0x080001d6   Section        0  libinit2.o(.ARM.Collect$$libinit$$00000004)
    .ARM.Collect$$libinit$$00000006          0x080001d6   Section        0  libinit2.o(.ARM.Collect$$libinit$$00000006)
    .ARM.Collect$$libinit$$0000000C          0x080001d6   Section        0  libinit2.o(.ARM.Collect$$libinit$$0000000C)
    .ARM.Collect$$libinit$$0000000E          0x080001d6   Section        0  libinit2.o(.ARM.Collect$$libinit$$0000000E)
    .ARM.Collect$$libinit$$00000010          0x080001d6   Section        0  libinit2.o(.ARM.Collect$$libinit$$00000010)
    .ARM.Collect$$libinit$$00000011          0x080001d6   Section        6  libinit2.o(.ARM.Collect$$libinit$$00000011)
    .ARM.Collect$$libinit$$00000013          0x080001dc   Section        0  libinit2.o(.ARM.Collect$$libinit$$00000013)
    .ARM.Collect$$libinit$$00000014          0x080001dc   Section       12  libinit2.o(.ARM.Collect$$libinit$$00000014)
    .ARM.Collect$$libinit$$00000015          0x080001e8   Section        0  libinit2.o(.ARM.Collect$$libinit$$00000015)
    .ARM.Collect$$libinit$$00000017          0x080001e8   Section        0  libinit2.o(.ARM.Collect$$libinit$$00000017)
    .ARM.Collect$$libinit$$00000018          0x080001e8   Section       10  libinit2.o(.ARM.Collect$$libinit$$00000018)
    .ARM.Collect$$libinit$$00000019          0x080001f2   Section        0  libinit2.o(.ARM.Collect$$libinit$$00000019)
    .ARM.Collect$$libinit$$0000001B          0x080001f2   Section        0  libinit2.o(.ARM.Collect$$libinit$$0000001B)
    .ARM.Collect$$libinit$$0000001D          0x080001f2   Section        0  libinit2.o(.ARM.Collect$$libinit$$0000001D)
    .ARM.Collect$$libinit$$0000001F          0x080001f2   Section        0  libinit2.o(.ARM.Collect$$libinit$$0000001F)
    .ARM.Collect$$libinit$$00000021          0x080001f2   Section        0  libinit2.o(.ARM.Collect$$libinit$$00000021)
    .ARM.Collect$$libinit$$00000023          0x080001f2   Section        0  libinit2.o(.ARM.Collect$$libinit$$00000023)
    .ARM.Collect$$libinit$$00000025          0x080001f2   Section        0  libinit2.o(.ARM.Collect$$libinit$$00000025)
    .ARM.Collect$$libinit$$00000027          0x080001f2   Section        0  libinit2.o(.ARM.Collect$$libinit$$00000027)
    .ARM.Collect$$libinit$$0000002E          0x080001f2   Section        0  libinit2.o(.ARM.Collect$$libinit$$0000002E)
    .ARM.Collect$$libinit$$00000030          0x080001f2   Section        0  libinit2.o(.ARM.Collect$$libinit$$00000030)
    .ARM.Collect$$libinit$$00000032          0x080001f2   Section        0  libinit2.o(.ARM.Collect$$libinit$$00000032)
    .ARM.Collect$$libinit$$00000034          0x080001f2   Section        0  libinit2.o(.ARM.Collect$$libinit$$00000034)
    .ARM.Collect$$libinit$$00000035          0x080001f2   Section        2  libinit2.o(.ARM.Collect$$libinit$$00000035)
    .ARM.Collect$$libshutdown$$00000000      0x080001f4   Section        2  libshutdown.o(.ARM.Collect$$libshutdown$$00000000)
    .ARM.Collect$$libshutdown$$00000002      0x080001f6   Section        0  libshutdown2.o(.ARM.Collect$$libshutdown$$00000002)
    .ARM.Collect$$libshutdown$$00000004      0x080001f6   Section        0  libshutdown2.o(.ARM.Collect$$libshutdown$$00000004)
    .ARM.Collect$$libshutdown$$00000007      0x080001f6   Section        0  libshutdown2.o(.ARM.Collect$$libshutdown$$00000007)
    .ARM.Collect$$libshutdown$$0000000A      0x080001f6   Section        0  libshutdown2.o(.ARM.Collect$$libshutdown$$0000000A)
    .ARM.Collect$$libshutdown$$0000000C      0x080001f6   Section        0  libshutdown2.o(.ARM.Collect$$libshutdown$$0000000C)
    .ARM.Collect$$libshutdown$$0000000F      0x080001f6   Section        0  libshutdown2.o(.ARM.Collect$$libshutdown$$0000000F)
    .ARM.Collect$$libshutdown$$00000010      0x080001f6   Section        2  libshutdown2.o(.ARM.Collect$$libshutdown$$00000010)
    .ARM.Collect$$rtentry$$00000000          0x080001f8   Section        0  __rtentry.o(.ARM.Collect$$rtentry$$00000000)
    .ARM.Collect$$rtentry$$00000002          0x080001f8   Section        0  __rtentry2.o(.ARM.Collect$$rtentry$$00000002)
    .ARM.Collect$$rtentry$$00000004          0x080001f8   Section        6  __rtentry4.o(.ARM.Collect$$rtentry$$00000004)
    .ARM.Collect$$rtentry$$00000009          0x080001fe   Section        0  __rtentry2.o(.ARM.Collect$$rtentry$$00000009)
    .ARM.Collect$$rtentry$$0000000A          0x080001fe   Section        4  __rtentry2.o(.ARM.Collect$$rtentry$$0000000A)
    .ARM.Collect$$rtentry$$0000000C          0x08000202   Section        0  __rtentry2.o(.ARM.Collect$$rtentry$$0000000C)
    .ARM.Collect$$rtentry$$0000000D          0x08000202   Section        8  __rtentry2.o(.ARM.Collect$$rtentry$$0000000D)
    .ARM.Collect$$rtexit$$00000000           0x0800020a   Section        2  rtexit.o(.ARM.Collect$$rtexit$$00000000)
    .ARM.Collect$$rtexit$$00000002           0x0800020c   Section        0  rtexit2.o(.ARM.Collect$$rtexit$$00000002)
    .ARM.Collect$$rtexit$$00000003           0x0800020c   Section        4  rtexit2.o(.ARM.Collect$$rtexit$$00000003)
    .ARM.Collect$$rtexit$$00000004           0x08000210   Section        6  rtexit2.o(.ARM.Collect$$rtexit$$00000004)
    .text                                    0x08000218   Section       64  startup_stm32f10x_md.o(.text)
    .text                                    0x08000258   Section        0  sprintf.o(.text)
    .text                                    0x08000284   Section        0  strlen.o(.text)
    .text                                    0x080002c2   Section        0  heapauxi.o(.text)
    .text                                    0x080002c8   Section        0  _printf_pad.o(.text)
    .text                                    0x08000316   Section        0  _printf_truncate.o(.text)
    .text                                    0x0800033a   Section        0  _printf_str.o(.text)
    .text                                    0x0800038c   Section        0  _printf_dec.o(.text)
    .text                                    0x08000404   Section        0  _printf_charcount.o(.text)
    _printf_input_char                       0x0800042d   Thumb Code    10  _printf_char_common.o(.text)
    .text                                    0x0800042c   Section        0  _printf_char_common.o(.text)
    .text                                    0x0800045c   Section        0  _sputc.o(.text)
    .text                                    0x08000468   Section        0  _printf_wctomb.o(.text)
    .text                                    0x08000524   Section        0  _printf_longlong_dec.o(.text)
    _printf_longlong_oct_internal            0x080005a1   Thumb Code     0  _printf_oct_int_ll.o(.text)
    .text                                    0x080005a0   Section        0  _printf_oct_int_ll.o(.text)
    _printf_hex_common                       0x08000611   Thumb Code     0  _printf_hex_int_ll_ptr.o(.text)
    .text                                    0x08000610   Section        0  _printf_hex_int_ll_ptr.o(.text)
    .text                                    0x080006a4   Section        0  __printf_flags_ss_wp.o(.text)
    .text                                    0x0800082c   Section      138  lludiv10.o(.text)
    .text                                    0x080008b6   Section        0  _printf_intcommon.o(.text)
    _fp_digits                               0x08000969   Thumb Code   432  _printf_fp_dec.o(.text)
    .text                                    0x08000968   Section        0  _printf_fp_dec.o(.text)
    .text                                    0x08000d84   Section        0  _printf_fp_hex.o(.text)
    .text                                    0x08001080   Section        0  _printf_char.o(.text)
    .text                                    0x080010ac   Section        0  _printf_wchar.o(.text)
    .text                                    0x080010d8   Section        0  _c16rtomb.o(.text)
    .text                                    0x08001120   Section       74  sys_stackheap_outer.o(.text)
    .text                                    0x0800116c   Section       16  rt_ctype_table.o(.text)
    .text                                    0x0800117c   Section        8  rt_locale_intlibspace.o(.text)
    .text                                    0x08001184   Section        0  _printf_fp_infnan.o(.text)
    .text                                    0x08001204   Section        0  bigflt0.o(.text)
    .text                                    0x080012e8   Section        0  exit.o(.text)
    .text                                    0x080012fc   Section        8  libspace.o(.text)
    .text                                    0x08001304   Section      128  strcmpv7m.o(.text)
    .text                                    0x08001384   Section        0  sys_exit.o(.text)
    .text                                    0x08001390   Section        2  use_no_semi.o(.text)
    .text                                    0x08001392   Section        0  indicate_semi.o(.text)
    SetSysClock                              0x08001395   Thumb Code     8  system_stm32f10x.o(.text.SetSysClock)
    [Anonymous Symbol]                       0x08001394   Section        0  system_stm32f10x.o(.text.SetSysClock)
    SetSysClockTo72                          0x0800139d   Thumb Code   290  system_stm32f10x.o(.text.SetSysClockTo72)
    [Anonymous Symbol]                       0x0800139c   Section        0  system_stm32f10x.o(.text.SetSysClockTo72)
    [Anonymous Symbol]                       0x080014c0   Section        0  system_stm32f10x.o(.text.SystemInit)
    [Anonymous Symbol]                       0x08001528   Section        0  adc.o(.text.adc_Read)
    [Anonymous Symbol]                       0x08001560   Section        0  util.o(.text.clockInit)
    [Anonymous Symbol]                       0x08001668   Section        0  lcd.o(.text.commandToLCD)
    [Anonymous Symbol]                       0x080016bc   Section        0  lcd.o(.text.dataToLCD)
    [Anonymous Symbol]                       0x08001714   Section        0  util.o(.text.delay)
    [Anonymous Symbol]                       0x0800172c   Section        0  irsensor.o(.text.initIRSensorpins)
    [Anonymous Symbol]                       0x08001758   Section        0  irsensor.o(.text.initSolenoidPins)
    [Anonymous Symbol]                       0x08001784   Section        0  adc.o(.text.initializeADC)
    [Anonymous Symbol]                       0x080017bc   Section        0  lcd.o(.text.initializeLCD)
    [Anonymous Symbol]                       0x080017c8   Section        0  lcd.o(.text.intToLCD)
    [Anonymous Symbol]                       0x080017ec   Section        0  lcd.o(.text.lcdGpioSetup)
    [Anonymous Symbol]                       0x08001838   Section        0  lcd.o(.text.lcdSetup)
    [Anonymous Symbol]                       0x08001880   Section        0  main.o(.text.main)
    [Anonymous Symbol]                       0x0800199c   Section        0  irsensor.o(.text.read_sensor_data)
    [Anonymous Symbol]                       0x080019c8   Section        0  lcd.o(.text.stringToLCD)
    [Anonymous Symbol]                       0x08001a10   Section        0  interrupt.o(.text.sysTickInit)
    CL$$btod_d2e                             0x08001a38   Section       62  btod.o(CL$$btod_d2e)
    CL$$btod_d2e_denorm_low                  0x08001a76   Section       70  btod.o(CL$$btod_d2e_denorm_low)
    CL$$btod_d2e_norm_op1                    0x08001abc   Section       96  btod.o(CL$$btod_d2e_norm_op1)
    CL$$btod_div_common                      0x08001b1c   Section      824  btod.o(CL$$btod_div_common)
    CL$$btod_e2e                             0x08001e54   Section      220  btod.o(CL$$btod_e2e)
    CL$$btod_ediv                            0x08001f30   Section       42  btod.o(CL$$btod_ediv)
    CL$$btod_emul                            0x08001f5a   Section       42  btod.o(CL$$btod_emul)
    CL$$btod_mult_common                     0x08001f84   Section      580  btod.o(CL$$btod_mult_common)
    i.__ARM_fpclassify                       0x080021c8   Section        0  fpclassify.o(i.__ARM_fpclassify)
    i._is_digit                              0x080021f0   Section        0  __printf_wp.o(i._is_digit)
    locale$$code                             0x08002200   Section       44  lc_numeric_c.o(locale$$code)
    locale$$code                             0x0800222c   Section       44  lc_ctype_c.o(locale$$code)
    x$fpl$d2f                                0x08002258   Section       98  d2f.o(x$fpl$d2f)
    x$fpl$ddiv                               0x080022bc   Section      692  ddiv.o(x$fpl$ddiv)
    ddiv_entry                               0x080022c3   Thumb Code     0  ddiv.o(x$fpl$ddiv)
    x$fpl$dnaninf                            0x08002570   Section      156  dnaninf.o(x$fpl$dnaninf)
    x$fpl$dretinf                            0x0800260c   Section       12  dretinf.o(x$fpl$dretinf)
    x$fpl$f2d                                0x08002618   Section       86  f2d.o(x$fpl$f2d)
    x$fpl$fadd                               0x08002670   Section      196  faddsub_clz.o(x$fpl$fadd)
    _fadd1                                   0x0800267f   Thumb Code     0  faddsub_clz.o(x$fpl$fadd)
    x$fpl$ffix                               0x08002734   Section       54  ffix.o(x$fpl$ffix)
    x$fpl$fflt                               0x0800276c   Section       48  fflt_clz.o(x$fpl$fflt)
    x$fpl$fmul                               0x0800279c   Section      258  fmul.o(x$fpl$fmul)
    x$fpl$fnaninf                            0x0800289e   Section      140  fnaninf.o(x$fpl$fnaninf)
    x$fpl$fretinf                            0x0800292a   Section       10  fretinf.o(x$fpl$fretinf)
    x$fpl$fsub                               0x08002934   Section      234  faddsub_clz.o(x$fpl$fsub)
    _fsub1                                   0x08002943   Thumb Code     0  faddsub_clz.o(x$fpl$fsub)
    x$fpl$printf1                            0x08002a1e   Section        4  printf1.o(x$fpl$printf1)
    x$fpl$printf2                            0x08002a22   Section        4  printf2.o(x$fpl$printf2)
    x$fpl$usenofp                            0x08002a26   Section        0  usenofp.o(x$fpl$usenofp)
    initial_mbstate                          0x08002a28   Data           8  _printf_wctomb.o(.constdata)
    .constdata                               0x08002a28   Section        8  _printf_wctomb.o(.constdata)
    uc_hextab                                0x08002a30   Data          20  _printf_hex_int_ll_ptr.o(.constdata)
    .constdata                               0x08002a30   Section       40  _printf_hex_int_ll_ptr.o(.constdata)
    lc_hextab                                0x08002a44   Data          20  _printf_hex_int_ll_ptr.o(.constdata)
    maptable                                 0x08002a58   Data          17  __printf_flags_ss_wp.o(.constdata)
    .constdata                               0x08002a58   Section       17  __printf_flags_ss_wp.o(.constdata)
    lc_hextab                                0x08002a69   Data          19  _printf_fp_hex.o(.constdata)
    .constdata                               0x08002a69   Section       38  _printf_fp_hex.o(.constdata)
    uc_hextab                                0x08002a7c   Data          19  _printf_fp_hex.o(.constdata)
    tenpwrs_x                                0x08002a90   Data          60  bigflt0.o(.constdata)
    .constdata                               0x08002a90   Section      148  bigflt0.o(.constdata)
    tenpwrs_i                                0x08002acc   Data          64  bigflt0.o(.constdata)
    .L.str                                   0x08002b24   Data           7  main.o(.rodata.str1.1)
    [Anonymous Symbol]                       0x08002b24   Section        0  main.o(.rodata.str1.1)
    .L.str.1                                 0x08002b2b   Data           7  main.o(.rodata.str1.1)
    .L.str.3                                 0x08002b32   Data          13  main.o(.rodata.str1.1)
    .L.str.2                                 0x08002b3f   Data          17  main.o(.rodata.str1.1)
    .L.str                                   0x08002b50   Data           3  lcd.o(.rodata.str1.1)
    [Anonymous Symbol]                       0x08002b50   Section        0  lcd.o(.rodata.str1.1)
    locale$$data                             0x08002b64   Section       28  lc_numeric_c.o(locale$$data)
    __lcnum_c_name                           0x08002b68   Data           2  lc_numeric_c.o(locale$$data)
    __lcnum_c_start                          0x08002b70   Data           0  lc_numeric_c.o(locale$$data)
    __lcnum_c_point                          0x08002b7c   Data           0  lc_numeric_c.o(locale$$data)
    __lcnum_c_thousands                      0x08002b7e   Data           0  lc_numeric_c.o(locale$$data)
    __lcnum_c_grouping                       0x08002b7f   Data           0  lc_numeric_c.o(locale$$data)
    __lcnum_c_end                            0x08002b80   Data           0  lc_numeric_c.o(locale$$data)
    locale$$data                             0x08002b80   Section      272  lc_ctype_c.o(locale$$data)
    __lcctype_c_name                         0x08002b84   Data           2  lc_ctype_c.o(locale$$data)
    __lcctype_c_start                        0x08002b8c   Data           0  lc_ctype_c.o(locale$$data)
    __lcctype_c_end                          0x08002c90   Data           0  lc_ctype_c.o(locale$$data)
    .bss                                     0x20000000   Section       96  libspace.o(.bss)
    Heap_Mem                                 0x20000060   Data         512  startup_stm32f10x_md.o(HEAP)
    HEAP                                     0x20000060   Section      512  startup_stm32f10x_md.o(HEAP)
    Stack_Mem                                0x20000260   Data        1024  startup_stm32f10x_md.o(STACK)
    STACK                                    0x20000260   Section     1024  startup_stm32f10x_md.o(STACK)
    __initial_sp                             0x20000660   Data           0  startup_stm32f10x_md.o(STACK)

    Global Symbols

    Symbol Name                              Value     Ov Type        Size  Object(Section)

    BuildAttributes$$THM_ISAv4$P$D$K$B$S$PE$A:L22UL41UL21$X:L11$S22US41US21$IEEE1$IW$~IW$USESV6$~STKCKD$USESV7$~SHL$OTIME$ROPI$IEEEJ$EBA8$UX$STANDARDLIB$REQ8$PRES8$EABIv2 0x00000000   Number         0  anon$$obj.o ABSOLUTE
    __fp_init_empty                          0x00000000   Number         0  fpinit_empty.o ABSOLUTE
    _printf_flags                            0x00000000   Number         0  printf_stubs.o ABSOLUTE
    _printf_return_value                     0x00000000   Number         0  printf_stubs.o ABSOLUTE
    _printf_sizespec                         0x00000000   Number         0  printf_stubs.o ABSOLUTE
    _printf_widthprec                        0x00000000   Number         0  printf_stubs.o ABSOLUTE
    __ARM_exceptions_init                     - Undefined Weak Reference
    __alloca_initialize                       - Undefined Weak Reference
    __arm_preinit_                            - Undefined Weak Reference
    __arm_relocate_pie_                       - Undefined Weak Reference
    __cpp_initialize__aeabi_                  - Undefined Weak Reference
    __cxa_finalize                            - Undefined Weak Reference
    __sigvec_lookup                           - Undefined Weak Reference
    _atexit_init                              - Undefined Weak Reference
    _call_atexit_fns                          - Undefined Weak Reference
    _clock_init                               - Undefined Weak Reference
    _fp_trap_init                             - Undefined Weak Reference
    _fp_trap_shutdown                         - Undefined Weak Reference
    _get_lc_collate                           - Undefined Weak Reference
    _get_lc_monetary                          - Undefined Weak Reference
    _get_lc_time                              - Undefined Weak Reference
    _getenv_init                              - Undefined Weak Reference
    _handle_redirection                       - Undefined Weak Reference
    _init_alloc                               - Undefined Weak Reference
    _init_user_alloc                          - Undefined Weak Reference
    _initio                                   - Undefined Weak Reference
    _printf_mbtowc                            - Undefined Weak Reference
    _printf_wc                                - Undefined Weak Reference
    _rand_init                                - Undefined Weak Reference
    _signal_finish                            - Undefined Weak Reference
    _signal_init                              - Undefined Weak Reference
    _terminate_alloc                          - Undefined Weak Reference
    _terminate_user_alloc                     - Undefined Weak Reference
    _terminateio                              - Undefined Weak Reference
    __Vectors_Size                           0x000000ec   Number         0  startup_stm32f10x_md.o ABSOLUTE
    __Vectors                                0x08000000   Data           4  startup_stm32f10x_md.o(RESET)
    __Vectors_End                            0x080000ec   Data           0  startup_stm32f10x_md.o(RESET)
    __main                                   0x080000ed   Thumb Code     8  __main.o(!!!main)
    __scatterload                            0x080000f5   Thumb Code     0  __scatter.o(!!!scatter)
    __scatterload_rt2                        0x080000f5   Thumb Code    44  __scatter.o(!!!scatter)
    __scatterload_rt2_thumb_only             0x080000f5   Thumb Code     0  __scatter.o(!!!scatter)
    __scatterload_null                       0x08000103   Thumb Code     0  __scatter.o(!!!scatter)
    __scatterload_zeroinit                   0x08000129   Thumb Code    28  __scatter_zi.o(!!handler_zi)
    _printf_n                                0x08000145   Thumb Code     0  _printf_n.o(.ARM.Collect$$_printf_percent$$00000001)
    _printf_percent                          0x08000145   Thumb Code     0  _printf_percent.o(.ARM.Collect$$_printf_percent$$00000000)
    _printf_p                                0x0800014b   Thumb Code     0  _printf_p.o(.ARM.Collect$$_printf_percent$$00000002)
    _printf_f                                0x08000151   Thumb Code     0  _printf_f.o(.ARM.Collect$$_printf_percent$$00000003)
    _printf_e                                0x08000157   Thumb Code     0  _printf_e.o(.ARM.Collect$$_printf_percent$$00000004)
    _printf_g                                0x0800015d   Thumb Code     0  _printf_g.o(.ARM.Collect$$_printf_percent$$00000005)
    _printf_a                                0x08000163   Thumb Code     0  _printf_a.o(.ARM.Collect$$_printf_percent$$00000006)
    _printf_ll                               0x08000169   Thumb Code     0  _printf_ll.o(.ARM.Collect$$_printf_percent$$00000007)
    _printf_i                                0x08000173   Thumb Code     0  _printf_i.o(.ARM.Collect$$_printf_percent$$00000008)
    _printf_d                                0x08000179   Thumb Code     0  _printf_d.o(.ARM.Collect$$_printf_percent$$00000009)
    _printf_u                                0x0800017f   Thumb Code     0  _printf_u.o(.ARM.Collect$$_printf_percent$$0000000A)
    _printf_o                                0x08000185   Thumb Code     0  _printf_o.o(.ARM.Collect$$_printf_percent$$0000000B)
    _printf_x                                0x0800018b   Thumb Code     0  _printf_x.o(.ARM.Collect$$_printf_percent$$0000000C)
    _printf_lli                              0x08000191   Thumb Code     0  _printf_lli.o(.ARM.Collect$$_printf_percent$$0000000D)
    _printf_lld                              0x08000197   Thumb Code     0  _printf_lld.o(.ARM.Collect$$_printf_percent$$0000000E)
    _printf_llu                              0x0800019d   Thumb Code     0  _printf_llu.o(.ARM.Collect$$_printf_percent$$0000000F)
    _printf_llo                              0x080001a3   Thumb Code     0  _printf_llo.o(.ARM.Collect$$_printf_percent$$00000010)
    _printf_llx                              0x080001a9   Thumb Code     0  _printf_llx.o(.ARM.Collect$$_printf_percent$$00000011)
    _printf_l                                0x080001af   Thumb Code     0  _printf_l.o(.ARM.Collect$$_printf_percent$$00000012)
    _printf_c                                0x080001b9   Thumb Code     0  _printf_c.o(.ARM.Collect$$_printf_percent$$00000013)
    _printf_s                                0x080001bf   Thumb Code     0  _printf_s.o(.ARM.Collect$$_printf_percent$$00000014)
    _printf_lc                               0x080001c5   Thumb Code     0  _printf_lc.o(.ARM.Collect$$_printf_percent$$00000015)
    _printf_ls                               0x080001cb   Thumb Code     0  _printf_ls.o(.ARM.Collect$$_printf_percent$$00000016)
    _printf_percent_end                      0x080001d1   Thumb Code     0  _printf_percent_end.o(.ARM.Collect$$_printf_percent$$00000017)
    __rt_lib_init                            0x080001d5   Thumb Code     0  libinit.o(.ARM.Collect$$libinit$$00000000)
    __rt_lib_init_fp_1                       0x080001d7   Thumb Code     0  libinit2.o(.ARM.Collect$$libinit$$00000002)
    __rt_lib_init_heap_1                     0x080001d7   Thumb Code     0  libinit2.o(.ARM.Collect$$libinit$$0000000C)
    __rt_lib_init_lc_common                  0x080001d7   Thumb Code     0  libinit2.o(.ARM.Collect$$libinit$$00000011)
    __rt_lib_init_preinit_1                  0x080001d7   Thumb Code     0  libinit2.o(.ARM.Collect$$libinit$$00000006)
    __rt_lib_init_rand_1                     0x080001d7   Thumb Code     0  libinit2.o(.ARM.Collect$$libinit$$00000010)
    __rt_lib_init_relocate_pie_1             0x080001d7   Thumb Code     0  libinit2.o(.ARM.Collect$$libinit$$00000004)
    __rt_lib_init_user_alloc_1               0x080001d7   Thumb Code     0  libinit2.o(.ARM.Collect$$libinit$$0000000E)
    __rt_lib_init_lc_collate_1               0x080001dd   Thumb Code     0  libinit2.o(.ARM.Collect$$libinit$$00000013)
    __rt_lib_init_lc_ctype_2                 0x080001dd   Thumb Code     0  libinit2.o(.ARM.Collect$$libinit$$00000014)
    __rt_lib_init_lc_ctype_1                 0x080001e9   Thumb Code     0  libinit2.o(.ARM.Collect$$libinit$$00000015)
    __rt_lib_init_lc_monetary_1              0x080001e9   Thumb Code     0  libinit2.o(.ARM.Collect$$libinit$$00000017)
    __rt_lib_init_lc_numeric_2               0x080001e9   Thumb Code     0  libinit2.o(.ARM.Collect$$libinit$$00000018)
    __rt_lib_init_alloca_1                   0x080001f3   Thumb Code     0  libinit2.o(.ARM.Collect$$libinit$$00000030)
    __rt_lib_init_argv_1                     0x080001f3   Thumb Code     0  libinit2.o(.ARM.Collect$$libinit$$0000002E)
    __rt_lib_init_atexit_1                   0x080001f3   Thumb Code     0  libinit2.o(.ARM.Collect$$libinit$$0000001D)
    __rt_lib_init_clock_1                    0x080001f3   Thumb Code     0  libinit2.o(.ARM.Collect$$libinit$$00000023)
    __rt_lib_init_cpp_1                      0x080001f3   Thumb Code     0  libinit2.o(.ARM.Collect$$libinit$$00000034)
    __rt_lib_init_exceptions_1               0x080001f3   Thumb Code     0  libinit2.o(.ARM.Collect$$libinit$$00000032)
    __rt_lib_init_fp_trap_1                  0x080001f3   Thumb Code     0  libinit2.o(.ARM.Collect$$libinit$$00000021)
    __rt_lib_init_getenv_1                   0x080001f3   Thumb Code     0  libinit2.o(.ARM.Collect$$libinit$$00000025)
    __rt_lib_init_lc_numeric_1               0x080001f3   Thumb Code     0  libinit2.o(.ARM.Collect$$libinit$$00000019)
    __rt_lib_init_lc_time_1                  0x080001f3   Thumb Code     0  libinit2.o(.ARM.Collect$$libinit$$0000001B)
    __rt_lib_init_return                     0x080001f3   Thumb Code     0  libinit2.o(.ARM.Collect$$libinit$$00000035)
    __rt_lib_init_signal_1                   0x080001f3   Thumb Code     0  libinit2.o(.ARM.Collect$$libinit$$0000001F)
    __rt_lib_init_stdio_1                    0x080001f3   Thumb Code     0  libinit2.o(.ARM.Collect$$libinit$$00000027)
    __rt_lib_shutdown                        0x080001f5   Thumb Code     0  libshutdown.o(.ARM.Collect$$libshutdown$$00000000)
    __rt_lib_shutdown_cpp_1                  0x080001f7   Thumb Code     0  libshutdown2.o(.ARM.Collect$$libshutdown$$00000002)
    __rt_lib_shutdown_fp_trap_1              0x080001f7   Thumb Code     0  libshutdown2.o(.ARM.Collect$$libshutdown$$00000007)
    __rt_lib_shutdown_heap_1                 0x080001f7   Thumb Code     0  libshutdown2.o(.ARM.Collect$$libshutdown$$0000000F)
    __rt_lib_shutdown_return                 0x080001f7   Thumb Code     0  libshutdown2.o(.ARM.Collect$$libshutdown$$00000010)
    __rt_lib_shutdown_signal_1               0x080001f7   Thumb Code     0  libshutdown2.o(.ARM.Collect$$libshutdown$$0000000A)
    __rt_lib_shutdown_stdio_1                0x080001f7   Thumb Code     0  libshutdown2.o(.ARM.Collect$$libshutdown$$00000004)
    __rt_lib_shutdown_user_alloc_1           0x080001f7   Thumb Code     0  libshutdown2.o(.ARM.Collect$$libshutdown$$0000000C)
    __rt_entry                               0x080001f9   Thumb Code     0  __rtentry.o(.ARM.Collect$$rtentry$$00000000)
    __rt_entry_presh_1                       0x080001f9   Thumb Code     0  __rtentry2.o(.ARM.Collect$$rtentry$$00000002)
    __rt_entry_sh                            0x080001f9   Thumb Code     0  __rtentry4.o(.ARM.Collect$$rtentry$$00000004)
    __rt_entry_li                            0x080001ff   Thumb Code     0  __rtentry2.o(.ARM.Collect$$rtentry$$0000000A)
    __rt_entry_postsh_1                      0x080001ff   Thumb Code     0  __rtentry2.o(.ARM.Collect$$rtentry$$00000009)
    __rt_entry_main                          0x08000203   Thumb Code     0  __rtentry2.o(.ARM.Collect$$rtentry$$0000000D)
    __rt_entry_postli_1                      0x08000203   Thumb Code     0  __rtentry2.o(.ARM.Collect$$rtentry$$0000000C)
    __rt_exit                                0x0800020b   Thumb Code     0  rtexit.o(.ARM.Collect$$rtexit$$00000000)
    __rt_exit_ls                             0x0800020d   Thumb Code     0  rtexit2.o(.ARM.Collect$$rtexit$$00000003)
    __rt_exit_prels_1                        0x0800020d   Thumb Code     0  rtexit2.o(.ARM.Collect$$rtexit$$00000002)
    __rt_exit_exit                           0x08000211   Thumb Code     0  rtexit2.o(.ARM.Collect$$rtexit$$00000004)
    Reset_Handler                            0x08000219   Thumb Code     8  startup_stm32f10x_md.o(.text)
    NMI_Handler                              0x08000221   Thumb Code     2  startup_stm32f10x_md.o(.text)
    HardFault_Handler                        0x08000223   Thumb Code     2  startup_stm32f10x_md.o(.text)
    MemManage_Handler                        0x08000225   Thumb Code     2  startup_stm32f10x_md.o(.text)
    BusFault_Handler                         0x08000227   Thumb Code     2  startup_stm32f10x_md.o(.text)
    UsageFault_Handler                       0x08000229   Thumb Code     2  startup_stm32f10x_md.o(.text)
    SVC_Handler                              0x0800022b   Thumb Code     2  startup_stm32f10x_md.o(.text)
    DebugMon_Handler                         0x0800022d   Thumb Code     2  startup_stm32f10x_md.o(.text)
    PendSV_Handler                           0x0800022f   Thumb Code     2  startup_stm32f10x_md.o(.text)
    SysTick_Handler                          0x08000231   Thumb Code     2  startup_stm32f10x_md.o(.text)
    ADC1_2_IRQHandler                        0x08000233   Thumb Code     0  startup_stm32f10x_md.o(.text)
    CAN1_RX1_IRQHandler                      0x08000233   Thumb Code     0  startup_stm32f10x_md.o(.text)
    CAN1_SCE_IRQHandler                      0x08000233   Thumb Code     0  startup_stm32f10x_md.o(.text)
    DMA1_Channel1_IRQHandler                 0x08000233   Thumb Code     0  startup_stm32f10x_md.o(.text)
    DMA1_Channel2_IRQHandler                 0x08000233   Thumb Code     0  startup_stm32f10x_md.o(.text)
    DMA1_Channel3_IRQHandler                 0x08000233   Thumb Code     0  startup_stm32f10x_md.o(.text)
    DMA1_Channel4_IRQHandler                 0x08000233   Thumb Code     0  startup_stm32f10x_md.o(.text)
    DMA1_Channel5_IRQHandler                 0x08000233   Thumb Code     0  startup_stm32f10x_md.o(.text)
    DMA1_Channel6_IRQHandler                 0x08000233   Thumb Code     0  startup_stm32f10x_md.o(.text)
    DMA1_Channel7_IRQHandler                 0x08000233   Thumb Code     0  startup_stm32f10x_md.o(.text)
    EXTI0_IRQHandler                         0x08000233   Thumb Code     0  startup_stm32f10x_md.o(.text)
    EXTI15_10_IRQHandler                     0x08000233   Thumb Code     0  startup_stm32f10x_md.o(.text)
    EXTI1_IRQHandler                         0x08000233   Thumb Code     0  startup_stm32f10x_md.o(.text)
    EXTI2_IRQHandler                         0x08000233   Thumb Code     0  startup_stm32f10x_md.o(.text)
    EXTI3_IRQHandler                         0x08000233   Thumb Code     0  startup_stm32f10x_md.o(.text)
    EXTI4_IRQHandler                         0x08000233   Thumb Code     0  startup_stm32f10x_md.o(.text)
    EXTI9_5_IRQHandler                       0x08000233   Thumb Code     0  startup_stm32f10x_md.o(.text)
    FLASH_IRQHandler                         0x08000233   Thumb Code     0  startup_stm32f10x_md.o(.text)
    I2C1_ER_IRQHandler                       0x08000233   Thumb Code     0  startup_stm32f10x_md.o(.text)
    I2C1_EV_IRQHandler                       0x08000233   Thumb Code     0  startup_stm32f10x_md.o(.text)
    I2C2_ER_IRQHandler                       0x08000233   Thumb Code     0  startup_stm32f10x_md.o(.text)
    I2C2_EV_IRQHandler                       0x08000233   Thumb Code     0  startup_stm32f10x_md.o(.text)
    PVD_IRQHandler                           0x08000233   Thumb Code     0  startup_stm32f10x_md.o(.text)
    RCC_IRQHandler                           0x08000233   Thumb Code     0  startup_stm32f10x_md.o(.text)
    RTCAlarm_IRQHandler                      0x08000233   Thumb Code     0  startup_stm32f10x_md.o(.text)
    RTC_IRQHandler                           0x08000233   Thumb Code     0  startup_stm32f10x_md.o(.text)
    SPI1_IRQHandler                          0x08000233   Thumb Code     0  startup_stm32f10x_md.o(.text)
    SPI2_IRQHandler                          0x08000233   Thumb Code     0  startup_stm32f10x_md.o(.text)
    TAMPER_IRQHandler                        0x08000233   Thumb Code     0  startup_stm32f10x_md.o(.text)
    TIM1_BRK_IRQHandler                      0x08000233   Thumb Code     0  startup_stm32f10x_md.o(.text)
    TIM1_CC_IRQHandler                       0x08000233   Thumb Code     0  startup_stm32f10x_md.o(.text)
    TIM1_TRG_COM_IRQHandler                  0x08000233   Thumb Code     0  startup_stm32f10x_md.o(.text)
    TIM1_UP_IRQHandler                       0x08000233   Thumb Code     0  startup_stm32f10x_md.o(.text)
    TIM2_IRQHandler                          0x08000233   Thumb Code     0  startup_stm32f10x_md.o(.text)
    TIM3_IRQHandler                          0x08000233   Thumb Code     0  startup_stm32f10x_md.o(.text)
    TIM4_IRQHandler                          0x08000233   Thumb Code     0  startup_stm32f10x_md.o(.text)
    USART1_IRQHandler                        0x08000233   Thumb Code     0  startup_stm32f10x_md.o(.text)
    USART2_IRQHandler                        0x08000233   Thumb Code     0  startup_stm32f10x_md.o(.text)
    USART3_IRQHandler                        0x08000233   Thumb Code     0  startup_stm32f10x_md.o(.text)
    USBWakeUp_IRQHandler                     0x08000233   Thumb Code     0  startup_stm32f10x_md.o(.text)
    USB_HP_CAN1_TX_IRQHandler                0x08000233   Thumb Code     0  startup_stm32f10x_md.o(.text)
    USB_LP_CAN1_RX0_IRQHandler               0x08000233   Thumb Code     0  startup_stm32f10x_md.o(.text)
    WWDG_IRQHandler                          0x08000233   Thumb Code     0  startup_stm32f10x_md.o(.text)
    __user_initial_stackheap                 0x08000235   Thumb Code     0  startup_stm32f10x_md.o(.text)
    sprintf                                  0x08000259   Thumb Code    38  sprintf.o(.text)
    strlen                                   0x08000285   Thumb Code    62  strlen.o(.text)
    __use_two_region_memory                  0x080002c3   Thumb Code     2  heapauxi.o(.text)
    __rt_heap_escrow$2region                 0x080002c5   Thumb Code     2  heapauxi.o(.text)
    __rt_heap_expand$2region                 0x080002c7   Thumb Code     2  heapauxi.o(.text)
    _printf_pre_padding                      0x080002c9   Thumb Code    44  _printf_pad.o(.text)
    _printf_post_padding                     0x080002f5   Thumb Code    34  _printf_pad.o(.text)
    _printf_truncate_signed                  0x08000317   Thumb Code    18  _printf_truncate.o(.text)
    _printf_truncate_unsigned                0x08000329   Thumb Code    18  _printf_truncate.o(.text)
    _printf_str                              0x0800033b   Thumb Code    82  _printf_str.o(.text)
    _printf_int_dec                          0x0800038d   Thumb Code   104  _printf_dec.o(.text)
    _printf_charcount                        0x08000405   Thumb Code    40  _printf_charcount.o(.text)
    _printf_char_common                      0x08000437   Thumb Code    32  _printf_char_common.o(.text)
    _sputc                                   0x0800045d   Thumb Code    10  _sputc.o(.text)
    _printf_wctomb                           0x08000469   Thumb Code   182  _printf_wctomb.o(.text)
    _printf_longlong_dec                     0x08000525   Thumb Code   108  _printf_longlong_dec.o(.text)
    _printf_longlong_oct                     0x080005a1   Thumb Code    68  _printf_oct_int_ll.o(.text)
    _printf_int_oct                          0x080005e5   Thumb Code    24  _printf_oct_int_ll.o(.text)
    _printf_ll_oct                           0x080005fd   Thumb Code    12  _printf_oct_int_ll.o(.text)
    _printf_longlong_hex                     0x08000611   Thumb Code    86  _printf_hex_int_ll_ptr.o(.text)
    _printf_int_hex                          0x08000667   Thumb Code    28  _printf_hex_int_ll_ptr.o(.text)
    _printf_ll_hex                           0x08000683   Thumb Code    12  _printf_hex_int_ll_ptr.o(.text)
    _printf_hex_ptr                          0x0800068f   Thumb Code    18  _printf_hex_int_ll_ptr.o(.text)
    __printf                                 0x080006a5   Thumb Code   388  __printf_flags_ss_wp.o(.text)
    _ll_udiv10                               0x0800082d   Thumb Code   138  lludiv10.o(.text)
    _printf_int_common                       0x080008b7   Thumb Code   178  _printf_intcommon.o(.text)
    _printf_fp_dec_real                      0x08000b19   Thumb Code   620  _printf_fp_dec.o(.text)
    _printf_fp_hex_real                      0x08000d85   Thumb Code   756  _printf_fp_hex.o(.text)
    _printf_cs_common                        0x08001081   Thumb Code    20  _printf_char.o(.text)
    _printf_char                             0x08001095   Thumb Code    16  _printf_char.o(.text)
    _printf_string                           0x080010a5   Thumb Code     8  _printf_char.o(.text)
    _printf_lcs_common                       0x080010ad   Thumb Code    20  _printf_wchar.o(.text)
    _printf_wchar                            0x080010c1   Thumb Code    16  _printf_wchar.o(.text)
    _printf_wstring                          0x080010d1   Thumb Code     8  _printf_wchar.o(.text)
    _c16rtomb                                0x080010d9   Thumb Code    72  _c16rtomb.o(.text)
    _wcrtomb                                 0x080010d9   Thumb Code     0  _c16rtomb.o(.text)
    __user_setup_stackheap                   0x08001121   Thumb Code    74  sys_stackheap_outer.o(.text)
    __rt_ctype_table                         0x0800116d   Thumb Code    16  rt_ctype_table.o(.text)
    __rt_locale                              0x0800117d   Thumb Code     8  rt_locale_intlibspace.o(.text)
    _printf_fp_infnan                        0x08001185   Thumb Code   112  _printf_fp_infnan.o(.text)
    _btod_etento                             0x08001205   Thumb Code   224  bigflt0.o(.text)
    exit                                     0x080012e9   Thumb Code    18  exit.o(.text)
    __user_libspace                          0x080012fd   Thumb Code     8  libspace.o(.text)
    __user_perproc_libspace                  0x080012fd   Thumb Code     0  libspace.o(.text)
    __user_perthread_libspace                0x080012fd   Thumb Code     0  libspace.o(.text)
    strcmp                                   0x08001305   Thumb Code   128  strcmpv7m.o(.text)
    _sys_exit                                0x08001385   Thumb Code     8  sys_exit.o(.text)
    __I$use$semihosting                      0x08001391   Thumb Code     0  use_no_semi.o(.text)
    __use_no_semihosting_swi                 0x08001391   Thumb Code     2  use_no_semi.o(.text)
    __semihosting_library_function           0x08001393   Thumb Code     0  indicate_semi.o(.text)
    SystemInit                               0x080014c1   Thumb Code   102  system_stm32f10x.o(.text.SystemInit)
    adc_Read                                 0x08001529   Thumb Code    56  adc.o(.text.adc_Read)
    clockInit                                0x08001561   Thumb Code   264  util.o(.text.clockInit)
    commandToLCD                             0x08001669   Thumb Code    84  lcd.o(.text.commandToLCD)
    dataToLCD                                0x080016bd   Thumb Code    86  lcd.o(.text.dataToLCD)
    delay                                    0x08001715   Thumb Code    22  util.o(.text.delay)
    initIRSensorpins                         0x0800172d   Thumb Code    42  irsensor.o(.text.initIRSensorpins)
    initSolenoidPins                         0x08001759   Thumb Code    42  irsensor.o(.text.initSolenoidPins)
    initializeADC                            0x08001785   Thumb Code    56  adc.o(.text.initializeADC)
    initializeLCD                            0x080017bd   Thumb Code    12  lcd.o(.text.initializeLCD)
    intToLCD                                 0x080017c9   Thumb Code    34  lcd.o(.text.intToLCD)
    lcdGpioSetup                             0x080017ed   Thumb Code    74  lcd.o(.text.lcdGpioSetup)
    lcdSetup                                 0x08001839   Thumb Code    72  lcd.o(.text.lcdSetup)
    main                                     0x08001881   Thumb Code   282  main.o(.text.main)
    read_sensor_data                         0x0800199d   Thumb Code    44  irsensor.o(.text.read_sensor_data)
    stringToLCD                              0x080019c9   Thumb Code    70  lcd.o(.text.stringToLCD)
    sysTickInit                              0x08001a11   Thumb Code    40  interrupt.o(.text.sysTickInit)
    _btod_d2e                                0x08001a39   Thumb Code    62  btod.o(CL$$btod_d2e)
    _d2e_denorm_low                          0x08001a77   Thumb Code    70  btod.o(CL$$btod_d2e_denorm_low)
    _d2e_norm_op1                            0x08001abd   Thumb Code    96  btod.o(CL$$btod_d2e_norm_op1)
    __btod_div_common                        0x08001b1d   Thumb Code   696  btod.o(CL$$btod_div_common)
    _e2e                                     0x08001e55   Thumb Code   220  btod.o(CL$$btod_e2e)
    _btod_ediv                               0x08001f31   Thumb Code    42  btod.o(CL$$btod_ediv)
    _btod_emul                               0x08001f5b   Thumb Code    42  btod.o(CL$$btod_emul)
    __btod_mult_common                       0x08001f85   Thumb Code   580  btod.o(CL$$btod_mult_common)
    __ARM_fpclassify                         0x080021c9   Thumb Code    40  fpclassify.o(i.__ARM_fpclassify)
    _is_digit                                0x080021f1   Thumb Code    14  __printf_wp.o(i._is_digit)
    _get_lc_numeric                          0x08002201   Thumb Code    44  lc_numeric_c.o(locale$$code)
    _get_lc_ctype                            0x0800222d   Thumb Code    44  lc_ctype_c.o(locale$$code)
    __aeabi_d2f                              0x08002259   Thumb Code     0  d2f.o(x$fpl$d2f)
    _d2f                                     0x08002259   Thumb Code    98  d2f.o(x$fpl$d2f)
    __aeabi_ddiv                             0x080022bd   Thumb Code     0  ddiv.o(x$fpl$ddiv)
    _ddiv                                    0x080022bd   Thumb Code   556  ddiv.o(x$fpl$ddiv)
    __fpl_dnaninf                            0x08002571   Thumb Code   156  dnaninf.o(x$fpl$dnaninf)
    __fpl_dretinf                            0x0800260d   Thumb Code    12  dretinf.o(x$fpl$dretinf)
    __aeabi_f2d                              0x08002619   Thumb Code     0  f2d.o(x$fpl$f2d)
    _f2d                                     0x08002619   Thumb Code    86  f2d.o(x$fpl$f2d)
    __aeabi_fadd                             0x08002671   Thumb Code     0  faddsub_clz.o(x$fpl$fadd)
    _fadd                                    0x08002671   Thumb Code   196  faddsub_clz.o(x$fpl$fadd)
    __aeabi_f2iz                             0x08002735   Thumb Code     0  ffix.o(x$fpl$ffix)
    _ffix                                    0x08002735   Thumb Code    54  ffix.o(x$fpl$ffix)
    __aeabi_i2f                              0x0800276d   Thumb Code     0  fflt_clz.o(x$fpl$fflt)
    _fflt                                    0x0800276d   Thumb Code    48  fflt_clz.o(x$fpl$fflt)
    __aeabi_fmul                             0x0800279d   Thumb Code     0  fmul.o(x$fpl$fmul)
    _fmul                                    0x0800279d   Thumb Code   258  fmul.o(x$fpl$fmul)
    __fpl_fnaninf                            0x0800289f   Thumb Code   140  fnaninf.o(x$fpl$fnaninf)
    __fpl_fretinf                            0x0800292b   Thumb Code    10  fretinf.o(x$fpl$fretinf)
    __aeabi_fsub                             0x08002935   Thumb Code     0  faddsub_clz.o(x$fpl$fsub)
    _fsub                                    0x08002935   Thumb Code   234  faddsub_clz.o(x$fpl$fsub)
    _printf_fp_dec                           0x08002a1f   Thumb Code     4  printf1.o(x$fpl$printf1)
    _printf_fp_hex                           0x08002a23   Thumb Code     4  printf2.o(x$fpl$printf2)
    __I$use$fp                               0x08002a26   Number         0  usenofp.o(x$fpl$usenofp)
    Region$$Table$$Base                      0x08002b54   Number         0  anon$$obj.o(Region$$Table)
    Region$$Table$$Limit                     0x08002b64   Number         0  anon$$obj.o(Region$$Table)
    __ctype                                  0x08002b8d   Data           0  lc_ctype_c.o(locale$$data)
    __libspace_start                         0x20000000   Data          96  libspace.o(.bss)
    __temporary_stack_top$libspace           0x20000060   Data           0  libspace.o(.bss)



==============================================================================

Memory Map of the image

  Image Entry point : 0x08000219

  Load Region LR_1 (Base: 0x08000000, Size: 0x00002c90, Max: 0xffffffff, ABSOLUTE)

    Execution Region ER_RO (Exec base: 0x08000000, Load base: 0x08000000, Size: 0x00002c90, Max: 0xffffffff, ABSOLUTE)

    Exec Addr    Load Addr    Size         Type   Attr      Idx    E Section Name        Object

    0x08000000   0x08000000   0x000000ec   Data   RO          149    RESET               startup_stm32f10x_md.o
    0x080000ec   0x080000ec   0x00000008   Code   RO          181  * !!!main             c_w.l(__main.o)
    0x080000f4   0x080000f4   0x00000034   Code   RO          552    !!!scatter          c_w.l(__scatter.o)
    0x08000128   0x08000128   0x0000001c   Code   RO          554    !!handler_zi        c_w.l(__scatter_zi.o)
    0x08000144   0x08000144   0x00000000   Code   RO          291    .ARM.Collect$$_printf_percent$$00000000  c_w.l(_printf_percent.o)
    0x08000144   0x08000144   0x00000006   Code   RO          280    .ARM.Collect$$_printf_percent$$00000001  c_w.l(_printf_n.o)
    0x0800014a   0x0800014a   0x00000006   Code   RO          282    .ARM.Collect$$_printf_percent$$00000002  c_w.l(_printf_p.o)
    0x08000150   0x08000150   0x00000006   Code   RO          287    .ARM.Collect$$_printf_percent$$00000003  c_w.l(_printf_f.o)
    0x08000156   0x08000156   0x00000006   Code   RO          288    .ARM.Collect$$_printf_percent$$00000004  c_w.l(_printf_e.o)
    0x0800015c   0x0800015c   0x00000006   Code   RO          289    .ARM.Collect$$_printf_percent$$00000005  c_w.l(_printf_g.o)
    0x08000162   0x08000162   0x00000006   Code   RO          290    .ARM.Collect$$_printf_percent$$00000006  c_w.l(_printf_a.o)
    0x08000168   0x08000168   0x0000000a   Code   RO          295    .ARM.Collect$$_printf_percent$$00000007  c_w.l(_printf_ll.o)
    0x08000172   0x08000172   0x00000006   Code   RO          284    .ARM.Collect$$_printf_percent$$00000008  c_w.l(_printf_i.o)
    0x08000178   0x08000178   0x00000006   Code   RO          285    .ARM.Collect$$_printf_percent$$00000009  c_w.l(_printf_d.o)
    0x0800017e   0x0800017e   0x00000006   Code   RO          286    .ARM.Collect$$_printf_percent$$0000000A  c_w.l(_printf_u.o)
    0x08000184   0x08000184   0x00000006   Code   RO          283    .ARM.Collect$$_printf_percent$$0000000B  c_w.l(_printf_o.o)
    0x0800018a   0x0800018a   0x00000006   Code   RO          281    .ARM.Collect$$_printf_percent$$0000000C  c_w.l(_printf_x.o)
    0x08000190   0x08000190   0x00000006   Code   RO          292    .ARM.Collect$$_printf_percent$$0000000D  c_w.l(_printf_lli.o)
    0x08000196   0x08000196   0x00000006   Code   RO          293    .ARM.Collect$$_printf_percent$$0000000E  c_w.l(_printf_lld.o)
    0x0800019c   0x0800019c   0x00000006   Code   RO          294    .ARM.Collect$$_printf_percent$$0000000F  c_w.l(_printf_llu.o)
    0x080001a2   0x080001a2   0x00000006   Code   RO          299    .ARM.Collect$$_printf_percent$$00000010  c_w.l(_printf_llo.o)
    0x080001a8   0x080001a8   0x00000006   Code   RO          300    .ARM.Collect$$_printf_percent$$00000011  c_w.l(_printf_llx.o)
    0x080001ae   0x080001ae   0x0000000a   Code   RO          296    .ARM.Collect$$_printf_percent$$00000012  c_w.l(_printf_l.o)
    0x080001b8   0x080001b8   0x00000006   Code   RO          278    .ARM.Collect$$_printf_percent$$00000013  c_w.l(_printf_c.o)
    0x080001be   0x080001be   0x00000006   Code   RO          279    .ARM.Collect$$_printf_percent$$00000014  c_w.l(_printf_s.o)
    0x080001c4   0x080001c4   0x00000006   Code   RO          297    .ARM.Collect$$_printf_percent$$00000015  c_w.l(_printf_lc.o)
    0x080001ca   0x080001ca   0x00000006   Code   RO          298    .ARM.Collect$$_printf_percent$$00000016  c_w.l(_printf_ls.o)
    0x080001d0   0x080001d0   0x00000004   Code   RO          350    .ARM.Collect$$_printf_percent$$00000017  c_w.l(_printf_percent_end.o)
    0x080001d4   0x080001d4   0x00000002   Code   RO          401    .ARM.Collect$$libinit$$00000000  c_w.l(libinit.o)
    0x080001d6   0x080001d6   0x00000000   Code   RO          419    .ARM.Collect$$libinit$$00000002  c_w.l(libinit2.o)
    0x080001d6   0x080001d6   0x00000000   Code   RO          421    .ARM.Collect$$libinit$$00000004  c_w.l(libinit2.o)
    0x080001d6   0x080001d6   0x00000000   Code   RO          423    .ARM.Collect$$libinit$$00000006  c_w.l(libinit2.o)
    0x080001d6   0x080001d6   0x00000000   Code   RO          426    .ARM.Collect$$libinit$$0000000C  c_w.l(libinit2.o)
    0x080001d6   0x080001d6   0x00000000   Code   RO          428    .ARM.Collect$$libinit$$0000000E  c_w.l(libinit2.o)
    0x080001d6   0x080001d6   0x00000000   Code   RO          430    .ARM.Collect$$libinit$$00000010  c_w.l(libinit2.o)
    0x080001d6   0x080001d6   0x00000006   Code   RO          431    .ARM.Collect$$libinit$$00000011  c_w.l(libinit2.o)
    0x080001dc   0x080001dc   0x00000000   Code   RO          433    .ARM.Collect$$libinit$$00000013  c_w.l(libinit2.o)
    0x080001dc   0x080001dc   0x0000000c   Code   RO          434    .ARM.Collect$$libinit$$00000014  c_w.l(libinit2.o)
    0x080001e8   0x080001e8   0x00000000   Code   RO          435    .ARM.Collect$$libinit$$00000015  c_w.l(libinit2.o)
    0x080001e8   0x080001e8   0x00000000   Code   RO          437    .ARM.Collect$$libinit$$00000017  c_w.l(libinit2.o)
    0x080001e8   0x080001e8   0x0000000a   Code   RO          438    .ARM.Collect$$libinit$$00000018  c_w.l(libinit2.o)
    0x080001f2   0x080001f2   0x00000000   Code   RO          439    .ARM.Collect$$libinit$$00000019  c_w.l(libinit2.o)
    0x080001f2   0x080001f2   0x00000000   Code   RO          441    .ARM.Collect$$libinit$$0000001B  c_w.l(libinit2.o)
    0x080001f2   0x080001f2   0x00000000   Code   RO          443    .ARM.Collect$$libinit$$0000001D  c_w.l(libinit2.o)
    0x080001f2   0x080001f2   0x00000000   Code   RO          445    .ARM.Collect$$libinit$$0000001F  c_w.l(libinit2.o)
    0x080001f2   0x080001f2   0x00000000   Code   RO          447    .ARM.Collect$$libinit$$00000021  c_w.l(libinit2.o)
    0x080001f2   0x080001f2   0x00000000   Code   RO          449    .ARM.Collect$$libinit$$00000023  c_w.l(libinit2.o)
    0x080001f2   0x080001f2   0x00000000   Code   RO          451    .ARM.Collect$$libinit$$00000025  c_w.l(libinit2.o)
    0x080001f2   0x080001f2   0x00000000   Code   RO          453    .ARM.Collect$$libinit$$00000027  c_w.l(libinit2.o)
    0x080001f2   0x080001f2   0x00000000   Code   RO          457    .ARM.Collect$$libinit$$0000002E  c_w.l(libinit2.o)
    0x080001f2   0x080001f2   0x00000000   Code   RO          459    .ARM.Collect$$libinit$$00000030  c_w.l(libinit2.o)
    0x080001f2   0x080001f2   0x00000000   Code   RO          461    .ARM.Collect$$libinit$$00000032  c_w.l(libinit2.o)
    0x080001f2   0x080001f2   0x00000000   Code   RO          463    .ARM.Collect$$libinit$$00000034  c_w.l(libinit2.o)
    0x080001f2   0x080001f2   0x00000002   Code   RO          464    .ARM.Collect$$libinit$$00000035  c_w.l(libinit2.o)
    0x080001f4   0x080001f4   0x00000002   Code   RO          488    .ARM.Collect$$libshutdown$$00000000  c_w.l(libshutdown.o)
    0x080001f6   0x080001f6   0x00000000   Code   RO          503    .ARM.Collect$$libshutdown$$00000002  c_w.l(libshutdown2.o)
    0x080001f6   0x080001f6   0x00000000   Code   RO          505    .ARM.Collect$$libshutdown$$00000004  c_w.l(libshutdown2.o)
    0x080001f6   0x080001f6   0x00000000   Code   RO          508    .ARM.Collect$$libshutdown$$00000007  c_w.l(libshutdown2.o)
    0x080001f6   0x080001f6   0x00000000   Code   RO          511    .ARM.Collect$$libshutdown$$0000000A  c_w.l(libshutdown2.o)
    0x080001f6   0x080001f6   0x00000000   Code   RO          513    .ARM.Collect$$libshutdown$$0000000C  c_w.l(libshutdown2.o)
    0x080001f6   0x080001f6   0x00000000   Code   RO          516    .ARM.Collect$$libshutdown$$0000000F  c_w.l(libshutdown2.o)
    0x080001f6   0x080001f6   0x00000002   Code   RO          517    .ARM.Collect$$libshutdown$$00000010  c_w.l(libshutdown2.o)
    0x080001f8   0x080001f8   0x00000000   Code   RO          209    .ARM.Collect$$rtentry$$00000000  c_w.l(__rtentry.o)
    0x080001f8   0x080001f8   0x00000000   Code   RO          319    .ARM.Collect$$rtentry$$00000002  c_w.l(__rtentry2.o)
    0x080001f8   0x080001f8   0x00000006   Code   RO          331    .ARM.Collect$$rtentry$$00000004  c_w.l(__rtentry4.o)
    0x080001fe   0x080001fe   0x00000000   Code   RO          321    .ARM.Collect$$rtentry$$00000009  c_w.l(__rtentry2.o)
    0x080001fe   0x080001fe   0x00000004   Code   RO          322    .ARM.Collect$$rtentry$$0000000A  c_w.l(__rtentry2.o)
    0x08000202   0x08000202   0x00000000   Code   RO          324    .ARM.Collect$$rtentry$$0000000C  c_w.l(__rtentry2.o)
    0x08000202   0x08000202   0x00000008   Code   RO          325    .ARM.Collect$$rtentry$$0000000D  c_w.l(__rtentry2.o)
    0x0800020a   0x0800020a   0x00000002   Code   RO          409    .ARM.Collect$$rtexit$$00000000  c_w.l(rtexit.o)
    0x0800020c   0x0800020c   0x00000000   Code   RO          466    .ARM.Collect$$rtexit$$00000002  c_w.l(rtexit2.o)
    0x0800020c   0x0800020c   0x00000004   Code   RO          467    .ARM.Collect$$rtexit$$00000003  c_w.l(rtexit2.o)
    0x08000210   0x08000210   0x00000006   Code   RO          468    .ARM.Collect$$rtexit$$00000004  c_w.l(rtexit2.o)
    0x08000216   0x08000216   0x00000002   PAD
    0x08000218   0x08000218   0x00000040   Code   RO          150  * .text               startup_stm32f10x_md.o
    0x08000258   0x08000258   0x0000002c   Code   RO          175    .text               c_w.l(sprintf.o)
    0x08000284   0x08000284   0x0000003e   Code   RO          177    .text               c_w.l(strlen.o)
    0x080002c2   0x080002c2   0x00000006   Code   RO          179    .text               c_w.l(heapauxi.o)
    0x080002c8   0x080002c8   0x0000004e   Code   RO          212    .text               c_w.l(_printf_pad.o)
    0x08000316   0x08000316   0x00000024   Code   RO          214    .text               c_w.l(_printf_truncate.o)
    0x0800033a   0x0800033a   0x00000052   Code   RO          216    .text               c_w.l(_printf_str.o)
    0x0800038c   0x0800038c   0x00000078   Code   RO          218    .text               c_w.l(_printf_dec.o)
    0x08000404   0x08000404   0x00000028   Code   RO          220    .text               c_w.l(_printf_charcount.o)
    0x0800042c   0x0800042c   0x00000030   Code   RO          222    .text               c_w.l(_printf_char_common.o)
    0x0800045c   0x0800045c   0x0000000a   Code   RO          224    .text               c_w.l(_sputc.o)
    0x08000466   0x08000466   0x00000002   PAD
    0x08000468   0x08000468   0x000000bc   Code   RO          226    .text               c_w.l(_printf_wctomb.o)
    0x08000524   0x08000524   0x0000007c   Code   RO          229    .text               c_w.l(_printf_longlong_dec.o)
    0x080005a0   0x080005a0   0x00000070   Code   RO          235    .text               c_w.l(_printf_oct_int_ll.o)
    0x08000610   0x08000610   0x00000094   Code   RO          255    .text               c_w.l(_printf_hex_int_ll_ptr.o)
    0x080006a4   0x080006a4   0x00000188   Code   RO          275    .text               c_w.l(__printf_flags_ss_wp.o)
    0x0800082c   0x0800082c   0x0000008a   Code   RO          333    .text               c_w.l(lludiv10.o)
    0x080008b6   0x080008b6   0x000000b2   Code   RO          335    .text               c_w.l(_printf_intcommon.o)
    0x08000968   0x08000968   0x0000041c   Code   RO          337    .text               c_w.l(_printf_fp_dec.o)
    0x08000d84   0x08000d84   0x000002fc   Code   RO          341    .text               c_w.l(_printf_fp_hex.o)
    0x08001080   0x08001080   0x0000002c   Code   RO          346    .text               c_w.l(_printf_char.o)
    0x080010ac   0x080010ac   0x0000002c   Code   RO          348    .text               c_w.l(_printf_wchar.o)
    0x080010d8   0x080010d8   0x00000048   Code   RO          351    .text               c_w.l(_c16rtomb.o)
    0x08001120   0x08001120   0x0000004a   Code   RO          353    .text               c_w.l(sys_stackheap_outer.o)
    0x0800116a   0x0800116a   0x00000002   PAD
    0x0800116c   0x0800116c   0x00000010   Code   RO          355    .text               c_w.l(rt_ctype_table.o)
    0x0800117c   0x0800117c   0x00000008   Code   RO          360    .text               c_w.l(rt_locale_intlibspace.o)
    0x08001184   0x08001184   0x00000080   Code   RO          362    .text               c_w.l(_printf_fp_infnan.o)
    0x08001204   0x08001204   0x000000e4   Code   RO          364    .text               c_w.l(bigflt0.o)
    0x080012e8   0x080012e8   0x00000012   Code   RO          394    .text               c_w.l(exit.o)
    0x080012fa   0x080012fa   0x00000002   PAD
    0x080012fc   0x080012fc   0x00000008   Code   RO          406    .text               c_w.l(libspace.o)
    0x08001304   0x08001304   0x00000080   Code   RO          416    .text               c_w.l(strcmpv7m.o)
    0x08001384   0x08001384   0x0000000c   Code   RO          478    .text               c_w.l(sys_exit.o)
    0x08001390   0x08001390   0x00000002   Code   RO          493    .text               c_w.l(use_no_semi.o)
    0x08001392   0x08001392   0x00000000   Code   RO          495    .text               c_w.l(indicate_semi.o)
    0x08001392   0x08001392   0x00000002   PAD
    0x08001394   0x08001394   0x00000008   Code   RO          159    .text.SetSysClock   system_stm32f10x.o
    0x0800139c   0x0800139c   0x00000122   Code   RO          163    .text.SetSysClockTo72  system_stm32f10x.o
    0x080014be   0x080014be   0x00000002   PAD
    0x080014c0   0x080014c0   0x00000066   Code   RO          157    .text.SystemInit    system_stm32f10x.o
    0x08001526   0x08001526   0x00000002   PAD
    0x08001528   0x08001528   0x00000038   Code   RO           14    .text.adc_Read      adc.o
    0x08001560   0x08001560   0x00000108   Code   RO           94    .text.clockInit     util.o
    0x08001668   0x08001668   0x00000054   Code   RO          126    .text.commandToLCD  lcd.o
    0x080016bc   0x080016bc   0x00000056   Code   RO          130    .text.dataToLCD     lcd.o
    0x08001712   0x08001712   0x00000002   PAD
    0x08001714   0x08001714   0x00000016   Code   RO           92    .text.delay         util.o
    0x0800172a   0x0800172a   0x00000002   PAD
    0x0800172c   0x0800172c   0x0000002a   Code   RO          109    .text.initIRSensorpins  irsensor.o
    0x08001756   0x08001756   0x00000002   PAD
    0x08001758   0x08001758   0x0000002a   Code   RO          113    .text.initSolenoidPins  irsensor.o
    0x08001782   0x08001782   0x00000002   PAD
    0x08001784   0x08001784   0x00000038   Code   RO           12    .text.initializeADC  adc.o
    0x080017bc   0x080017bc   0x0000000c   Code   RO          128    .text.initializeLCD  lcd.o
    0x080017c8   0x080017c8   0x00000022   Code   RO          134    .text.intToLCD      lcd.o
    0x080017ea   0x080017ea   0x00000002   PAD
    0x080017ec   0x080017ec   0x0000004a   Code   RO          122    .text.lcdGpioSetup  lcd.o
    0x08001836   0x08001836   0x00000002   PAD
    0x08001838   0x08001838   0x00000048   Code   RO          124    .text.lcdSetup      lcd.o
    0x08001880   0x08001880   0x0000011a   Code   RO            2    .text.main          main.o
    0x0800199a   0x0800199a   0x00000002   PAD
    0x0800199c   0x0800199c   0x0000002c   Code   RO          111    .text.read_sensor_data  irsensor.o
    0x080019c8   0x080019c8   0x00000046   Code   RO          132    .text.stringToLCD   lcd.o
    0x08001a0e   0x08001a0e   0x00000002   PAD
    0x08001a10   0x08001a10   0x00000028   Code   RO           55    .text.sysTickInit   interrupt.o
    0x08001a38   0x08001a38   0x0000003e   Code   RO          367    CL$$btod_d2e        c_w.l(btod.o)
    0x08001a76   0x08001a76   0x00000046   Code   RO          369    CL$$btod_d2e_denorm_low  c_w.l(btod.o)
    0x08001abc   0x08001abc   0x00000060   Code   RO          368    CL$$btod_d2e_norm_op1  c_w.l(btod.o)
    0x08001b1c   0x08001b1c   0x00000338   Code   RO          377    CL$$btod_div_common  c_w.l(btod.o)
    0x08001e54   0x08001e54   0x000000dc   Code   RO          374    CL$$btod_e2e        c_w.l(btod.o)
    0x08001f30   0x08001f30   0x0000002a   Code   RO          371    CL$$btod_ediv       c_w.l(btod.o)
    0x08001f5a   0x08001f5a   0x0000002a   Code   RO          370    CL$$btod_emul       c_w.l(btod.o)
    0x08001f84   0x08001f84   0x00000244   Code   RO          376    CL$$btod_mult_common  c_w.l(btod.o)
    0x080021c8   0x080021c8   0x00000028   Code   RO          404    i.__ARM_fpclassify  m_ws.l(fpclassify.o)
    0x080021f0   0x080021f0   0x0000000e   Code   RO          268    i._is_digit         c_w.l(__printf_wp.o)
    0x080021fe   0x080021fe   0x00000002   PAD
    0x08002200   0x08002200   0x0000002c   Code   RO          392    locale$$code        c_w.l(lc_numeric_c.o)
    0x0800222c   0x0800222c   0x0000002c   Code   RO          414    locale$$code        c_w.l(lc_ctype_c.o)
    0x08002258   0x08002258   0x00000062   Code   RO          183    x$fpl$d2f           fz_ws.l(d2f.o)
    0x080022ba   0x080022ba   0x00000002   PAD
    0x080022bc   0x080022bc   0x000002b4   Code   RO          186    x$fpl$ddiv          fz_ws.l(ddiv.o)
    0x08002570   0x08002570   0x0000009c   Code   RO          301    x$fpl$dnaninf       fz_ws.l(dnaninf.o)
    0x0800260c   0x0800260c   0x0000000c   Code   RO          303    x$fpl$dretinf       fz_ws.l(dretinf.o)
    0x08002618   0x08002618   0x00000056   Code   RO          189    x$fpl$f2d           fz_ws.l(f2d.o)
    0x0800266e   0x0800266e   0x00000002   PAD
    0x08002670   0x08002670   0x000000c4   Code   RO          191    x$fpl$fadd          fz_ws.l(faddsub_clz.o)
    0x08002734   0x08002734   0x00000036   Code   RO          197    x$fpl$ffix          fz_ws.l(ffix.o)
    0x0800276a   0x0800276a   0x00000002   PAD
    0x0800276c   0x0800276c   0x00000030   Code   RO          202    x$fpl$fflt          fz_ws.l(fflt_clz.o)
    0x0800279c   0x0800279c   0x00000102   Code   RO          207    x$fpl$fmul          fz_ws.l(fmul.o)
    0x0800289e   0x0800289e   0x0000008c   Code   RO          305    x$fpl$fnaninf       fz_ws.l(fnaninf.o)
    0x0800292a   0x0800292a   0x0000000a   Code   RO          307    x$fpl$fretinf       fz_ws.l(fretinf.o)
    0x08002934   0x08002934   0x000000ea   Code   RO          193    x$fpl$fsub          fz_ws.l(faddsub_clz.o)
    0x08002a1e   0x08002a1e   0x00000004   Code   RO          309    x$fpl$printf1       fz_ws.l(printf1.o)
    0x08002a22   0x08002a22   0x00000004   Code   RO          311    x$fpl$printf2       fz_ws.l(printf2.o)
    0x08002a26   0x08002a26   0x00000000   Code   RO          317    x$fpl$usenofp       fz_ws.l(usenofp.o)
    0x08002a26   0x08002a26   0x00000002   PAD
    0x08002a28   0x08002a28   0x00000008   Data   RO          227    .constdata          c_w.l(_printf_wctomb.o)
    0x08002a30   0x08002a30   0x00000028   Data   RO          256    .constdata          c_w.l(_printf_hex_int_ll_ptr.o)
    0x08002a58   0x08002a58   0x00000011   Data   RO          276    .constdata          c_w.l(__printf_flags_ss_wp.o)
    0x08002a69   0x08002a69   0x00000026   Data   RO          342    .constdata          c_w.l(_printf_fp_hex.o)
    0x08002a8f   0x08002a8f   0x00000001   PAD
    0x08002a90   0x08002a90   0x00000094   Data   RO          365    .constdata          c_w.l(bigflt0.o)
    0x08002b24   0x08002b24   0x0000002c   Data   RO            4    .rodata.str1.1      main.o
    0x08002b50   0x08002b50   0x00000003   Data   RO          140    .rodata.str1.1      lcd.o
    0x08002b53   0x08002b53   0x00000001   PAD
    0x08002b54   0x08002b54   0x00000010   Data   RO          551    Region$$Table       anon$$obj.o
    0x08002b64   0x08002b64   0x0000001c   Data   RO          391    locale$$data        c_w.l(lc_numeric_c.o)
    0x08002b80   0x08002b80   0x00000110   Data   RO          413    locale$$data        c_w.l(lc_ctype_c.o)


    Execution Region ER_RW (Exec base: 0x20000000, Load base: 0x08002c90, Size: 0x00000000, Max: 0xffffffff, ABSOLUTE)

    **** No section assigned to this execution region ****


    Execution Region ER_ZI (Exec base: 0x20000000, Load base: 0x08002c90, Size: 0x00000660, Max: 0xffffffff, ABSOLUTE)

    Exec Addr    Load Addr    Size         Type   Attr      Idx    E Section Name        Object

    0x20000000        -       0x00000060   Zero   RW          407    .bss                c_w.l(libspace.o)
    0x20000060        -       0x00000200   Zero   RW          148    HEAP                startup_stm32f10x_md.o
    0x20000260        -       0x00000400   Zero   RW          147    STACK               startup_stm32f10x_md.o


==============================================================================

Image component sizes


      Code (inc. data)   RO Data    RW Data    ZI Data      Debug   Object Name

       112          0          0          0          0       1600   adc.o
        40          0          0          0          0       1204   interrupt.o
       128          0          0          0          0       1344   irsensor.o
       432          0          3          0          0       2248   lcd.o
       282          0         44          0          0       1322   main.o
        64         26        236          0       1536        872   startup_stm32f10x_md.o
       400          0          0          0          0       2897   system_stm32f10x.o
       286          0          0          0          0       1641   util.o

    ----------------------------------------------------------------------
      1764         26        300          0       1536      13128   Object Totals
         0          0         16          0          0          0   (incl. Generated)
        20          0          1          0          0          0   (incl. Padding)

    ----------------------------------------------------------------------

      Code (inc. data)   RO Data    RW Data    ZI Data      Debug   Library Member Name

         8          0          0          0          0         68   __main.o
       392          4         17          0          0         92   __printf_flags_ss_wp.o
        14          0          0          0          0         68   __printf_wp.o
         0          0          0          0          0          0   __rtentry.o
        12          0          0          0          0          0   __rtentry2.o
         6          0          0          0          0          0   __rtentry4.o
        52          8          0          0          0          0   __scatter.o
        28          0          0          0          0          0   __scatter_zi.o
        72          0          0          0          0         96   _c16rtomb.o
         6          0          0          0          0          0   _printf_a.o
         6          0          0          0          0          0   _printf_c.o
        44          0          0          0          0        108   _printf_char.o
        48          6          0          0          0         96   _printf_char_common.o
        40          0          0          0          0         68   _printf_charcount.o
         6          0          0          0          0          0   _printf_d.o
       120         16          0          0          0         92   _printf_dec.o
         6          0          0          0          0          0   _printf_e.o
         6          0          0          0          0          0   _printf_f.o
      1052          0          0          0          0        148   _printf_fp_dec.o
       764          8         38          0          0        100   _printf_fp_hex.o
       128         16          0          0          0         84   _printf_fp_infnan.o
         6          0          0          0          0          0   _printf_g.o
       148          4         40          0          0        160   _printf_hex_int_ll_ptr.o
         6          0          0          0          0          0   _printf_i.o
       178          0          0          0          0         88   _printf_intcommon.o
        10          0          0          0          0          0   _printf_l.o
         6          0          0          0          0          0   _printf_lc.o
        10          0          0          0          0          0   _printf_ll.o
         6          0          0          0          0          0   _printf_lld.o
         6          0          0          0          0          0   _printf_lli.o
         6          0          0          0          0          0   _printf_llo.o
         6          0          0          0          0          0   _printf_llu.o
         6          0          0          0          0          0   _printf_llx.o
       124         16          0          0          0         92   _printf_longlong_dec.o
         6          0          0          0          0          0   _printf_ls.o
         6          0          0          0          0          0   _printf_n.o
         6          0          0          0          0          0   _printf_o.o
       112          8          0          0          0        124   _printf_oct_int_ll.o
         6          0          0          0          0          0   _printf_p.o
        78          0          0          0          0        108   _printf_pad.o
         0          0          0          0          0          0   _printf_percent.o
         4          0          0          0          0          0   _printf_percent_end.o
         6          0          0          0          0          0   _printf_s.o
        82          0          0          0          0         80   _printf_str.o
        36          0          0          0          0         84   _printf_truncate.o
         6          0          0          0          0          0   _printf_u.o
        44          0          0          0          0        108   _printf_wchar.o
       188          6          8          0          0         92   _printf_wctomb.o
         6          0          0          0          0          0   _printf_x.o
        10          0          0          0          0         68   _sputc.o
       228          4        148          0          0         96   bigflt0.o
      1936        128          0          0          0        668   btod.o
        18          0          0          0          0         80   exit.o
         6          0          0          0          0        152   heapauxi.o
         0          0          0          0          0          0   indicate_semi.o
        44         10        272          0          0         76   lc_ctype_c.o
        44         10         28          0          0         76   lc_numeric_c.o
         2          0          0          0          0          0   libinit.o
        30          0          0          0          0          0   libinit2.o
         2          0          0          0          0          0   libshutdown.o
         2          0          0          0          0          0   libshutdown2.o
         8          4          0          0         96         68   libspace.o
       138          0          0          0          0         80   lludiv10.o
        16          4          0          0          0         76   rt_ctype_table.o
         8          4          0          0          0         68   rt_locale_intlibspace.o
         2          0          0          0          0          0   rtexit.o
        10          0          0          0          0          0   rtexit2.o
        44          6          0          0          0         84   sprintf.o
       128          0          0          0          0         68   strcmpv7m.o
        62          0          0          0          0         76   strlen.o
        12          4          0          0          0         68   sys_exit.o
        74          0          0          0          0         80   sys_stackheap_outer.o
         2          0          0          0          0         68   use_no_semi.o
        98          4          0          0          0         92   d2f.o
       692        140          0          0          0        216   ddiv.o
       156          4          0          0          0         92   dnaninf.o
        12          0          0          0          0         68   dretinf.o
        86          4          0          0          0         84   f2d.o
       430          8          0          0          0        168   faddsub_clz.o
        54          4          0          0          0         84   ffix.o
        48          0          0          0          0         68   fflt_clz.o
       258          4          0          0          0         84   fmul.o
       140          4          0          0          0         84   fnaninf.o
        10          0          0          0          0         68   fretinf.o
         4          0          0          0          0         68   printf1.o
         4          0          0          0          0         68   printf2.o
         0          0          0          0          0          0   usenofp.o
        40          0          0          0          0         68   fpclassify.o

    ----------------------------------------------------------------------
      8792        438        552          0         96       5220   Library Totals
        20          0          1          0          0          0   (incl. Padding)

    ----------------------------------------------------------------------

      Code (inc. data)   RO Data    RW Data    ZI Data      Debug   Library Name

      6740        266        551          0         96       3908   c_w.l
      1992        172          0          0          0       1244   fz_ws.l
        40          0          0          0          0         68   m_ws.l

    ----------------------------------------------------------------------
      8792        438        552          0         96       5220   Library Totals

    ----------------------------------------------------------------------

==============================================================================


      Code (inc. data)   RO Data    RW Data    ZI Data      Debug   

     10556        464        852          0       1632      15348   Grand Totals
     10556        464        852          0       1632      15348   ELF Image Totals
     10556        464        852          0          0          0   ROM Totals

==============================================================================

    Total RO  Size (Code + RO Data)                11408 (  11.14kB)
    Total RW  Size (RW Data + ZI Data)              1632 (   1.59kB)
    Total ROM Size (Code + RO Data + RW Data)      11408 (  11.14kB)

==============================================================================

